[0.100s] DEBUG:colcon:Command line arguments: ['/bin/colcon', 'build', '--symlink-install']
[0.101s] DEBUG:colcon:Parsed command line arguments: Namespace(log_base=None, log_level=None, verb_name='build', build_base='build', install_base='install', merge_install=False, symlink_install=True, test_result_base=None, continue_on_error=False, executor='parallel', parallel_workers=128, event_handlers=None, ignore_user_meta=False, metas=['./colcon.meta'], base_paths=['.'], packages_ignore=None, packages_ignore_regex=None, paths=None, packages_up_to=None, packages_up_to_regex=None, packages_above=None, packages_above_and_dependencies=None, packages_above_depth=None, packages_select_by_dep=None, packages_skip_by_dep=None, packages_skip_up_to=None, packages_select_build_failed=False, packages_skip_build_finished=False, packages_select_test_failures=False, packages_skip_test_passed=False, packages_select=None, packages_skip=None, packages_select_regex=None, packages_skip_regex=None, packages_start=None, packages_end=None, allow_overriding=[], cmake_args=None, cmake_target=None, cmake_target_skip_unavailable=False, cmake_clean_cache=False, cmake_clean_first=False, cmake_force_configure=False, ament_cmake_args=None, catkin_cmake_args=None, catkin_skip_building_tests=False, verb_parser=<colcon_defaults.argument_parser.defaults.DefaultArgumentsDecorator object at 0x7f2d562c01f0>, verb_extension=<colcon_core.verb.build.BuildVerb object at 0x7f2d5627bcd0>, main=<bound method BuildVerb.main of <colcon_core.verb.build.BuildVerb object at 0x7f2d5627bcd0>>)
[0.324s] Level 1:colcon.colcon_core.package_discovery:discover_packages(colcon_meta) check parameters
[0.324s] Level 1:colcon.colcon_core.package_discovery:discover_packages(recursive) check parameters
[0.324s] Level 1:colcon.colcon_core.package_discovery:discover_packages(ignore) check parameters
[0.324s] Level 1:colcon.colcon_core.package_discovery:discover_packages(path) check parameters
[0.324s] Level 1:colcon.colcon_core.package_discovery:discover_packages(colcon_meta) discover
[0.324s] Level 1:colcon.colcon_core.package_discovery:discover_packages(recursive) discover
[0.324s] INFO:colcon.colcon_core.package_discovery:Crawling recursively for packages in '/home/shay/a/ho225/ece569-fall2026/Lab2/ws2/src'
[0.324s] Level 1:colcon.colcon_core.package_identification:_identify(.) by extensions ['ignore', 'ignore_ament_install']
[0.324s] Level 1:colcon.colcon_core.package_identification:_identify(.) by extension 'ignore'
[0.325s] Level 1:colcon.colcon_core.package_identification:_identify(.) by extension 'ignore_ament_install'
[0.325s] Level 1:colcon.colcon_core.package_identification:_identify(.) by extensions ['colcon_pkg']
[0.325s] Level 1:colcon.colcon_core.package_identification:_identify(.) by extension 'colcon_pkg'
[0.325s] Level 1:colcon.colcon_core.package_identification:_identify(.) by extensions ['colcon_meta']
[0.325s] Level 1:colcon.colcon_core.package_identification:_identify(.) by extension 'colcon_meta'
[0.325s] Level 1:colcon.colcon_core.package_identification:_identify(.) by extensions ['ros']
[0.325s] Level 1:colcon.colcon_core.package_identification:_identify(.) by extension 'ros'
[0.342s] Level 1:colcon.colcon_core.package_identification:_identify(.) by extensions ['cmake', 'python']
[0.342s] Level 1:colcon.colcon_core.package_identification:_identify(.) by extension 'cmake'
[0.342s] Level 1:colcon.colcon_core.package_identification:_identify(.) by extension 'python'
[0.342s] Level 1:colcon.colcon_core.package_identification:_identify(.) by extensions ['python_setup_py']
[0.342s] Level 1:colcon.colcon_core.package_identification:_identify(.) by extension 'python_setup_py'
[0.342s] Level 1:colcon.colcon_core.package_identification:_identify(build) by extensions ['ignore', 'ignore_ament_install']
[0.342s] Level 1:colcon.colcon_core.package_identification:_identify(build) by extension 'ignore'
[0.342s] Level 1:colcon.colcon_core.package_identification:_identify(build) ignored
[0.343s] Level 1:colcon.colcon_core.package_identification:_identify(install) by extensions ['ignore', 'ignore_ament_install']
[0.343s] Level 1:colcon.colcon_core.package_identification:_identify(install) by extension 'ignore'
[0.343s] Level 1:colcon.colcon_core.package_identification:_identify(install) ignored
[0.343s] Level 1:colcon.colcon_core.package_identification:_identify(log) by extensions ['ignore', 'ignore_ament_install']
[0.343s] Level 1:colcon.colcon_core.package_identification:_identify(log) by extension 'ignore'
[0.343s] Level 1:colcon.colcon_core.package_identification:_identify(log) ignored
[0.344s] Level 1:colcon.colcon_core.package_identification:_identify(rrbot_description) by extensions ['ignore', 'ignore_ament_install']
[0.344s] Level 1:colcon.colcon_core.package_identification:_identify(rrbot_description) by extension 'ignore'
[0.344s] Level 1:colcon.colcon_core.package_identification:_identify(rrbot_description) by extension 'ignore_ament_install'
[0.344s] Level 1:colcon.colcon_core.package_identification:_identify(rrbot_description) by extensions ['colcon_pkg']
[0.344s] Level 1:colcon.colcon_core.package_identification:_identify(rrbot_description) by extension 'colcon_pkg'
[0.344s] Level 1:colcon.colcon_core.package_identification:_identify(rrbot_description) by extensions ['colcon_meta']
[0.344s] Level 1:colcon.colcon_core.package_identification:_identify(rrbot_description) by extension 'colcon_meta'
[0.344s] Level 1:colcon.colcon_core.package_identification:_identify(rrbot_description) by extensions ['ros']
[0.344s] Level 1:colcon.colcon_core.package_identification:_identify(rrbot_description) by extension 'ros'
[0.346s] DEBUG:colcon.colcon_core.package_identification:Package 'rrbot_description' with type 'ros.ament_python' and name 'rrbot_description'
[0.346s] Level 1:colcon.colcon_core.package_identification:_identify(table_description) by extensions ['ignore', 'ignore_ament_install']
[0.346s] Level 1:colcon.colcon_core.package_identification:_identify(table_description) by extension 'ignore'
[0.346s] Level 1:colcon.colcon_core.package_identification:_identify(table_description) by extension 'ignore_ament_install'
[0.347s] Level 1:colcon.colcon_core.package_identification:_identify(table_description) by extensions ['colcon_pkg']
[0.347s] Level 1:colcon.colcon_core.package_identification:_identify(table_description) by extension 'colcon_pkg'
[0.347s] Level 1:colcon.colcon_core.package_identification:_identify(table_description) by extensions ['colcon_meta']
[0.347s] Level 1:colcon.colcon_core.package_identification:_identify(table_description) by extension 'colcon_meta'
[0.347s] Level 1:colcon.colcon_core.package_identification:_identify(table_description) by extensions ['ros']
[0.347s] Level 1:colcon.colcon_core.package_identification:_identify(table_description) by extension 'ros'
[0.347s] DEBUG:colcon.colcon_core.package_identification:Package 'table_description' with type 'ros.ament_python' and name 'table_description'
[0.347s] Level 1:colcon.colcon_core.package_discovery:discover_packages(recursive) using defaults
[0.347s] Level 1:colcon.colcon_core.package_discovery:discover_packages(ignore) discover
[0.347s] Level 1:colcon.colcon_core.package_discovery:discover_packages(ignore) using defaults
[0.347s] Level 1:colcon.colcon_core.package_discovery:discover_packages(path) discover
[0.347s] Level 1:colcon.colcon_core.package_discovery:discover_packages(path) using defaults
[0.366s] Level 1:colcon.colcon_core.package_discovery:discover_packages(prefix_path) check parameters
[0.366s] Level 1:colcon.colcon_core.package_discovery:discover_packages(prefix_path) discover
[0.369s] DEBUG:colcon.colcon_installed_package_information.package_discovery:Found 2 installed packages in /home/shay/a/ho225/ece569-fall2026/Lab2/ws2/src/install
[0.371s] DEBUG:colcon.colcon_installed_package_information.package_discovery:Found 364 installed packages in /opt/ros/humble
[0.372s] Level 1:colcon.colcon_core.package_discovery:discover_packages(prefix_path) using defaults
[0.415s] Level 5:colcon.colcon_core.verb:set package 'rrbot_description' build argument 'cmake_args' from command line to 'None'
[0.415s] Level 5:colcon.colcon_core.verb:set package 'rrbot_description' build argument 'cmake_target' from command line to 'None'
[0.415s] Level 5:colcon.colcon_core.verb:set package 'rrbot_description' build argument 'cmake_target_skip_unavailable' from command line to 'False'
[0.416s] Level 5:colcon.colcon_core.verb:set package 'rrbot_description' build argument 'cmake_clean_cache' from command line to 'False'
[0.416s] Level 5:colcon.colcon_core.verb:set package 'rrbot_description' build argument 'cmake_clean_first' from command line to 'False'
[0.416s] Level 5:colcon.colcon_core.verb:set package 'rrbot_description' build argument 'cmake_force_configure' from command line to 'False'
[0.416s] Level 5:colcon.colcon_core.verb:set package 'rrbot_description' build argument 'ament_cmake_args' from command line to 'None'
[0.416s] Level 5:colcon.colcon_core.verb:set package 'rrbot_description' build argument 'catkin_cmake_args' from command line to 'None'
[0.416s] Level 5:colcon.colcon_core.verb:set package 'rrbot_description' build argument 'catkin_skip_building_tests' from command line to 'False'
[0.416s] DEBUG:colcon.colcon_core.verb:Building package 'rrbot_description' with the following arguments: {'ament_cmake_args': None, 'build_base': '/home/shay/a/ho225/ece569-fall2026/Lab2/ws2/src/build/rrbot_description', 'catkin_cmake_args': None, 'catkin_skip_building_tests': False, 'cmake_args': None, 'cmake_clean_cache': False, 'cmake_clean_first': False, 'cmake_force_configure': False, 'cmake_target': None, 'cmake_target_skip_unavailable': False, 'install_base': '/home/shay/a/ho225/ece569-fall2026/Lab2/ws2/src/install/rrbot_description', 'merge_install': False, 'path': '/home/shay/a/ho225/ece569-fall2026/Lab2/ws2/src/rrbot_description', 'symlink_install': True, 'test_result_base': None}
[0.416s] Level 5:colcon.colcon_core.verb:set package 'table_description' build argument 'cmake_args' from command line to 'None'
[0.416s] Level 5:colcon.colcon_core.verb:set package 'table_description' build argument 'cmake_target' from command line to 'None'
[0.416s] Level 5:colcon.colcon_core.verb:set package 'table_description' build argument 'cmake_target_skip_unavailable' from command line to 'False'
[0.416s] Level 5:colcon.colcon_core.verb:set package 'table_description' build argument 'cmake_clean_cache' from command line to 'False'
[0.416s] Level 5:colcon.colcon_core.verb:set package 'table_description' build argument 'cmake_clean_first' from command line to 'False'
[0.416s] Level 5:colcon.colcon_core.verb:set package 'table_description' build argument 'cmake_force_configure' from command line to 'False'
[0.416s] Level 5:colcon.colcon_core.verb:set package 'table_description' build argument 'ament_cmake_args' from command line to 'None'
[0.416s] Level 5:colcon.colcon_core.verb:set package 'table_description' build argument 'catkin_cmake_args' from command line to 'None'
[0.416s] Level 5:colcon.colcon_core.verb:set package 'table_description' build argument 'catkin_skip_building_tests' from command line to 'False'
[0.416s] DEBUG:colcon.colcon_core.verb:Building package 'table_description' with the following arguments: {'ament_cmake_args': None, 'build_base': '/home/shay/a/ho225/ece569-fall2026/Lab2/ws2/src/build/table_description', 'catkin_cmake_args': None, 'catkin_skip_building_tests': False, 'cmake_args': None, 'cmake_clean_cache': False, 'cmake_clean_first': False, 'cmake_force_configure': False, 'cmake_target': None, 'cmake_target_skip_unavailable': False, 'install_base': '/home/shay/a/ho225/ece569-fall2026/Lab2/ws2/src/install/table_description', 'merge_install': False, 'path': '/home/shay/a/ho225/ece569-fall2026/Lab2/ws2/src/table_description', 'symlink_install': True, 'test_result_base': None}
[0.416s] INFO:colcon.colcon_core.executor:Executing jobs using 'parallel' executor
[0.417s] DEBUG:colcon.colcon_parallel_executor.executor.parallel:run_until_complete
[0.417s] INFO:colcon.colcon_ros.task.ament_python.build:Building ROS package in '/home/shay/a/ho225/ece569-fall2026/Lab2/ws2/src/rrbot_description' with build type 'ament_python'
[0.418s] Level 1:colcon.colcon_core.shell:create_environment_hook('rrbot_description', 'ament_prefix_path')
[0.420s] INFO:colcon.colcon_core.plugin_system:Skipping extension 'colcon_core.shell.bat': Not used on non-Windows systems
[0.420s] INFO:colcon.colcon_core.shell:Creating environment hook '/home/shay/a/ho225/ece569-fall2026/Lab2/ws2/src/install/rrbot_description/share/rrbot_description/hook/ament_prefix_path.ps1'
[0.421s] INFO:colcon.colcon_core.shell:Creating environment descriptor '/home/shay/a/ho225/ece569-fall2026/Lab2/ws2/src/install/rrbot_description/share/rrbot_description/hook/ament_prefix_path.dsv'
[0.422s] INFO:colcon.colcon_core.shell:Creating environment hook '/home/shay/a/ho225/ece569-fall2026/Lab2/ws2/src/install/rrbot_description/share/rrbot_description/hook/ament_prefix_path.sh'
[0.423s] INFO:colcon.colcon_core.shell:Skip shell extension 'powershell' for command environment: Not usable outside of PowerShell
[0.423s] DEBUG:colcon.colcon_core.shell:Skip shell extension 'dsv' for command environment
[0.429s] INFO:colcon.colcon_ros.task.ament_python.build:Building ROS package in '/home/shay/a/ho225/ece569-fall2026/Lab2/ws2/src/table_description' with build type 'ament_python'
[0.429s] Level 1:colcon.colcon_core.shell:create_environment_hook('table_description', 'ament_prefix_path')
[0.429s] INFO:colcon.colcon_core.shell:Creating environment hook '/home/shay/a/ho225/ece569-fall2026/Lab2/ws2/src/install/table_description/share/table_description/hook/ament_prefix_path.ps1'
[0.430s] INFO:colcon.colcon_core.shell:Creating environment descriptor '/home/shay/a/ho225/ece569-fall2026/Lab2/ws2/src/install/table_description/share/table_description/hook/ament_prefix_path.dsv'
[0.431s] INFO:colcon.colcon_core.shell:Creating environment hook '/home/shay/a/ho225/ece569-fall2026/Lab2/ws2/src/install/table_description/share/table_description/hook/ament_prefix_path.sh'
[0.432s] INFO:colcon.colcon_core.shell:Skip shell extension 'powershell' for command environment: Not usable outside of PowerShell
[0.432s] DEBUG:colcon.colcon_core.shell:Skip shell extension 'dsv' for command environment
[0.739s] INFO:colcon.colcon_core.task.python.build:Building Python package in '/home/shay/a/ho225/ece569-fall2026/Lab2/ws2/src/rrbot_description'
[0.739s] INFO:colcon.colcon_core.shell:Skip shell extension 'powershell' for command environment: Not usable outside of PowerShell
[0.739s] DEBUG:colcon.colcon_core.shell:Skip shell extension 'dsv' for command environment
[1.038s] INFO:colcon.colcon_core.task.python.build:Building Python package in '/home/shay/a/ho225/ece569-fall2026/Lab2/ws2/src/table_description'
[1.039s] INFO:colcon.colcon_core.shell:Skip shell extension 'powershell' for command environment: Not usable outside of PowerShell
[1.039s] DEBUG:colcon.colcon_core.shell:Skip shell extension 'dsv' for command environment
[1.499s] DEBUG:colcon.colcon_core.task.python.build:Available setuptools commands: install_headers, develop, build, easy_install, install_lib, check, dist_info, init_catalog, bdist_wheel, alias, sdist, bdist_egg, egg_info, upload_docs, compile_catalog, build_ext, extract_messages, build_scripts, isort, install_data, test, clean, upload, build_clib, register, setopt, bdist_rpm, install, update_catalog, install_scripts, build_py, bdist, bdist_dumb, symlink_data, install_egg_info, saveopts, build_sphinx, rotate
[1.505s] DEBUG:colcon.colcon_core.task.python.build:Available setuptools commands: install_headers, develop, build, easy_install, install_lib, check, dist_info, init_catalog, bdist_wheel, alias, sdist, bdist_egg, egg_info, upload_docs, compile_catalog, build_ext, extract_messages, build_scripts, isort, install_data, test, clean, upload, build_clib, register, setopt, bdist_rpm, install, update_catalog, install_scripts, build_py, bdist, bdist_dumb, symlink_data, install_egg_info, saveopts, build_sphinx, rotate
[1.821s] DEBUG:colcon.colcon_core.task.python.build:Available setuptools 'develop' options: --multi-version, --zip-ok, --find-links, --allow-hosts, --build-directory, --always-copy, --script-dir, --no-deps, --exclude-scripts, --version, --install-dir, --no-find-links, --verbose, --no-user-cfg, --uninstall, --install-layout, --prefix, --site-dirs, --force-installation-into-system-dir, --help, --local-snapshots-ok, --editable, --dry-run, --always-unzip, --user, --record, --optimize, --index-url, --quiet, --egg-path, --upgrade
[1.829s] DEBUG:colcon.colcon_core.event_handler.log_command:Invoking command in '/home/shay/a/ho225/ece569-fall2026/Lab2/ws2/src/build/rrbot_description': PYTHONPATH=/home/shay/a/ho225/ece569-fall2026/Lab2/ws2/src/build/rrbot_description/prefix_override:/usr/lib/python3/dist-packages/colcon_core/task/python/colcon_distutils_commands:/home/shay/a/ho225/ece569-fall2026/Lab2/ws2/src/install/rrbot_description/lib/python3.10/site-packages:${PYTHONPATH} /usr/bin/python3 -W ignore:setup.py install is deprecated -W ignore:easy_install command is deprecated setup.py develop --editable --build-directory /home/shay/a/ho225/ece569-fall2026/Lab2/ws2/src/build/rrbot_description/build --no-deps symlink_data
[1.830s] DEBUG:colcon.colcon_core.task.python.build:Available setuptools 'develop' options: --multi-version, --zip-ok, --find-links, --allow-hosts, --build-directory, --always-copy, --script-dir, --no-deps, --exclude-scripts, --version, --install-dir, --no-find-links, --verbose, --no-user-cfg, --uninstall, --install-layout, --prefix, --site-dirs, --force-installation-into-system-dir, --help, --local-snapshots-ok, --editable, --dry-run, --always-unzip, --user, --record, --optimize, --index-url, --quiet, --egg-path, --upgrade
[1.836s] DEBUG:colcon.colcon_core.event_handler.log_command:Invoking command in '/home/shay/a/ho225/ece569-fall2026/Lab2/ws2/src/build/table_description': PYTHONPATH=/home/shay/a/ho225/ece569-fall2026/Lab2/ws2/src/build/table_description/prefix_override:/usr/lib/python3/dist-packages/colcon_core/task/python/colcon_distutils_commands:/home/shay/a/ho225/ece569-fall2026/Lab2/ws2/src/install/table_description/lib/python3.10/site-packages:${PYTHONPATH} /usr/bin/python3 -W ignore:setup.py install is deprecated -W ignore:easy_install command is deprecated setup.py develop --editable --build-directory /home/shay/a/ho225/ece569-fall2026/Lab2/ws2/src/build/table_description/build --no-deps symlink_data
[2.392s] Level 1:colcon.colcon_core.shell:create_environment_hook('rrbot_description', 'pythonpath_develop')
[2.393s] INFO:colcon.colcon_core.shell:Creating environment hook '/home/shay/a/ho225/ece569-fall2026/Lab2/ws2/src/build/rrbot_description/share/rrbot_description/hook/pythonpath_develop.ps1'
[2.393s] DEBUG:colcon.colcon_core.event_handler.log_command:Invoked command in '/home/shay/a/ho225/ece569-fall2026/Lab2/ws2/src/build/rrbot_description' returned '0': PYTHONPATH=/home/shay/a/ho225/ece569-fall2026/Lab2/ws2/src/build/rrbot_description/prefix_override:/usr/lib/python3/dist-packages/colcon_core/task/python/colcon_distutils_commands:/home/shay/a/ho225/ece569-fall2026/Lab2/ws2/src/install/rrbot_description/lib/python3.10/site-packages:${PYTHONPATH} /usr/bin/python3 -W ignore:setup.py install is deprecated -W ignore:easy_install command is deprecated setup.py develop --editable --build-directory /home/shay/a/ho225/ece569-fall2026/Lab2/ws2/src/build/rrbot_description/build --no-deps symlink_data
[2.394s] INFO:colcon.colcon_core.shell:Creating environment descriptor '/home/shay/a/ho225/ece569-fall2026/Lab2/ws2/src/build/rrbot_description/share/rrbot_description/hook/pythonpath_develop.dsv'
[2.395s] INFO:colcon.colcon_core.shell:Creating environment hook '/home/shay/a/ho225/ece569-fall2026/Lab2/ws2/src/build/rrbot_description/share/rrbot_description/hook/pythonpath_develop.sh'
[2.398s] Level 1:colcon.colcon_core.environment:checking '/home/shay/a/ho225/ece569-fall2026/Lab2/ws2/src/install/rrbot_description' for CMake module files
[2.400s] Level 1:colcon.colcon_core.environment:checking '/home/shay/a/ho225/ece569-fall2026/Lab2/ws2/src/install/rrbot_description' for CMake config files
[2.402s] Level 1:colcon.colcon_core.environment:checking '/home/shay/a/ho225/ece569-fall2026/Lab2/ws2/src/install/rrbot_description/lib'
[2.403s] Level 1:colcon.colcon_core.environment:checking '/home/shay/a/ho225/ece569-fall2026/Lab2/ws2/src/install/rrbot_description/bin'
[2.403s] Level 1:colcon.colcon_core.environment:checking '/home/shay/a/ho225/ece569-fall2026/Lab2/ws2/src/install/rrbot_description/lib/pkgconfig/rrbot_description.pc'
[2.403s] Level 1:colcon.colcon_core.environment:checking '/home/shay/a/ho225/ece569-fall2026/Lab2/ws2/src/install/rrbot_description/lib/python3.10/site-packages'
[2.403s] Level 1:colcon.colcon_core.shell:create_environment_hook('rrbot_description', 'pythonpath')
[2.403s] INFO:colcon.colcon_core.shell:Creating environment hook '/home/shay/a/ho225/ece569-fall2026/Lab2/ws2/src/install/rrbot_description/share/rrbot_description/hook/pythonpath.ps1'
[2.404s] INFO:colcon.colcon_core.shell:Creating environment descriptor '/home/shay/a/ho225/ece569-fall2026/Lab2/ws2/src/install/rrbot_description/share/rrbot_description/hook/pythonpath.dsv'
[2.405s] INFO:colcon.colcon_core.shell:Creating environment hook '/home/shay/a/ho225/ece569-fall2026/Lab2/ws2/src/install/rrbot_description/share/rrbot_description/hook/pythonpath.sh'
[2.406s] Level 1:colcon.colcon_core.environment:checking '/home/shay/a/ho225/ece569-fall2026/Lab2/ws2/src/install/rrbot_description/bin'
[2.406s] Level 1:colcon.colcon_core.environment:create_environment_scripts_only(rrbot_description)
[2.406s] INFO:colcon.colcon_core.shell:Creating package script '/home/shay/a/ho225/ece569-fall2026/Lab2/ws2/src/install/rrbot_description/share/rrbot_description/package.ps1'
[2.408s] INFO:colcon.colcon_core.shell:Creating package descriptor '/home/shay/a/ho225/ece569-fall2026/Lab2/ws2/src/install/rrbot_description/share/rrbot_description/package.dsv'
[2.409s] INFO:colcon.colcon_core.shell:Creating package script '/home/shay/a/ho225/ece569-fall2026/Lab2/ws2/src/install/rrbot_description/share/rrbot_description/package.sh'
[2.410s] INFO:colcon.colcon_core.shell:Creating package script '/home/shay/a/ho225/ece569-fall2026/Lab2/ws2/src/install/rrbot_description/share/rrbot_description/package.bash'
[2.411s] INFO:colcon.colcon_core.shell:Creating package script '/home/shay/a/ho225/ece569-fall2026/Lab2/ws2/src/install/rrbot_description/share/rrbot_description/package.zsh'
[2.412s] Level 1:colcon.colcon_core.environment:create_file_with_runtime_dependencies(/home/shay/a/ho225/ece569-fall2026/Lab2/ws2/src/install/rrbot_description/share/colcon-core/packages/rrbot_description)
[2.414s] Level 1:colcon.colcon_core.shell:create_environment_hook('table_description', 'pythonpath_develop')
[2.414s] INFO:colcon.colcon_core.shell:Creating environment hook '/home/shay/a/ho225/ece569-fall2026/Lab2/ws2/src/build/table_description/share/table_description/hook/pythonpath_develop.ps1'
[2.416s] DEBUG:colcon.colcon_core.event_handler.log_command:Invoked command in '/home/shay/a/ho225/ece569-fall2026/Lab2/ws2/src/build/table_description' returned '0': PYTHONPATH=/home/shay/a/ho225/ece569-fall2026/Lab2/ws2/src/build/table_description/prefix_override:/usr/lib/python3/dist-packages/colcon_core/task/python/colcon_distutils_commands:/home/shay/a/ho225/ece569-fall2026/Lab2/ws2/src/install/table_description/lib/python3.10/site-packages:${PYTHONPATH} /usr/bin/python3 -W ignore:setup.py install is deprecated -W ignore:easy_install command is deprecated setup.py develop --editable --build-directory /home/shay/a/ho225/ece569-fall2026/Lab2/ws2/src/build/table_description/build --no-deps symlink_data
[2.416s] INFO:colcon.colcon_core.shell:Creating environment descriptor '/home/shay/a/ho225/ece569-fall2026/Lab2/ws2/src/build/table_description/share/table_description/hook/pythonpath_develop.dsv'
[2.417s] INFO:colcon.colcon_core.shell:Creating environment hook '/home/shay/a/ho225/ece569-fall2026/Lab2/ws2/src/build/table_description/share/table_description/hook/pythonpath_develop.sh'
[2.418s] Level 1:colcon.colcon_core.environment:checking '/home/shay/a/ho225/ece569-fall2026/Lab2/ws2/src/install/table_description' for CMake module files
[2.419s] Level 1:colcon.colcon_core.environment:checking '/home/shay/a/ho225/ece569-fall2026/Lab2/ws2/src/install/table_description' for CMake config files
[2.421s] Level 1:colcon.colcon_core.environment:checking '/home/shay/a/ho225/ece569-fall2026/Lab2/ws2/src/install/table_description/lib'
[2.421s] Level 1:colcon.colcon_core.environment:checking '/home/shay/a/ho225/ece569-fall2026/Lab2/ws2/src/install/table_description/bin'
[2.422s] Level 1:colcon.colcon_core.environment:checking '/home/shay/a/ho225/ece569-fall2026/Lab2/ws2/src/install/table_description/lib/pkgconfig/table_description.pc'
[2.422s] Level 1:colcon.colcon_core.environment:checking '/home/shay/a/ho225/ece569-fall2026/Lab2/ws2/src/install/table_description/lib/python3.10/site-packages'
[2.422s] Level 1:colcon.colcon_core.shell:create_environment_hook('table_description', 'pythonpath')
[2.422s] INFO:colcon.colcon_core.shell:Creating environment hook '/home/shay/a/ho225/ece569-fall2026/Lab2/ws2/src/install/table_description/share/table_description/hook/pythonpath.ps1'
[2.423s] INFO:colcon.colcon_core.shell:Creating environment descriptor '/home/shay/a/ho225/ece569-fall2026/Lab2/ws2/src/install/table_description/share/table_description/hook/pythonpath.dsv'
[2.424s] INFO:colcon.colcon_core.shell:Creating environment hook '/home/shay/a/ho225/ece569-fall2026/Lab2/ws2/src/install/table_description/share/table_description/hook/pythonpath.sh'
[2.425s] Level 1:colcon.colcon_core.environment:checking '/home/shay/a/ho225/ece569-fall2026/Lab2/ws2/src/install/table_description/bin'
[2.425s] Level 1:colcon.colcon_core.environment:create_environment_scripts_only(table_description)
[2.425s] INFO:colcon.colcon_core.shell:Creating package script '/home/shay/a/ho225/ece569-fall2026/Lab2/ws2/src/install/table_description/share/table_description/package.ps1'
[2.426s] INFO:colcon.colcon_core.shell:Creating package descriptor '/home/shay/a/ho225/ece569-fall2026/Lab2/ws2/src/install/table_description/share/table_description/package.dsv'
[2.427s] INFO:colcon.colcon_core.shell:Creating package script '/home/shay/a/ho225/ece569-fall2026/Lab2/ws2/src/install/table_description/share/table_description/package.sh'
[2.428s] INFO:colcon.colcon_core.shell:Creating package script '/home/shay/a/ho225/ece569-fall2026/Lab2/ws2/src/install/table_description/share/table_description/package.bash'
[2.429s] INFO:colcon.colcon_core.shell:Creating package script '/home/shay/a/ho225/ece569-fall2026/Lab2/ws2/src/install/table_description/share/table_description/package.zsh'
[2.429s] Level 1:colcon.colcon_core.environment:create_file_with_runtime_dependencies(/home/shay/a/ho225/ece569-fall2026/Lab2/ws2/src/install/table_description/share/colcon-core/packages/table_description)
[2.430s] DEBUG:colcon.colcon_parallel_executor.executor.parallel:closing loop
[2.430s] DEBUG:colcon.colcon_parallel_executor.executor.parallel:loop closed
[2.430s] DEBUG:colcon.colcon_parallel_executor.executor.parallel:run_until_complete finished with '0'
[2.430s] DEBUG:colcon.colcon_core.event_reactor:joining thread
[2.438s] INFO:colcon.colcon_core.plugin_system:Skipping extension 'colcon_notification.desktop_notification.terminal_notifier': Not used on non-Darwin systems
[2.438s] INFO:colcon.colcon_core.plugin_system:Skipping extension 'colcon_notification.desktop_notification.win32': Not used on non-Windows systems
[2.438s] INFO:colcon.colcon_notification.desktop_notification:Sending desktop notification using 'notify2'
[2.443s] DEBUG:colcon.colcon_core.event_reactor:joined thread
[2.444s] INFO:colcon.colcon_core.shell:Creating prefix script '/home/shay/a/ho225/ece569-fall2026/Lab2/ws2/src/install/local_setup.ps1'
[2.445s] INFO:colcon.colcon_core.shell:Creating prefix util module '/home/shay/a/ho225/ece569-fall2026/Lab2/ws2/src/install/_local_setup_util_ps1.py'
[2.447s] INFO:colcon.colcon_core.shell:Creating prefix chain script '/home/shay/a/ho225/ece569-fall2026/Lab2/ws2/src/install/setup.ps1'
[2.449s] INFO:colcon.colcon_core.shell:Creating prefix script '/home/shay/a/ho225/ece569-fall2026/Lab2/ws2/src/install/local_setup.sh'
[2.449s] INFO:colcon.colcon_core.shell:Creating prefix util module '/home/shay/a/ho225/ece569-fall2026/Lab2/ws2/src/install/_local_setup_util_sh.py'
[2.450s] INFO:colcon.colcon_core.shell:Creating prefix chain script '/home/shay/a/ho225/ece569-fall2026/Lab2/ws2/src/install/setup.sh'
[2.452s] INFO:colcon.colcon_core.shell:Creating prefix script '/home/shay/a/ho225/ece569-fall2026/Lab2/ws2/src/install/local_setup.bash'
[2.453s] INFO:colcon.colcon_core.shell:Creating prefix chain script '/home/shay/a/ho225/ece569-fall2026/Lab2/ws2/src/install/setup.bash'
[2.455s] INFO:colcon.colcon_core.shell:Creating prefix script '/home/shay/a/ho225/ece569-fall2026/Lab2/ws2/src/install/local_setup.zsh'
[2.456s] INFO:colcon.colcon_core.shell:Creating prefix chain script '/home/shay/a/ho225/ece569-fall2026/Lab2/ws2/src/install/setup.zsh'
