[0.000000] (-) TimerEvent: {}
[0.000226] (rrbot_description) JobQueued: {'identifier': 'rrbot_description', 'dependencies': OrderedDict()}
[0.000264] (table_description) JobQueued: {'identifier': 'table_description', 'dependencies': OrderedDict()}
[0.000284] (ur3e_on_table) JobQueued: {'identifier': 'ur3e_on_table', 'dependencies': OrderedDict()}
[0.000302] (rrbot_description) JobStarted: {'identifier': 'rrbot_description'}
[0.012045] (table_description) JobStarted: {'identifier': 'table_description'}
[0.021605] (ur3e_on_table) JobStarted: {'identifier': 'ur3e_on_table'}
[0.099219] (-) TimerEvent: {}
[0.199445] (-) TimerEvent: {}
[0.299730] (-) TimerEvent: {}
[0.399982] (-) TimerEvent: {}
[0.500175] (-) TimerEvent: {}
[0.600356] (-) TimerEvent: {}
[0.700548] (-) TimerEvent: {}
[0.800752] (-) TimerEvent: {}
[0.900952] (-) TimerEvent: {}
[1.001151] (-) TimerEvent: {}
[1.101379] (-) TimerEvent: {}
[1.201611] (-) TimerEvent: {}
[1.301921] (-) TimerEvent: {}
[1.402355] (-) TimerEvent: {}
[1.502630] (-) TimerEvent: {}
[1.602877] (-) TimerEvent: {}
[1.703094] (-) TimerEvent: {}
[1.763730] (rrbot_description) Command: {'cmd': ['/usr/bin/python3', '-W', 'ignore:setup.py install is deprecated', '-W', 'ignore:easy_install command is deprecated', 'setup.py', 'develop', '--editable', '--build-directory', '/home/shay/a/ho225/ece569-fall2026/Lab2/ws2/src/build/rrbot_description/build', '--no-deps', 'symlink_data'], 'cwd': '/home/shay/a/ho225/ece569-fall2026/Lab2/ws2/src/build/rrbot_description', 'env': OrderedDict([('MODULEPATH_PACKAGE', '/package/modulefiles/ecn'), ('PROFILEHOME', ''), ('LMOD_DIR', '/usr/share/lmod/lmod/libexec'), ('MAIL', '/var/spool/mail/ho225'), ('LANGUAGE', ''), ('USER', 'ho225'), ('LMOD_PACKAGE_PATH', '/etc/lmod'), ('LMOD_COLORIZE', 'yes'), ('SSH_AGENT_PID', '1090095'), ('XDG_SESSION_TYPE', 'x11'), ('LMOD_PKG', '/usr/share/lmod/lmod'), ('TLPROFILE', 'xfce'), ('KONSOLE_VERSION', '211203'), ('SHLVL', '1'), ('LD_LIBRARY_PATH', '/usr/lib/x86_64-linux-gnu/gazebo-11/plugins:/opt/ros/humble/opt/rviz_ogre_vendor/lib:/opt/ros/humble/lib/x86_64-linux-gnu:/opt/ros/humble/lib:/opt/thinlinc/lib64:/opt/thinlinc/lib'), ('HOME', '/home/shay/a/ho225'), ('OLDPWD', '/home/shay/a/ho225/ece569-fall2026/Lab2/ws2/src'), ('D_DISABLE_RT_SCREEN_SCALE', '1'), ('DESKTOP_SESSION', 'xfce'), ('PANEL_GDK_CORE_DEVICE_EVENTS', '0'), ('ROS_PYTHON_VERSION', '3'), ('SHELL_SESSION_ID', '9d2033760c0048c39a59a537727fd5fc'), ('KONSOLE_DBUS_SESSION', '/Sessions/1'), ('LC_CTYPE', 'C.UTF-8'), ('PCSCTUN_SERVER', '127.0.0.1:5046'), ('DBUS_SESSION_BUS_ADDRESS', 'unix:path=/run/user/933263/bus'), ('COLORTERM', 'truecolor'), ('LMOD_sys', 'Linux'), ('KONSOLE_DBUS_WINDOW', '/Windows/1'), ('COLCON_PREFIX_PATH', '/home/shay/a/ho225/ece569-fall2026/Lab2/ws2/src/install'), ('ROS_DISTRO', 'humble'), ('LOGNAME', 'ho225'), ('LMOD_AVAIL_STYLE', 'system:<grouped>'), ('WINDOWID', '92274695'), ('LMOD_VERSION', '6.6'), ('SUMO_HOME', '/usr/share/sumo'), ('PULSE_SERVER', '/var/opt/thinlinc/sessions/ho225/14/pulse/native 127.0.0.1:5045'), ('TLPREFIX', '/opt/thinlinc'), ('_', '/bin/colcon'), ('ROS_VERSION', '2'), ('XDG_SESSION_CLASS', 'user'), ('COLORFGBG', '15;0'), ('USERNAME', 'ho225'), ('TERM', 'xterm-256color'), ('XDG_SESSION_ID', '20480'), ('ROS_LOCALHOST_ONLY', '0'), ('PATH', '/opt/ros/humble/bin:/usr/NX/bin:/usr/local/bin:/bin:/usr/bin:/usr/local/sbin:/usr/sbin:/sbin:/usr/opt/bin:/usr/site/ece/bin:/opt/thinlinc/bin:/snap/bin:/home/shay/a/ho225/.dotnet/tools:.:/opt/thinlinc/sbin'), ('SESSION_MANAGER', 'local/eceprog1.ecn.purdue.edu:@/tmp/.ICE-unix/1090065,unix/eceprog1.ecn.purdue.edu:/tmp/.ICE-unix/1090065'), ('PULSE_RUNTIME_PATH', '/var/opt/thinlinc/sessions/ho225/14/pulse'), ('PCSCTUN_COOKIE', '/var/opt/thinlinc/sessions/ho225/14/pcsctun-cookie'), ('LMOD_PREPEND_BLOCK', 'normal'), ('LMOD_FULL_SETTARG_SUPPORT', 'no'), ('QT_SCALE_FACTOR_ROUNDING_POLICY', 'PassThrough'), ('XDG_MENU_PREFIX', 'xfce-'), ('XDG_RUNTIME_DIR', '/run/user/933263'), ('DISPLAY', ':14.0'), ('XDG_CURRENT_DESKTOP', 'XFCE'), ('DOTNET_BUNDLE_EXTRACT_BASE_DIR', '/home/shay/a/ho225/.cache/dotnet_bundle_extract'), ('XDG_SESSION_DESKTOP', 'xfce'), ('XAUTHORITY', '/var/opt/thinlinc/sessions/ho225/14/Xauthority'), ('SSH_AUTH_SOCK', '/tmp/ssh-XXXXXXBfYmJs/agent.1090094'), ('ROS_DOMAIN_ID', '27'), ('PULSE_COOKIE', '/var/opt/thinlinc/sessions/ho225/14/pulse-cookie'), ('AMENT_PREFIX_PATH', '/home/shay/a/ho225/ece569-fall2026/Lab2/ws2/src/install/ur3e_on_table:/home/shay/a/ho225/ece569-fall2026/Lab2/ws2/src/install/table_description:/home/shay/a/ho225/ece569-fall2026/Lab2/ws2/src/install/rrbot_description:/opt/ros/humble'), ('SHELL', '/bin/bash'), ('KRB5CCNAME', '/var/opt/thinlinc/sessions/ho225/14/krb5cc'), ('MODULEPATH_ROOT', '/usr/modulefiles'), ('MODULEPATH_LOCAL', '/etc/modulefiles'), ('ROS_WS', '/home/shay/a/ho225/ece569-fall2026/Lab2/ws2/'), ('LMOD_CMD', '/usr/share/lmod/lmod/libexec/lmod'), ('KONSOLE_DBUS_SERVICE', ':1.864'), ('BASH_ENV', '/usr/share/lmod/lmod/init/bash'), ('PWD', '/home/shay/a/ho225/ece569-fall2026/Lab2/ws2/src/build/rrbot_description'), ('TLSESSIONDATA', '/var/opt/thinlinc/sessions/ho225/14'), ('XDG_CONFIG_DIRS', '/etc/xdg'), ('TOWN', 'Springfield'), ('XDG_DATA_DIRS', '/usr/share/gnome:/usr/local/share:/usr/share:/var/lib/snapd/desktop:/usr/share'), ('PYTHONPATH', '/home/shay/a/ho225/ece569-fall2026/Lab2/ws2/src/build/rrbot_description/prefix_override:/usr/lib/python3/dist-packages/colcon_core/task/python/colcon_distutils_commands:/home/shay/a/ho225/ece569-fall2026/Lab2/ws2/src/install/rrbot_description/lib/python3.10/site-packages:/home/shay/a/ho225/ece569-fall2026/Lab2/ws2/src/build/ur3e_on_table:/home/shay/a/ho225/ece569-fall2026/Lab2/ws2/src/install/ur3e_on_table/lib/python3.10/site-packages:/home/shay/a/ho225/ece569-fall2026/Lab2/ws2/src/build/table_description:/home/shay/a/ho225/ece569-fall2026/Lab2/ws2/src/install/table_description/lib/python3.10/site-packages:/home/shay/a/ho225/ece569-fall2026/Lab2/ws2/src/build/rrbot_description:/home/shay/a/ho225/ece569-fall2026/Lab2/ws2/src/install/rrbot_description/lib/python3.10/site-packages:/opt/ros/humble/lib/python3.10/site-packages:/opt/ros/humble/local/lib/python3.10/dist-packages'), ('LMOD_arch', 'x86_64'), ('COLCON', '1'), ('MANPATH', '/usr/share/lmod/lmod/share/man:::/opt/thinlinc/share/man'), ('MODULEPATH', '/etc/lmod/modules:/usr/share/lmod/lmod/modulefiles/:/etc/modulefiles/pkg:/package/modulefiles/ecn/common:/package/modulefiles/ecn/ubuntu'), ('MODULESHOME', '/usr/share/lmod/lmod'), ('LMOD_SETTARG_CMD', ':')]), 'shell': False}
[1.780346] (ur3e_on_table) Command: {'cmd': ['/usr/bin/python3', '-W', 'ignore:setup.py install is deprecated', '-W', 'ignore:easy_install command is deprecated', 'setup.py', 'develop', '--editable', '--build-directory', '/home/shay/a/ho225/ece569-fall2026/Lab2/ws2/src/build/ur3e_on_table/build', '--no-deps', 'symlink_data'], 'cwd': '/home/shay/a/ho225/ece569-fall2026/Lab2/ws2/src/build/ur3e_on_table', 'env': OrderedDict([('MODULEPATH_PACKAGE', '/package/modulefiles/ecn'), ('PROFILEHOME', ''), ('LMOD_DIR', '/usr/share/lmod/lmod/libexec'), ('MAIL', '/var/spool/mail/ho225'), ('LANGUAGE', ''), ('USER', 'ho225'), ('LMOD_PACKAGE_PATH', '/etc/lmod'), ('LMOD_COLORIZE', 'yes'), ('SSH_AGENT_PID', '1090095'), ('XDG_SESSION_TYPE', 'x11'), ('LMOD_PKG', '/usr/share/lmod/lmod'), ('TLPROFILE', 'xfce'), ('KONSOLE_VERSION', '211203'), ('SHLVL', '1'), ('LD_LIBRARY_PATH', '/usr/lib/x86_64-linux-gnu/gazebo-11/plugins:/opt/ros/humble/opt/rviz_ogre_vendor/lib:/opt/ros/humble/lib/x86_64-linux-gnu:/opt/ros/humble/lib:/opt/thinlinc/lib64:/opt/thinlinc/lib'), ('HOME', '/home/shay/a/ho225'), ('OLDPWD', '/home/shay/a/ho225/ece569-fall2026/Lab2/ws2/src'), ('D_DISABLE_RT_SCREEN_SCALE', '1'), ('DESKTOP_SESSION', 'xfce'), ('PANEL_GDK_CORE_DEVICE_EVENTS', '0'), ('ROS_PYTHON_VERSION', '3'), ('SHELL_SESSION_ID', '9d2033760c0048c39a59a537727fd5fc'), ('KONSOLE_DBUS_SESSION', '/Sessions/1'), ('LC_CTYPE', 'C.UTF-8'), ('PCSCTUN_SERVER', '127.0.0.1:5046'), ('DBUS_SESSION_BUS_ADDRESS', 'unix:path=/run/user/933263/bus'), ('COLORTERM', 'truecolor'), ('LMOD_sys', 'Linux'), ('KONSOLE_DBUS_WINDOW', '/Windows/1'), ('COLCON_PREFIX_PATH', '/home/shay/a/ho225/ece569-fall2026/Lab2/ws2/src/install'), ('ROS_DISTRO', 'humble'), ('LOGNAME', 'ho225'), ('LMOD_AVAIL_STYLE', 'system:<grouped>'), ('WINDOWID', '92274695'), ('LMOD_VERSION', '6.6'), ('SUMO_HOME', '/usr/share/sumo'), ('PULSE_SERVER', '/var/opt/thinlinc/sessions/ho225/14/pulse/native 127.0.0.1:5045'), ('TLPREFIX', '/opt/thinlinc'), ('_', '/bin/colcon'), ('ROS_VERSION', '2'), ('XDG_SESSION_CLASS', 'user'), ('COLORFGBG', '15;0'), ('USERNAME', 'ho225'), ('TERM', 'xterm-256color'), ('XDG_SESSION_ID', '20480'), ('ROS_LOCALHOST_ONLY', '0'), ('PATH', '/opt/ros/humble/bin:/usr/NX/bin:/usr/local/bin:/bin:/usr/bin:/usr/local/sbin:/usr/sbin:/sbin:/usr/opt/bin:/usr/site/ece/bin:/opt/thinlinc/bin:/snap/bin:/home/shay/a/ho225/.dotnet/tools:.:/opt/thinlinc/sbin'), ('SESSION_MANAGER', 'local/eceprog1.ecn.purdue.edu:@/tmp/.ICE-unix/1090065,unix/eceprog1.ecn.purdue.edu:/tmp/.ICE-unix/1090065'), ('PULSE_RUNTIME_PATH', '/var/opt/thinlinc/sessions/ho225/14/pulse'), ('PCSCTUN_COOKIE', '/var/opt/thinlinc/sessions/ho225/14/pcsctun-cookie'), ('LMOD_PREPEND_BLOCK', 'normal'), ('LMOD_FULL_SETTARG_SUPPORT', 'no'), ('QT_SCALE_FACTOR_ROUNDING_POLICY', 'PassThrough'), ('XDG_MENU_PREFIX', 'xfce-'), ('XDG_RUNTIME_DIR', '/run/user/933263'), ('DISPLAY', ':14.0'), ('XDG_CURRENT_DESKTOP', 'XFCE'), ('DOTNET_BUNDLE_EXTRACT_BASE_DIR', '/home/shay/a/ho225/.cache/dotnet_bundle_extract'), ('XDG_SESSION_DESKTOP', 'xfce'), ('XAUTHORITY', '/var/opt/thinlinc/sessions/ho225/14/Xauthority'), ('SSH_AUTH_SOCK', '/tmp/ssh-XXXXXXBfYmJs/agent.1090094'), ('ROS_DOMAIN_ID', '27'), ('PULSE_COOKIE', '/var/opt/thinlinc/sessions/ho225/14/pulse-cookie'), ('AMENT_PREFIX_PATH', '/home/shay/a/ho225/ece569-fall2026/Lab2/ws2/src/install/ur3e_on_table:/home/shay/a/ho225/ece569-fall2026/Lab2/ws2/src/install/table_description:/home/shay/a/ho225/ece569-fall2026/Lab2/ws2/src/install/rrbot_description:/opt/ros/humble'), ('SHELL', '/bin/bash'), ('KRB5CCNAME', '/var/opt/thinlinc/sessions/ho225/14/krb5cc'), ('MODULEPATH_ROOT', '/usr/modulefiles'), ('MODULEPATH_LOCAL', '/etc/modulefiles'), ('ROS_WS', '/home/shay/a/ho225/ece569-fall2026/Lab2/ws2/'), ('LMOD_CMD', '/usr/share/lmod/lmod/libexec/lmod'), ('KONSOLE_DBUS_SERVICE', ':1.864'), ('BASH_ENV', '/usr/share/lmod/lmod/init/bash'), ('PWD', '/home/shay/a/ho225/ece569-fall2026/Lab2/ws2/src/build/ur3e_on_table'), ('TLSESSIONDATA', '/var/opt/thinlinc/sessions/ho225/14'), ('XDG_CONFIG_DIRS', '/etc/xdg'), ('TOWN', 'Springfield'), ('XDG_DATA_DIRS', '/usr/share/gnome:/usr/local/share:/usr/share:/var/lib/snapd/desktop:/usr/share'), ('PYTHONPATH', '/home/shay/a/ho225/ece569-fall2026/Lab2/ws2/src/build/ur3e_on_table/prefix_override:/usr/lib/python3/dist-packages/colcon_core/task/python/colcon_distutils_commands:/home/shay/a/ho225/ece569-fall2026/Lab2/ws2/src/install/ur3e_on_table/lib/python3.10/site-packages:/home/shay/a/ho225/ece569-fall2026/Lab2/ws2/src/build/ur3e_on_table:/home/shay/a/ho225/ece569-fall2026/Lab2/ws2/src/install/ur3e_on_table/lib/python3.10/site-packages:/home/shay/a/ho225/ece569-fall2026/Lab2/ws2/src/build/table_description:/home/shay/a/ho225/ece569-fall2026/Lab2/ws2/src/install/table_description/lib/python3.10/site-packages:/home/shay/a/ho225/ece569-fall2026/Lab2/ws2/src/build/rrbot_description:/home/shay/a/ho225/ece569-fall2026/Lab2/ws2/src/install/rrbot_description/lib/python3.10/site-packages:/opt/ros/humble/lib/python3.10/site-packages:/opt/ros/humble/local/lib/python3.10/dist-packages'), ('LMOD_arch', 'x86_64'), ('COLCON', '1'), ('MANPATH', '/usr/share/lmod/lmod/share/man:::/opt/thinlinc/share/man'), ('MODULEPATH', '/etc/lmod/modules:/usr/share/lmod/lmod/modulefiles/:/etc/modulefiles/pkg:/package/modulefiles/ecn/common:/package/modulefiles/ecn/ubuntu'), ('MODULESHOME', '/usr/share/lmod/lmod'), ('LMOD_SETTARG_CMD', ':')]), 'shell': False}
[1.786714] (table_description) Command: {'cmd': ['/usr/bin/python3', '-W', 'ignore:setup.py install is deprecated', '-W', 'ignore:easy_install command is deprecated', 'setup.py', 'develop', '--editable', '--build-directory', '/home/shay/a/ho225/ece569-fall2026/Lab2/ws2/src/build/table_description/build', '--no-deps', 'symlink_data'], 'cwd': '/home/shay/a/ho225/ece569-fall2026/Lab2/ws2/src/build/table_description', 'env': OrderedDict([('MODULEPATH_PACKAGE', '/package/modulefiles/ecn'), ('PROFILEHOME', ''), ('LMOD_DIR', '/usr/share/lmod/lmod/libexec'), ('MAIL', '/var/spool/mail/ho225'), ('LANGUAGE', ''), ('USER', 'ho225'), ('LMOD_PACKAGE_PATH', '/etc/lmod'), ('LMOD_COLORIZE', 'yes'), ('SSH_AGENT_PID', '1090095'), ('XDG_SESSION_TYPE', 'x11'), ('LMOD_PKG', '/usr/share/lmod/lmod'), ('TLPROFILE', 'xfce'), ('KONSOLE_VERSION', '211203'), ('SHLVL', '1'), ('LD_LIBRARY_PATH', '/usr/lib/x86_64-linux-gnu/gazebo-11/plugins:/opt/ros/humble/opt/rviz_ogre_vendor/lib:/opt/ros/humble/lib/x86_64-linux-gnu:/opt/ros/humble/lib:/opt/thinlinc/lib64:/opt/thinlinc/lib'), ('HOME', '/home/shay/a/ho225'), ('OLDPWD', '/home/shay/a/ho225/ece569-fall2026/Lab2/ws2/src'), ('D_DISABLE_RT_SCREEN_SCALE', '1'), ('DESKTOP_SESSION', 'xfce'), ('PANEL_GDK_CORE_DEVICE_EVENTS', '0'), ('ROS_PYTHON_VERSION', '3'), ('SHELL_SESSION_ID', '9d2033760c0048c39a59a537727fd5fc'), ('KONSOLE_DBUS_SESSION', '/Sessions/1'), ('LC_CTYPE', 'C.UTF-8'), ('PCSCTUN_SERVER', '127.0.0.1:5046'), ('DBUS_SESSION_BUS_ADDRESS', 'unix:path=/run/user/933263/bus'), ('COLORTERM', 'truecolor'), ('LMOD_sys', 'Linux'), ('KONSOLE_DBUS_WINDOW', '/Windows/1'), ('COLCON_PREFIX_PATH', '/home/shay/a/ho225/ece569-fall2026/Lab2/ws2/src/install'), ('ROS_DISTRO', 'humble'), ('LOGNAME', 'ho225'), ('LMOD_AVAIL_STYLE', 'system:<grouped>'), ('WINDOWID', '92274695'), ('LMOD_VERSION', '6.6'), ('SUMO_HOME', '/usr/share/sumo'), ('PULSE_SERVER', '/var/opt/thinlinc/sessions/ho225/14/pulse/native 127.0.0.1:5045'), ('TLPREFIX', '/opt/thinlinc'), ('_', '/bin/colcon'), ('ROS_VERSION', '2'), ('XDG_SESSION_CLASS', 'user'), ('COLORFGBG', '15;0'), ('USERNAME', 'ho225'), ('TERM', 'xterm-256color'), ('XDG_SESSION_ID', '20480'), ('ROS_LOCALHOST_ONLY', '0'), ('PATH', '/opt/ros/humble/bin:/usr/NX/bin:/usr/local/bin:/bin:/usr/bin:/usr/local/sbin:/usr/sbin:/sbin:/usr/opt/bin:/usr/site/ece/bin:/opt/thinlinc/bin:/snap/bin:/home/shay/a/ho225/.dotnet/tools:.:/opt/thinlinc/sbin'), ('SESSION_MANAGER', 'local/eceprog1.ecn.purdue.edu:@/tmp/.ICE-unix/1090065,unix/eceprog1.ecn.purdue.edu:/tmp/.ICE-unix/1090065'), ('PULSE_RUNTIME_PATH', '/var/opt/thinlinc/sessions/ho225/14/pulse'), ('PCSCTUN_COOKIE', '/var/opt/thinlinc/sessions/ho225/14/pcsctun-cookie'), ('LMOD_PREPEND_BLOCK', 'normal'), ('LMOD_FULL_SETTARG_SUPPORT', 'no'), ('QT_SCALE_FACTOR_ROUNDING_POLICY', 'PassThrough'), ('XDG_MENU_PREFIX', 'xfce-'), ('XDG_RUNTIME_DIR', '/run/user/933263'), ('DISPLAY', ':14.0'), ('XDG_CURRENT_DESKTOP', 'XFCE'), ('DOTNET_BUNDLE_EXTRACT_BASE_DIR', '/home/shay/a/ho225/.cache/dotnet_bundle_extract'), ('XDG_SESSION_DESKTOP', 'xfce'), ('XAUTHORITY', '/var/opt/thinlinc/sessions/ho225/14/Xauthority'), ('SSH_AUTH_SOCK', '/tmp/ssh-XXXXXXBfYmJs/agent.1090094'), ('ROS_DOMAIN_ID', '27'), ('PULSE_COOKIE', '/var/opt/thinlinc/sessions/ho225/14/pulse-cookie'), ('AMENT_PREFIX_PATH', '/home/shay/a/ho225/ece569-fall2026/Lab2/ws2/src/install/ur3e_on_table:/home/shay/a/ho225/ece569-fall2026/Lab2/ws2/src/install/table_description:/home/shay/a/ho225/ece569-fall2026/Lab2/ws2/src/install/rrbot_description:/opt/ros/humble'), ('SHELL', '/bin/bash'), ('KRB5CCNAME', '/var/opt/thinlinc/sessions/ho225/14/krb5cc'), ('MODULEPATH_ROOT', '/usr/modulefiles'), ('MODULEPATH_LOCAL', '/etc/modulefiles'), ('ROS_WS', '/home/shay/a/ho225/ece569-fall2026/Lab2/ws2/'), ('LMOD_CMD', '/usr/share/lmod/lmod/libexec/lmod'), ('KONSOLE_DBUS_SERVICE', ':1.864'), ('BASH_ENV', '/usr/share/lmod/lmod/init/bash'), ('PWD', '/home/shay/a/ho225/ece569-fall2026/Lab2/ws2/src/build/table_description'), ('TLSESSIONDATA', '/var/opt/thinlinc/sessions/ho225/14'), ('XDG_CONFIG_DIRS', '/etc/xdg'), ('TOWN', 'Springfield'), ('XDG_DATA_DIRS', '/usr/share/gnome:/usr/local/share:/usr/share:/var/lib/snapd/desktop:/usr/share'), ('PYTHONPATH', '/home/shay/a/ho225/ece569-fall2026/Lab2/ws2/src/build/table_description/prefix_override:/usr/lib/python3/dist-packages/colcon_core/task/python/colcon_distutils_commands:/home/shay/a/ho225/ece569-fall2026/Lab2/ws2/src/install/table_description/lib/python3.10/site-packages:/home/shay/a/ho225/ece569-fall2026/Lab2/ws2/src/build/ur3e_on_table:/home/shay/a/ho225/ece569-fall2026/Lab2/ws2/src/install/ur3e_on_table/lib/python3.10/site-packages:/home/shay/a/ho225/ece569-fall2026/Lab2/ws2/src/build/table_description:/home/shay/a/ho225/ece569-fall2026/Lab2/ws2/src/install/table_description/lib/python3.10/site-packages:/home/shay/a/ho225/ece569-fall2026/Lab2/ws2/src/build/rrbot_description:/home/shay/a/ho225/ece569-fall2026/Lab2/ws2/src/install/rrbot_description/lib/python3.10/site-packages:/opt/ros/humble/lib/python3.10/site-packages:/opt/ros/humble/local/lib/python3.10/dist-packages'), ('LMOD_arch', 'x86_64'), ('COLCON', '1'), ('MANPATH', '/usr/share/lmod/lmod/share/man:::/opt/thinlinc/share/man'), ('MODULEPATH', '/etc/lmod/modules:/usr/share/lmod/lmod/modulefiles/:/etc/modulefiles/pkg:/package/modulefiles/ecn/common:/package/modulefiles/ecn/ubuntu'), ('MODULESHOME', '/usr/share/lmod/lmod'), ('LMOD_SETTARG_CMD', ':')]), 'shell': False}
[1.803160] (-) TimerEvent: {}
[1.903376] (-) TimerEvent: {}
[2.003616] (-) TimerEvent: {}
[2.076569] (rrbot_description) StdoutLine: {'line': b'running develop\n'}
[2.093325] (ur3e_on_table) StdoutLine: {'line': b'running develop\n'}
[2.103676] (-) TimerEvent: {}
[2.110681] (table_description) StdoutLine: {'line': b'running develop\n'}
[2.203762] (-) TimerEvent: {}
[2.303968] (-) TimerEvent: {}
[2.315604] (rrbot_description) StdoutLine: {'line': b'running egg_info\n'}
[2.315818] (rrbot_description) StdoutLine: {'line': b'writing rrbot_description.egg-info/PKG-INFO\n'}
[2.316422] (rrbot_description) StdoutLine: {'line': b'writing dependency_links to rrbot_description.egg-info/dependency_links.txt\n'}
[2.316831] (rrbot_description) StdoutLine: {'line': b'writing entry points to rrbot_description.egg-info/entry_points.txt\n'}
[2.317242] (rrbot_description) StdoutLine: {'line': b'writing requirements to rrbot_description.egg-info/requires.txt\n'}
[2.317624] (rrbot_description) StdoutLine: {'line': b'writing top-level names to rrbot_description.egg-info/top_level.txt\n'}
[2.320953] (rrbot_description) StdoutLine: {'line': b"reading manifest file 'rrbot_description.egg-info/SOURCES.txt'\n"}
[2.322181] (rrbot_description) StdoutLine: {'line': b"writing manifest file 'rrbot_description.egg-info/SOURCES.txt'\n"}
[2.323583] (rrbot_description) StdoutLine: {'line': b'running build_ext\n'}
[2.323730] (rrbot_description) StdoutLine: {'line': b'Creating /home/shay/a/ho225/ece569-fall2026/Lab2/ws2/src/install/rrbot_description/lib/python3.10/site-packages/rrbot-description.egg-link (link to .)\n'}
[2.326126] (rrbot_description) StdoutLine: {'line': b'\n'}
[2.326216] (rrbot_description) StdoutLine: {'line': b'Installed /home/shay/a/ho225/ece569-fall2026/Lab2/ws2/src/build/rrbot_description\n'}
[2.326456] (rrbot_description) StdoutLine: {'line': b'running symlink_data\n'}
[2.332382] (ur3e_on_table) StdoutLine: {'line': b'running egg_info\n'}
[2.332673] (ur3e_on_table) StdoutLine: {'line': b'writing ur3e_on_table.egg-info/PKG-INFO\n'}
[2.333391] (ur3e_on_table) StdoutLine: {'line': b'writing dependency_links to ur3e_on_table.egg-info/dependency_links.txt\n'}
[2.334013] (ur3e_on_table) StdoutLine: {'line': b'writing entry points to ur3e_on_table.egg-info/entry_points.txt\n'}
[2.334637] (ur3e_on_table) StdoutLine: {'line': b'writing requirements to ur3e_on_table.egg-info/requires.txt\n'}
[2.335038] (ur3e_on_table) StdoutLine: {'line': b'writing top-level names to ur3e_on_table.egg-info/top_level.txt\n'}
[2.338389] (ur3e_on_table) StdoutLine: {'line': b"reading manifest file 'ur3e_on_table.egg-info/SOURCES.txt'\n"}
[2.339954] (ur3e_on_table) StdoutLine: {'line': b"writing manifest file 'ur3e_on_table.egg-info/SOURCES.txt'\n"}
[2.341355] (ur3e_on_table) StdoutLine: {'line': b'running build_ext\n'}
[2.341706] (ur3e_on_table) StdoutLine: {'line': b'Creating /home/shay/a/ho225/ece569-fall2026/Lab2/ws2/src/install/ur3e_on_table/lib/python3.10/site-packages/ur3e-on-table.egg-link (link to .)\n'}
[2.343777] (ur3e_on_table) StdoutLine: {'line': b'Installing lissajous script to /home/shay/a/ho225/ece569-fall2026/Lab2/ws2/src/install/ur3e_on_table/lib/ur3e_on_table\n'}
[2.344959] (ur3e_on_table) StdoutLine: {'line': b'Installing test script to /home/shay/a/ho225/ece569-fall2026/Lab2/ws2/src/install/ur3e_on_table/lib/ur3e_on_table\n'}
[2.346074] (ur3e_on_table) StdoutLine: {'line': b'\n'}
[2.346146] (ur3e_on_table) StdoutLine: {'line': b'Installed /home/shay/a/ho225/ece569-fall2026/Lab2/ws2/src/build/ur3e_on_table\n'}
[2.346326] (ur3e_on_table) StdoutLine: {'line': b'running symlink_data\n'}
[2.347390] (rrbot_description) CommandEnded: {'returncode': 0}
[2.359421] (table_description) StdoutLine: {'line': b'running egg_info\n'}
[2.359566] (table_description) StdoutLine: {'line': b'writing table_description.egg-info/PKG-INFO\n'}
[2.360513] (table_description) StdoutLine: {'line': b'writing dependency_links to table_description.egg-info/dependency_links.txt\n'}
[2.361068] (table_description) StdoutLine: {'line': b'writing entry points to table_description.egg-info/entry_points.txt\n'}
[2.362005] (table_description) StdoutLine: {'line': b'writing requirements to table_description.egg-info/requires.txt\n'}
[2.362156] (table_description) StdoutLine: {'line': b'writing top-level names to table_description.egg-info/top_level.txt\n'}
[2.366230] (table_description) StdoutLine: {'line': b"reading manifest file 'table_description.egg-info/SOURCES.txt'\n"}
[2.367336] (rrbot_description) JobEnded: {'identifier': 'rrbot_description', 'rc': 0}
[2.368612] (table_description) StdoutLine: {'line': b"writing manifest file 'table_description.egg-info/SOURCES.txt'\n"}
[2.369176] (table_description) StdoutLine: {'line': b'running build_ext\n'}
[2.369352] (table_description) StdoutLine: {'line': b'Creating /home/shay/a/ho225/ece569-fall2026/Lab2/ws2/src/install/table_description/lib/python3.10/site-packages/table-description.egg-link (link to .)\n'}
[2.371032] (ur3e_on_table) CommandEnded: {'returncode': 0}
[2.371830] (table_description) StdoutLine: {'line': b'\n'}
[2.371902] (table_description) StdoutLine: {'line': b'Installed /home/shay/a/ho225/ece569-fall2026/Lab2/ws2/src/build/table_description\n'}
[2.371994] (table_description) StdoutLine: {'line': b'running symlink_data\n'}
[2.387045] (ur3e_on_table) JobEnded: {'identifier': 'ur3e_on_table', 'rc': 0}
[2.401673] (table_description) CommandEnded: {'returncode': 0}
[2.404099] (-) TimerEvent: {}
[2.416299] (table_description) JobEnded: {'identifier': 'table_description', 'rc': 0}
[2.418052] (-) EventReactorShutdown: {}
