[0.124s] DEBUG:colcon:Command line arguments: ['/bin/colcon', 'build', '--symlink-install']
[0.124s] DEBUG:colcon:Parsed command line arguments: Namespace(log_base=None, log_level=None, verb_name='build', build_base='build', install_base='install', merge_install=False, symlink_install=True, test_result_base=None, continue_on_error=False, executor='parallel', parallel_workers=128, event_handlers=None, ignore_user_meta=False, metas=['./colcon.meta'], base_paths=['.'], packages_ignore=None, packages_ignore_regex=None, paths=None, packages_up_to=None, packages_up_to_regex=None, packages_above=None, packages_above_and_dependencies=None, packages_above_depth=None, packages_select_by_dep=None, packages_skip_by_dep=None, packages_skip_up_to=None, packages_select_build_failed=False, packages_skip_build_finished=False, packages_select_test_failures=False, packages_skip_test_passed=False, packages_select=None, packages_skip=None, packages_select_regex=None, packages_skip_regex=None, packages_start=None, packages_end=None, allow_overriding=[], cmake_args=None, cmake_target=None, cmake_target_skip_unavailable=False, cmake_clean_cache=False, cmake_clean_first=False, cmake_force_configure=False, ament_cmake_args=None, catkin_cmake_args=None, catkin_skip_building_tests=False, verb_parser=<colcon_defaults.argument_parser.defaults.DefaultArgumentsDecorator object at 0x7f3fe4638790>, verb_extension=<colcon_core.verb.build.BuildVerb object at 0x7f3fe46382b0>, main=<bound method BuildVerb.main of <colcon_core.verb.build.BuildVerb object at 0x7f3fe46382b0>>)
[0.346s] Level 1:colcon.colcon_core.package_discovery:discover_packages(colcon_meta) check parameters
[0.346s] Level 1:colcon.colcon_core.package_discovery:discover_packages(recursive) check parameters
[0.346s] Level 1:colcon.colcon_core.package_discovery:discover_packages(ignore) check parameters
[0.346s] Level 1:colcon.colcon_core.package_discovery:discover_packages(path) check parameters
[0.346s] Level 1:colcon.colcon_core.package_discovery:discover_packages(colcon_meta) discover
[0.346s] Level 1:colcon.colcon_core.package_discovery:discover_packages(recursive) discover
[0.346s] INFO:colcon.colcon_core.package_discovery:Crawling recursively for packages in '/home/shay/a/ho225/ece569-fall2026/Lab2/ws2/src'
[0.346s] Level 1:colcon.colcon_core.package_identification:_identify(.) by extensions ['ignore', 'ignore_ament_install']
[0.347s] Level 1:colcon.colcon_core.package_identification:_identify(.) by extension 'ignore'
[0.347s] Level 1:colcon.colcon_core.package_identification:_identify(.) by extension 'ignore_ament_install'
[0.347s] Level 1:colcon.colcon_core.package_identification:_identify(.) by extensions ['colcon_pkg']
[0.347s] Level 1:colcon.colcon_core.package_identification:_identify(.) by extension 'colcon_pkg'
[0.347s] Level 1:colcon.colcon_core.package_identification:_identify(.) by extensions ['colcon_meta']
[0.347s] Level 1:colcon.colcon_core.package_identification:_identify(.) by extension 'colcon_meta'
[0.347s] Level 1:colcon.colcon_core.package_identification:_identify(.) by extensions ['ros']
[0.347s] Level 1:colcon.colcon_core.package_identification:_identify(.) by extension 'ros'
[0.362s] Level 1:colcon.colcon_core.package_identification:_identify(.) by extensions ['cmake', 'python']
[0.362s] Level 1:colcon.colcon_core.package_identification:_identify(.) by extension 'cmake'
[0.362s] Level 1:colcon.colcon_core.package_identification:_identify(.) by extension 'python'
[0.362s] Level 1:colcon.colcon_core.package_identification:_identify(.) by extensions ['python_setup_py']
[0.362s] Level 1:colcon.colcon_core.package_identification:_identify(.) by extension 'python_setup_py'
[0.363s] Level 1:colcon.colcon_core.package_identification:_identify(build) by extensions ['ignore', 'ignore_ament_install']
[0.363s] Level 1:colcon.colcon_core.package_identification:_identify(build) by extension 'ignore'
[0.363s] Level 1:colcon.colcon_core.package_identification:_identify(build) ignored
[0.363s] Level 1:colcon.colcon_core.package_identification:_identify(install) by extensions ['ignore', 'ignore_ament_install']
[0.363s] Level 1:colcon.colcon_core.package_identification:_identify(install) by extension 'ignore'
[0.363s] Level 1:colcon.colcon_core.package_identification:_identify(install) ignored
[0.364s] Level 1:colcon.colcon_core.package_identification:_identify(log) by extensions ['ignore', 'ignore_ament_install']
[0.364s] Level 1:colcon.colcon_core.package_identification:_identify(log) by extension 'ignore'
[0.364s] Level 1:colcon.colcon_core.package_identification:_identify(log) ignored
[0.364s] Level 1:colcon.colcon_core.package_identification:_identify(rrbot_description) by extensions ['ignore', 'ignore_ament_install']
[0.364s] Level 1:colcon.colcon_core.package_identification:_identify(rrbot_description) by extension 'ignore'
[0.364s] Level 1:colcon.colcon_core.package_identification:_identify(rrbot_description) by extension 'ignore_ament_install'
[0.364s] Level 1:colcon.colcon_core.package_identification:_identify(rrbot_description) by extensions ['colcon_pkg']
[0.364s] Level 1:colcon.colcon_core.package_identification:_identify(rrbot_description) by extension 'colcon_pkg'
[0.365s] Level 1:colcon.colcon_core.package_identification:_identify(rrbot_description) by extensions ['colcon_meta']
[0.365s] Level 1:colcon.colcon_core.package_identification:_identify(rrbot_description) by extension 'colcon_meta'
[0.365s] Level 1:colcon.colcon_core.package_identification:_identify(rrbot_description) by extensions ['ros']
[0.365s] Level 1:colcon.colcon_core.package_identification:_identify(rrbot_description) by extension 'ros'
[0.367s] DEBUG:colcon.colcon_core.package_identification:Package 'rrbot_description' with type 'ros.ament_python' and name 'rrbot_description'
[0.367s] Level 1:colcon.colcon_core.package_identification:_identify(table_description) by extensions ['ignore', 'ignore_ament_install']
[0.367s] Level 1:colcon.colcon_core.package_identification:_identify(table_description) by extension 'ignore'
[0.367s] Level 1:colcon.colcon_core.package_identification:_identify(table_description) by extension 'ignore_ament_install'
[0.367s] Level 1:colcon.colcon_core.package_identification:_identify(table_description) by extensions ['colcon_pkg']
[0.367s] Level 1:colcon.colcon_core.package_identification:_identify(table_description) by extension 'colcon_pkg'
[0.367s] Level 1:colcon.colcon_core.package_identification:_identify(table_description) by extensions ['colcon_meta']
[0.367s] Level 1:colcon.colcon_core.package_identification:_identify(table_description) by extension 'colcon_meta'
[0.367s] Level 1:colcon.colcon_core.package_identification:_identify(table_description) by extensions ['ros']
[0.367s] Level 1:colcon.colcon_core.package_identification:_identify(table_description) by extension 'ros'
[0.368s] DEBUG:colcon.colcon_core.package_identification:Package 'table_description' with type 'ros.ament_python' and name 'table_description'
[0.368s] Level 1:colcon.colcon_core.package_identification:_identify(ur3e_on_table) by extensions ['ignore', 'ignore_ament_install']
[0.368s] Level 1:colcon.colcon_core.package_identification:_identify(ur3e_on_table) by extension 'ignore'
[0.368s] Level 1:colcon.colcon_core.package_identification:_identify(ur3e_on_table) by extension 'ignore_ament_install'
[0.368s] Level 1:colcon.colcon_core.package_identification:_identify(ur3e_on_table) by extensions ['colcon_pkg']
[0.368s] Level 1:colcon.colcon_core.package_identification:_identify(ur3e_on_table) by extension 'colcon_pkg'
[0.368s] Level 1:colcon.colcon_core.package_identification:_identify(ur3e_on_table) by extensions ['colcon_meta']
[0.368s] Level 1:colcon.colcon_core.package_identification:_identify(ur3e_on_table) by extension 'colcon_meta'
[0.368s] Level 1:colcon.colcon_core.package_identification:_identify(ur3e_on_table) by extensions ['ros']
[0.368s] Level 1:colcon.colcon_core.package_identification:_identify(ur3e_on_table) by extension 'ros'
[0.369s] DEBUG:colcon.colcon_core.package_identification:Package 'ur3e_on_table' with type 'ros.ament_python' and name 'ur3e_on_table'
[0.369s] Level 1:colcon.colcon_core.package_discovery:discover_packages(recursive) using defaults
[0.369s] Level 1:colcon.colcon_core.package_discovery:discover_packages(ignore) discover
[0.369s] Level 1:colcon.colcon_core.package_discovery:discover_packages(ignore) using defaults
[0.369s] Level 1:colcon.colcon_core.package_discovery:discover_packages(path) discover
[0.369s] Level 1:colcon.colcon_core.package_discovery:discover_packages(path) using defaults
[0.388s] Level 1:colcon.colcon_core.package_discovery:discover_packages(prefix_path) check parameters
[0.388s] Level 1:colcon.colcon_core.package_discovery:discover_packages(prefix_path) discover
[0.393s] DEBUG:colcon.colcon_installed_package_information.package_discovery:Found 3 installed packages in /home/shay/a/ho225/ece569-fall2026/Lab2/ws2/src/install
[0.395s] DEBUG:colcon.colcon_installed_package_information.package_discovery:Found 364 installed packages in /opt/ros/humble
[0.397s] Level 1:colcon.colcon_core.package_discovery:discover_packages(prefix_path) using defaults
[0.440s] Level 5:colcon.colcon_core.verb:set package 'rrbot_description' build argument 'cmake_args' from command line to 'None'
[0.441s] Level 5:colcon.colcon_core.verb:set package 'rrbot_description' build argument 'cmake_target' from command line to 'None'
[0.441s] Level 5:colcon.colcon_core.verb:set package 'rrbot_description' build argument 'cmake_target_skip_unavailable' from command line to 'False'
[0.441s] Level 5:colcon.colcon_core.verb:set package 'rrbot_description' build argument 'cmake_clean_cache' from command line to 'False'
[0.441s] Level 5:colcon.colcon_core.verb:set package 'rrbot_description' build argument 'cmake_clean_first' from command line to 'False'
[0.441s] Level 5:colcon.colcon_core.verb:set package 'rrbot_description' build argument 'cmake_force_configure' from command line to 'False'
[0.441s] Level 5:colcon.colcon_core.verb:set package 'rrbot_description' build argument 'ament_cmake_args' from command line to 'None'
[0.441s] Level 5:colcon.colcon_core.verb:set package 'rrbot_description' build argument 'catkin_cmake_args' from command line to 'None'
[0.441s] Level 5:colcon.colcon_core.verb:set package 'rrbot_description' build argument 'catkin_skip_building_tests' from command line to 'False'
[0.441s] DEBUG:colcon.colcon_core.verb:Building package 'rrbot_description' with the following arguments: {'ament_cmake_args': None, 'build_base': '/home/shay/a/ho225/ece569-fall2026/Lab2/ws2/src/build/rrbot_description', 'catkin_cmake_args': None, 'catkin_skip_building_tests': False, 'cmake_args': None, 'cmake_clean_cache': False, 'cmake_clean_first': False, 'cmake_force_configure': False, 'cmake_target': None, 'cmake_target_skip_unavailable': False, 'install_base': '/home/shay/a/ho225/ece569-fall2026/Lab2/ws2/src/install/rrbot_description', 'merge_install': False, 'path': '/home/shay/a/ho225/ece569-fall2026/Lab2/ws2/src/rrbot_description', 'symlink_install': True, 'test_result_base': None}
[0.441s] Level 5:colcon.colcon_core.verb:set package 'table_description' build argument 'cmake_args' from command line to 'None'
[0.441s] Level 5:colcon.colcon_core.verb:set package 'table_description' build argument 'cmake_target' from command line to 'None'
[0.441s] Level 5:colcon.colcon_core.verb:set package 'table_description' build argument 'cmake_target_skip_unavailable' from command line to 'False'
[0.441s] Level 5:colcon.colcon_core.verb:set package 'table_description' build argument 'cmake_clean_cache' from command line to 'False'
[0.441s] Level 5:colcon.colcon_core.verb:set package 'table_description' build argument 'cmake_clean_first' from command line to 'False'
[0.441s] Level 5:colcon.colcon_core.verb:set package 'table_description' build argument 'cmake_force_configure' from command line to 'False'
[0.441s] Level 5:colcon.colcon_core.verb:set package 'table_description' build argument 'ament_cmake_args' from command line to 'None'
[0.441s] Level 5:colcon.colcon_core.verb:set package 'table_description' build argument 'catkin_cmake_args' from command line to 'None'
[0.441s] Level 5:colcon.colcon_core.verb:set package 'table_description' build argument 'catkin_skip_building_tests' from command line to 'False'
[0.441s] DEBUG:colcon.colcon_core.verb:Building package 'table_description' with the following arguments: {'ament_cmake_args': None, 'build_base': '/home/shay/a/ho225/ece569-fall2026/Lab2/ws2/src/build/table_description', 'catkin_cmake_args': None, 'catkin_skip_building_tests': False, 'cmake_args': None, 'cmake_clean_cache': False, 'cmake_clean_first': False, 'cmake_force_configure': False, 'cmake_target': None, 'cmake_target_skip_unavailable': False, 'install_base': '/home/shay/a/ho225/ece569-fall2026/Lab2/ws2/src/install/table_description', 'merge_install': False, 'path': '/home/shay/a/ho225/ece569-fall2026/Lab2/ws2/src/table_description', 'symlink_install': True, 'test_result_base': None}
[0.441s] Level 5:colcon.colcon_core.verb:set package 'ur3e_on_table' build argument 'cmake_args' from command line to 'None'
[0.441s] Level 5:colcon.colcon_core.verb:set package 'ur3e_on_table' build argument 'cmake_target' from command line to 'None'
[0.441s] Level 5:colcon.colcon_core.verb:set package 'ur3e_on_table' build argument 'cmake_target_skip_unavailable' from command line to 'False'
[0.442s] Level 5:colcon.colcon_core.verb:set package 'ur3e_on_table' build argument 'cmake_clean_cache' from command line to 'False'
[0.442s] Level 5:colcon.colcon_core.verb:set package 'ur3e_on_table' build argument 'cmake_clean_first' from command line to 'False'
[0.442s] Level 5:colcon.colcon_core.verb:set package 'ur3e_on_table' build argument 'cmake_force_configure' from command line to 'False'
[0.442s] Level 5:colcon.colcon_core.verb:set package 'ur3e_on_table' build argument 'ament_cmake_args' from command line to 'None'
[0.442s] Level 5:colcon.colcon_core.verb:set package 'ur3e_on_table' build argument 'catkin_cmake_args' from command line to 'None'
[0.442s] Level 5:colcon.colcon_core.verb:set package 'ur3e_on_table' build argument 'catkin_skip_building_tests' from command line to 'False'
[0.442s] DEBUG:colcon.colcon_core.verb:Building package 'ur3e_on_table' with the following arguments: {'ament_cmake_args': None, 'build_base': '/home/shay/a/ho225/ece569-fall2026/Lab2/ws2/src/build/ur3e_on_table', 'catkin_cmake_args': None, 'catkin_skip_building_tests': False, 'cmake_args': None, 'cmake_clean_cache': False, 'cmake_clean_first': False, 'cmake_force_configure': False, 'cmake_target': None, 'cmake_target_skip_unavailable': False, 'install_base': '/home/shay/a/ho225/ece569-fall2026/Lab2/ws2/src/install/ur3e_on_table', 'merge_install': False, 'path': '/home/shay/a/ho225/ece569-fall2026/Lab2/ws2/src/ur3e_on_table', 'symlink_install': True, 'test_result_base': None}
[0.442s] INFO:colcon.colcon_core.executor:Executing jobs using 'parallel' executor
[0.443s] DEBUG:colcon.colcon_parallel_executor.executor.parallel:run_until_complete
[0.443s] INFO:colcon.colcon_ros.task.ament_python.build:Building ROS package in '/home/shay/a/ho225/ece569-fall2026/Lab2/ws2/src/rrbot_description' with build type 'ament_python'
[0.443s] Level 1:colcon.colcon_core.shell:create_environment_hook('rrbot_description', 'ament_prefix_path')
[0.445s] INFO:colcon.colcon_core.plugin_system:Skipping extension 'colcon_core.shell.bat': Not used on non-Windows systems
[0.445s] INFO:colcon.colcon_core.shell:Creating environment hook '/home/shay/a/ho225/ece569-fall2026/Lab2/ws2/src/install/rrbot_description/share/rrbot_description/hook/ament_prefix_path.ps1'
[0.447s] INFO:colcon.colcon_core.shell:Creating environment descriptor '/home/shay/a/ho225/ece569-fall2026/Lab2/ws2/src/install/rrbot_description/share/rrbot_description/hook/ament_prefix_path.dsv'
[0.448s] INFO:colcon.colcon_core.shell:Creating environment hook '/home/shay/a/ho225/ece569-fall2026/Lab2/ws2/src/install/rrbot_description/share/rrbot_description/hook/ament_prefix_path.sh'
[0.449s] INFO:colcon.colcon_core.shell:Skip shell extension 'powershell' for command environment: Not usable outside of PowerShell
[0.449s] DEBUG:colcon.colcon_core.shell:Skip shell extension 'dsv' for command environment
[0.455s] INFO:colcon.colcon_ros.task.ament_python.build:Building ROS package in '/home/shay/a/ho225/ece569-fall2026/Lab2/ws2/src/table_description' with build type 'ament_python'
[0.455s] Level 1:colcon.colcon_core.shell:create_environment_hook('table_description', 'ament_prefix_path')
[0.456s] INFO:colcon.colcon_core.shell:Creating environment hook '/home/shay/a/ho225/ece569-fall2026/Lab2/ws2/src/install/table_description/share/table_description/hook/ament_prefix_path.ps1'
[0.457s] INFO:colcon.colcon_core.shell:Creating environment descriptor '/home/shay/a/ho225/ece569-fall2026/Lab2/ws2/src/install/table_description/share/table_description/hook/ament_prefix_path.dsv'
[0.458s] INFO:colcon.colcon_core.shell:Creating environment hook '/home/shay/a/ho225/ece569-fall2026/Lab2/ws2/src/install/table_description/share/table_description/hook/ament_prefix_path.sh'
[0.459s] INFO:colcon.colcon_core.shell:Skip shell extension 'powershell' for command environment: Not usable outside of PowerShell
[0.459s] DEBUG:colcon.colcon_core.shell:Skip shell extension 'dsv' for command environment
[0.465s] INFO:colcon.colcon_ros.task.ament_python.build:Building ROS package in '/home/shay/a/ho225/ece569-fall2026/Lab2/ws2/src/ur3e_on_table' with build type 'ament_python'
[0.465s] Level 1:colcon.colcon_core.shell:create_environment_hook('ur3e_on_table', 'ament_prefix_path')
[0.465s] INFO:colcon.colcon_core.shell:Creating environment hook '/home/shay/a/ho225/ece569-fall2026/Lab2/ws2/src/install/ur3e_on_table/share/ur3e_on_table/hook/ament_prefix_path.ps1'
[0.466s] INFO:colcon.colcon_core.shell:Creating environment descriptor '/home/shay/a/ho225/ece569-fall2026/Lab2/ws2/src/install/ur3e_on_table/share/ur3e_on_table/hook/ament_prefix_path.dsv'
[0.467s] INFO:colcon.colcon_core.shell:Creating environment hook '/home/shay/a/ho225/ece569-fall2026/Lab2/ws2/src/install/ur3e_on_table/share/ur3e_on_table/hook/ament_prefix_path.sh'
[0.468s] INFO:colcon.colcon_core.shell:Skip shell extension 'powershell' for command environment: Not usable outside of PowerShell
[0.468s] DEBUG:colcon.colcon_core.shell:Skip shell extension 'dsv' for command environment
[0.774s] INFO:colcon.colcon_core.task.python.build:Building Python package in '/home/shay/a/ho225/ece569-fall2026/Lab2/ws2/src/rrbot_description'
[0.775s] INFO:colcon.colcon_core.shell:Skip shell extension 'powershell' for command environment: Not usable outside of PowerShell
[0.775s] DEBUG:colcon.colcon_core.shell:Skip shell extension 'dsv' for command environment
[1.082s] INFO:colcon.colcon_core.task.python.build:Building Python package in '/home/shay/a/ho225/ece569-fall2026/Lab2/ws2/src/table_description'
[1.082s] INFO:colcon.colcon_core.shell:Skip shell extension 'powershell' for command environment: Not usable outside of PowerShell
[1.082s] DEBUG:colcon.colcon_core.shell:Skip shell extension 'dsv' for command environment
[1.390s] INFO:colcon.colcon_core.task.python.build:Building Python package in '/home/shay/a/ho225/ece569-fall2026/Lab2/ws2/src/ur3e_on_table'
[1.391s] INFO:colcon.colcon_core.shell:Skip shell extension 'powershell' for command environment: Not usable outside of PowerShell
[1.391s] DEBUG:colcon.colcon_core.shell:Skip shell extension 'dsv' for command environment
[1.862s] DEBUG:colcon.colcon_core.task.python.build:Available setuptools commands: bdist_dumb, update_catalog, rotate, install_headers, upload_docs, bdist_rpm, install_lib, build_py, saveopts, clean, install_egg_info, setopt, register, install_data, dist_info, develop, egg_info, build, compile_catalog, alias, symlink_data, check, build_scripts, isort, test, easy_install, init_catalog, install_scripts, build_sphinx, extract_messages, bdist_wheel, sdist, build_clib, upload, bdist_egg, bdist, install, build_ext
[1.869s] DEBUG:colcon.colcon_core.task.python.build:Available setuptools commands: bdist_dumb, update_catalog, rotate, install_headers, upload_docs, bdist_rpm, install_lib, build_py, saveopts, clean, install_egg_info, setopt, register, install_data, dist_info, develop, egg_info, build, compile_catalog, alias, symlink_data, check, build_scripts, isort, test, easy_install, init_catalog, install_scripts, build_sphinx, extract_messages, bdist_wheel, sdist, build_clib, upload, bdist_egg, bdist, install, build_ext
[1.874s] DEBUG:colcon.colcon_core.task.python.build:Available setuptools commands: bdist_dumb, update_catalog, rotate, install_headers, upload_docs, bdist_rpm, install_lib, build_py, saveopts, clean, install_egg_info, setopt, register, install_data, dist_info, develop, egg_info, build, compile_catalog, alias, symlink_data, check, build_scripts, isort, test, easy_install, init_catalog, install_scripts, build_sphinx, extract_messages, bdist_wheel, sdist, build_clib, upload, bdist_egg, bdist, install, build_ext
[2.188s] DEBUG:colcon.colcon_core.task.python.build:Available setuptools 'develop' options: --help, --upgrade, --force-installation-into-system-dir, --script-dir, --verbose, --multi-version, --always-unzip, --local-snapshots-ok, --no-find-links, --optimize, --quiet, --site-dirs, --prefix, --user, --egg-path, --index-url, --no-user-cfg, --exclude-scripts, --record, --always-copy, --build-directory, --no-deps, --uninstall, --zip-ok, --version, --install-layout, --install-dir, --allow-hosts, --find-links, --dry-run, --editable
[2.196s] DEBUG:colcon.colcon_core.event_handler.log_command:Invoking command in '/home/shay/a/ho225/ece569-fall2026/Lab2/ws2/src/build/table_description': PYTHONPATH=/home/shay/a/ho225/ece569-fall2026/Lab2/ws2/src/build/table_description/prefix_override:/usr/lib/python3/dist-packages/colcon_core/task/python/colcon_distutils_commands:/home/shay/a/ho225/ece569-fall2026/Lab2/ws2/src/install/table_description/lib/python3.10/site-packages:${PYTHONPATH} /usr/bin/python3 -W ignore:setup.py install is deprecated -W ignore:easy_install command is deprecated setup.py develop --editable --build-directory /home/shay/a/ho225/ece569-fall2026/Lab2/ws2/src/build/table_description/build --no-deps symlink_data
[2.199s] DEBUG:colcon.colcon_core.task.python.build:Available setuptools 'develop' options: --help, --upgrade, --force-installation-into-system-dir, --script-dir, --verbose, --multi-version, --always-unzip, --local-snapshots-ok, --no-find-links, --optimize, --quiet, --site-dirs, --prefix, --user, --egg-path, --index-url, --no-user-cfg, --exclude-scripts, --record, --always-copy, --build-directory, --no-deps, --uninstall, --zip-ok, --version, --install-layout, --install-dir, --allow-hosts, --find-links, --dry-run, --editable
[2.205s] DEBUG:colcon.colcon_core.task.python.build:Available setuptools 'develop' options: --help, --upgrade, --force-installation-into-system-dir, --script-dir, --verbose, --multi-version, --always-unzip, --local-snapshots-ok, --no-find-links, --optimize, --quiet, --site-dirs, --prefix, --user, --egg-path, --index-url, --no-user-cfg, --exclude-scripts, --record, --always-copy, --build-directory, --no-deps, --uninstall, --zip-ok, --version, --install-layout, --install-dir, --allow-hosts, --find-links, --dry-run, --editable
[2.206s] DEBUG:colcon.colcon_core.event_handler.log_command:Invoking command in '/home/shay/a/ho225/ece569-fall2026/Lab2/ws2/src/build/ur3e_on_table': PYTHONPATH=/home/shay/a/ho225/ece569-fall2026/Lab2/ws2/src/build/ur3e_on_table/prefix_override:/usr/lib/python3/dist-packages/colcon_core/task/python/colcon_distutils_commands:/home/shay/a/ho225/ece569-fall2026/Lab2/ws2/src/install/ur3e_on_table/lib/python3.10/site-packages:${PYTHONPATH} /usr/bin/python3 -W ignore:setup.py install is deprecated -W ignore:easy_install command is deprecated setup.py develop --editable --build-directory /home/shay/a/ho225/ece569-fall2026/Lab2/ws2/src/build/ur3e_on_table/build --no-deps symlink_data
[2.213s] DEBUG:colcon.colcon_core.event_handler.log_command:Invoking command in '/home/shay/a/ho225/ece569-fall2026/Lab2/ws2/src/build/rrbot_description': PYTHONPATH=/home/shay/a/ho225/ece569-fall2026/Lab2/ws2/src/build/rrbot_description/prefix_override:/usr/lib/python3/dist-packages/colcon_core/task/python/colcon_distutils_commands:/home/shay/a/ho225/ece569-fall2026/Lab2/ws2/src/install/rrbot_description/lib/python3.10/site-packages:${PYTHONPATH} /usr/bin/python3 -W ignore:setup.py install is deprecated -W ignore:easy_install command is deprecated setup.py develop --editable --build-directory /home/shay/a/ho225/ece569-fall2026/Lab2/ws2/src/build/rrbot_description/build --no-deps symlink_data
[2.782s] Level 1:colcon.colcon_core.shell:create_environment_hook('table_description', 'pythonpath_develop')
[2.783s] INFO:colcon.colcon_core.shell:Creating environment hook '/home/shay/a/ho225/ece569-fall2026/Lab2/ws2/src/build/table_description/share/table_description/hook/pythonpath_develop.ps1'
[2.783s] DEBUG:colcon.colcon_core.event_handler.log_command:Invoked command in '/home/shay/a/ho225/ece569-fall2026/Lab2/ws2/src/build/table_description' returned '0': PYTHONPATH=/home/shay/a/ho225/ece569-fall2026/Lab2/ws2/src/build/table_description/prefix_override:/usr/lib/python3/dist-packages/colcon_core/task/python/colcon_distutils_commands:/home/shay/a/ho225/ece569-fall2026/Lab2/ws2/src/install/table_description/lib/python3.10/site-packages:${PYTHONPATH} /usr/bin/python3 -W ignore:setup.py install is deprecated -W ignore:easy_install command is deprecated setup.py develop --editable --build-directory /home/shay/a/ho225/ece569-fall2026/Lab2/ws2/src/build/table_description/build --no-deps symlink_data
[2.785s] INFO:colcon.colcon_core.shell:Creating environment descriptor '/home/shay/a/ho225/ece569-fall2026/Lab2/ws2/src/build/table_description/share/table_description/hook/pythonpath_develop.dsv'
[2.786s] INFO:colcon.colcon_core.shell:Creating environment hook '/home/shay/a/ho225/ece569-fall2026/Lab2/ws2/src/build/table_description/share/table_description/hook/pythonpath_develop.sh'
[2.789s] Level 1:colcon.colcon_core.environment:checking '/home/shay/a/ho225/ece569-fall2026/Lab2/ws2/src/install/table_description' for CMake module files
[2.790s] Level 1:colcon.colcon_core.environment:checking '/home/shay/a/ho225/ece569-fall2026/Lab2/ws2/src/install/table_description' for CMake config files
[2.793s] Level 1:colcon.colcon_core.environment:checking '/home/shay/a/ho225/ece569-fall2026/Lab2/ws2/src/install/table_description/lib'
[2.793s] Level 1:colcon.colcon_core.environment:checking '/home/shay/a/ho225/ece569-fall2026/Lab2/ws2/src/install/table_description/bin'
[2.793s] Level 1:colcon.colcon_core.environment:checking '/home/shay/a/ho225/ece569-fall2026/Lab2/ws2/src/install/table_description/lib/pkgconfig/table_description.pc'
[2.793s] Level 1:colcon.colcon_core.environment:checking '/home/shay/a/ho225/ece569-fall2026/Lab2/ws2/src/install/table_description/lib/python3.10/site-packages'
[2.793s] Level 1:colcon.colcon_core.shell:create_environment_hook('table_description', 'pythonpath')
[2.793s] INFO:colcon.colcon_core.shell:Creating environment hook '/home/shay/a/ho225/ece569-fall2026/Lab2/ws2/src/install/table_description/share/table_description/hook/pythonpath.ps1'
[2.794s] INFO:colcon.colcon_core.shell:Creating environment descriptor '/home/shay/a/ho225/ece569-fall2026/Lab2/ws2/src/install/table_description/share/table_description/hook/pythonpath.dsv'
[2.795s] INFO:colcon.colcon_core.shell:Creating environment hook '/home/shay/a/ho225/ece569-fall2026/Lab2/ws2/src/install/table_description/share/table_description/hook/pythonpath.sh'
[2.796s] Level 1:colcon.colcon_core.environment:checking '/home/shay/a/ho225/ece569-fall2026/Lab2/ws2/src/install/table_description/bin'
[2.796s] Level 1:colcon.colcon_core.environment:create_environment_scripts_only(table_description)
[2.797s] INFO:colcon.colcon_core.shell:Creating package script '/home/shay/a/ho225/ece569-fall2026/Lab2/ws2/src/install/table_description/share/table_description/package.ps1'
[2.798s] INFO:colcon.colcon_core.shell:Creating package descriptor '/home/shay/a/ho225/ece569-fall2026/Lab2/ws2/src/install/table_description/share/table_description/package.dsv'
[2.799s] INFO:colcon.colcon_core.shell:Creating package script '/home/shay/a/ho225/ece569-fall2026/Lab2/ws2/src/install/table_description/share/table_description/package.sh'
[2.800s] INFO:colcon.colcon_core.shell:Creating package script '/home/shay/a/ho225/ece569-fall2026/Lab2/ws2/src/install/table_description/share/table_description/package.bash'
[2.801s] INFO:colcon.colcon_core.shell:Creating package script '/home/shay/a/ho225/ece569-fall2026/Lab2/ws2/src/install/table_description/share/table_description/package.zsh'
[2.802s] Level 1:colcon.colcon_core.environment:create_file_with_runtime_dependencies(/home/shay/a/ho225/ece569-fall2026/Lab2/ws2/src/install/table_description/share/colcon-core/packages/table_description)
[2.803s] Level 1:colcon.colcon_core.shell:create_environment_hook('ur3e_on_table', 'pythonpath_develop')
[2.804s] INFO:colcon.colcon_core.shell:Creating environment hook '/home/shay/a/ho225/ece569-fall2026/Lab2/ws2/src/build/ur3e_on_table/share/ur3e_on_table/hook/pythonpath_develop.ps1'
[2.805s] DEBUG:colcon.colcon_core.event_handler.log_command:Invoked command in '/home/shay/a/ho225/ece569-fall2026/Lab2/ws2/src/build/ur3e_on_table' returned '0': PYTHONPATH=/home/shay/a/ho225/ece569-fall2026/Lab2/ws2/src/build/ur3e_on_table/prefix_override:/usr/lib/python3/dist-packages/colcon_core/task/python/colcon_distutils_commands:/home/shay/a/ho225/ece569-fall2026/Lab2/ws2/src/install/ur3e_on_table/lib/python3.10/site-packages:${PYTHONPATH} /usr/bin/python3 -W ignore:setup.py install is deprecated -W ignore:easy_install command is deprecated setup.py develop --editable --build-directory /home/shay/a/ho225/ece569-fall2026/Lab2/ws2/src/build/ur3e_on_table/build --no-deps symlink_data
[2.806s] INFO:colcon.colcon_core.shell:Creating environment descriptor '/home/shay/a/ho225/ece569-fall2026/Lab2/ws2/src/build/ur3e_on_table/share/ur3e_on_table/hook/pythonpath_develop.dsv'
[2.807s] INFO:colcon.colcon_core.shell:Creating environment hook '/home/shay/a/ho225/ece569-fall2026/Lab2/ws2/src/build/ur3e_on_table/share/ur3e_on_table/hook/pythonpath_develop.sh'
[2.808s] Level 1:colcon.colcon_core.environment:checking '/home/shay/a/ho225/ece569-fall2026/Lab2/ws2/src/install/ur3e_on_table' for CMake module files
[2.809s] Level 1:colcon.colcon_core.environment:checking '/home/shay/a/ho225/ece569-fall2026/Lab2/ws2/src/install/ur3e_on_table' for CMake config files
[2.812s] Level 1:colcon.colcon_core.environment:checking '/home/shay/a/ho225/ece569-fall2026/Lab2/ws2/src/install/ur3e_on_table/lib'
[2.812s] Level 1:colcon.colcon_core.environment:checking '/home/shay/a/ho225/ece569-fall2026/Lab2/ws2/src/install/ur3e_on_table/bin'
[2.812s] Level 1:colcon.colcon_core.environment:checking '/home/shay/a/ho225/ece569-fall2026/Lab2/ws2/src/install/ur3e_on_table/lib/pkgconfig/ur3e_on_table.pc'
[2.812s] Level 1:colcon.colcon_core.environment:checking '/home/shay/a/ho225/ece569-fall2026/Lab2/ws2/src/install/ur3e_on_table/lib/python3.10/site-packages'
[2.812s] Level 1:colcon.colcon_core.shell:create_environment_hook('ur3e_on_table', 'pythonpath')
[2.813s] INFO:colcon.colcon_core.shell:Creating environment hook '/home/shay/a/ho225/ece569-fall2026/Lab2/ws2/src/install/ur3e_on_table/share/ur3e_on_table/hook/pythonpath.ps1'
[2.813s] INFO:colcon.colcon_core.shell:Creating environment descriptor '/home/shay/a/ho225/ece569-fall2026/Lab2/ws2/src/install/ur3e_on_table/share/ur3e_on_table/hook/pythonpath.dsv'
[2.814s] INFO:colcon.colcon_core.shell:Creating environment hook '/home/shay/a/ho225/ece569-fall2026/Lab2/ws2/src/install/ur3e_on_table/share/ur3e_on_table/hook/pythonpath.sh'
[2.815s] Level 1:colcon.colcon_core.environment:checking '/home/shay/a/ho225/ece569-fall2026/Lab2/ws2/src/install/ur3e_on_table/bin'
[2.815s] Level 1:colcon.colcon_core.environment:create_environment_scripts_only(ur3e_on_table)
[2.816s] INFO:colcon.colcon_core.shell:Creating package script '/home/shay/a/ho225/ece569-fall2026/Lab2/ws2/src/install/ur3e_on_table/share/ur3e_on_table/package.ps1'
[2.817s] INFO:colcon.colcon_core.shell:Creating package descriptor '/home/shay/a/ho225/ece569-fall2026/Lab2/ws2/src/install/ur3e_on_table/share/ur3e_on_table/package.dsv'
[2.817s] INFO:colcon.colcon_core.shell:Creating package script '/home/shay/a/ho225/ece569-fall2026/Lab2/ws2/src/install/ur3e_on_table/share/ur3e_on_table/package.sh'
[2.819s] INFO:colcon.colcon_core.shell:Creating package script '/home/shay/a/ho225/ece569-fall2026/Lab2/ws2/src/install/ur3e_on_table/share/ur3e_on_table/package.bash'
[2.819s] INFO:colcon.colcon_core.shell:Creating package script '/home/shay/a/ho225/ece569-fall2026/Lab2/ws2/src/install/ur3e_on_table/share/ur3e_on_table/package.zsh'
[2.820s] Level 1:colcon.colcon_core.environment:create_file_with_runtime_dependencies(/home/shay/a/ho225/ece569-fall2026/Lab2/ws2/src/install/ur3e_on_table/share/colcon-core/packages/ur3e_on_table)
[2.821s] Level 1:colcon.colcon_core.shell:create_environment_hook('rrbot_description', 'pythonpath_develop')
[2.822s] INFO:colcon.colcon_core.shell:Creating environment hook '/home/shay/a/ho225/ece569-fall2026/Lab2/ws2/src/build/rrbot_description/share/rrbot_description/hook/pythonpath_develop.ps1'
[2.823s] DEBUG:colcon.colcon_core.event_handler.log_command:Invoked command in '/home/shay/a/ho225/ece569-fall2026/Lab2/ws2/src/build/rrbot_description' returned '0': PYTHONPATH=/home/shay/a/ho225/ece569-fall2026/Lab2/ws2/src/build/rrbot_description/prefix_override:/usr/lib/python3/dist-packages/colcon_core/task/python/colcon_distutils_commands:/home/shay/a/ho225/ece569-fall2026/Lab2/ws2/src/install/rrbot_description/lib/python3.10/site-packages:${PYTHONPATH} /usr/bin/python3 -W ignore:setup.py install is deprecated -W ignore:easy_install command is deprecated setup.py develop --editable --build-directory /home/shay/a/ho225/ece569-fall2026/Lab2/ws2/src/build/rrbot_description/build --no-deps symlink_data
[2.824s] INFO:colcon.colcon_core.shell:Creating environment descriptor '/home/shay/a/ho225/ece569-fall2026/Lab2/ws2/src/build/rrbot_description/share/rrbot_description/hook/pythonpath_develop.dsv'
[2.824s] INFO:colcon.colcon_core.shell:Creating environment hook '/home/shay/a/ho225/ece569-fall2026/Lab2/ws2/src/build/rrbot_description/share/rrbot_description/hook/pythonpath_develop.sh'
[2.826s] Level 1:colcon.colcon_core.environment:checking '/home/shay/a/ho225/ece569-fall2026/Lab2/ws2/src/install/rrbot_description' for CMake module files
[2.827s] Level 1:colcon.colcon_core.environment:checking '/home/shay/a/ho225/ece569-fall2026/Lab2/ws2/src/install/rrbot_description' for CMake config files
[2.829s] Level 1:colcon.colcon_core.environment:checking '/home/shay/a/ho225/ece569-fall2026/Lab2/ws2/src/install/rrbot_description/lib'
[2.829s] Level 1:colcon.colcon_core.environment:checking '/home/shay/a/ho225/ece569-fall2026/Lab2/ws2/src/install/rrbot_description/bin'
[2.829s] Level 1:colcon.colcon_core.environment:checking '/home/shay/a/ho225/ece569-fall2026/Lab2/ws2/src/install/rrbot_description/lib/pkgconfig/rrbot_description.pc'
[2.830s] Level 1:colcon.colcon_core.environment:checking '/home/shay/a/ho225/ece569-fall2026/Lab2/ws2/src/install/rrbot_description/lib/python3.10/site-packages'
[2.830s] Level 1:colcon.colcon_core.shell:create_environment_hook('rrbot_description', 'pythonpath')
[2.830s] INFO:colcon.colcon_core.shell:Creating environment hook '/home/shay/a/ho225/ece569-fall2026/Lab2/ws2/src/install/rrbot_description/share/rrbot_description/hook/pythonpath.ps1'
[2.831s] INFO:colcon.colcon_core.shell:Creating environment descriptor '/home/shay/a/ho225/ece569-fall2026/Lab2/ws2/src/install/rrbot_description/share/rrbot_description/hook/pythonpath.dsv'
[2.831s] INFO:colcon.colcon_core.shell:Creating environment hook '/home/shay/a/ho225/ece569-fall2026/Lab2/ws2/src/install/rrbot_description/share/rrbot_description/hook/pythonpath.sh'
[2.833s] Level 1:colcon.colcon_core.environment:checking '/home/shay/a/ho225/ece569-fall2026/Lab2/ws2/src/install/rrbot_description/bin'
[2.833s] Level 1:colcon.colcon_core.environment:create_environment_scripts_only(rrbot_description)
[2.833s] INFO:colcon.colcon_core.shell:Creating package script '/home/shay/a/ho225/ece569-fall2026/Lab2/ws2/src/install/rrbot_description/share/rrbot_description/package.ps1'
[2.834s] INFO:colcon.colcon_core.shell:Creating package descriptor '/home/shay/a/ho225/ece569-fall2026/Lab2/ws2/src/install/rrbot_description/share/rrbot_description/package.dsv'
[2.835s] INFO:colcon.colcon_core.shell:Creating package script '/home/shay/a/ho225/ece569-fall2026/Lab2/ws2/src/install/rrbot_description/share/rrbot_description/package.sh'
[2.836s] INFO:colcon.colcon_core.shell:Creating package script '/home/shay/a/ho225/ece569-fall2026/Lab2/ws2/src/install/rrbot_description/share/rrbot_description/package.bash'
[2.836s] INFO:colcon.colcon_core.shell:Creating package script '/home/shay/a/ho225/ece569-fall2026/Lab2/ws2/src/install/rrbot_description/share/rrbot_description/package.zsh'
[2.837s] Level 1:colcon.colcon_core.environment:create_file_with_runtime_dependencies(/home/shay/a/ho225/ece569-fall2026/Lab2/ws2/src/install/rrbot_description/share/colcon-core/packages/rrbot_description)
[2.838s] DEBUG:colcon.colcon_parallel_executor.executor.parallel:closing loop
[2.838s] DEBUG:colcon.colcon_parallel_executor.executor.parallel:loop closed
[2.838s] DEBUG:colcon.colcon_parallel_executor.executor.parallel:run_until_complete finished with '0'
[2.838s] DEBUG:colcon.colcon_core.event_reactor:joining thread
[2.845s] INFO:colcon.colcon_core.plugin_system:Skipping extension 'colcon_notification.desktop_notification.terminal_notifier': Not used on non-Darwin systems
[2.845s] INFO:colcon.colcon_core.plugin_system:Skipping extension 'colcon_notification.desktop_notification.win32': Not used on non-Windows systems
[2.845s] INFO:colcon.colcon_notification.desktop_notification:Sending desktop notification using 'notify2'
[2.851s] DEBUG:colcon.colcon_core.event_reactor:joined thread
[2.852s] INFO:colcon.colcon_core.shell:Creating prefix script '/home/shay/a/ho225/ece569-fall2026/Lab2/ws2/src/install/local_setup.ps1'
[2.854s] INFO:colcon.colcon_core.shell:Creating prefix util module '/home/shay/a/ho225/ece569-fall2026/Lab2/ws2/src/install/_local_setup_util_ps1.py'
[2.855s] INFO:colcon.colcon_core.shell:Creating prefix chain script '/home/shay/a/ho225/ece569-fall2026/Lab2/ws2/src/install/setup.ps1'
[2.858s] INFO:colcon.colcon_core.shell:Creating prefix script '/home/shay/a/ho225/ece569-fall2026/Lab2/ws2/src/install/local_setup.sh'
[2.859s] INFO:colcon.colcon_core.shell:Creating prefix util module '/home/shay/a/ho225/ece569-fall2026/Lab2/ws2/src/install/_local_setup_util_sh.py'
[2.860s] INFO:colcon.colcon_core.shell:Creating prefix chain script '/home/shay/a/ho225/ece569-fall2026/Lab2/ws2/src/install/setup.sh'
[2.862s] INFO:colcon.colcon_core.shell:Creating prefix script '/home/shay/a/ho225/ece569-fall2026/Lab2/ws2/src/install/local_setup.bash'
[2.862s] INFO:colcon.colcon_core.shell:Creating prefix chain script '/home/shay/a/ho225/ece569-fall2026/Lab2/ws2/src/install/setup.bash'
[2.864s] INFO:colcon.colcon_core.shell:Creating prefix script '/home/shay/a/ho225/ece569-fall2026/Lab2/ws2/src/install/local_setup.zsh'
[2.865s] INFO:colcon.colcon_core.shell:Creating prefix chain script '/home/shay/a/ho225/ece569-fall2026/Lab2/ws2/src/install/setup.zsh'
