[0.098s] DEBUG:colcon:Command line arguments: ['/bin/colcon', 'build', '--symlink-install']
[0.098s] DEBUG:colcon:Parsed command line arguments: Namespace(log_base=None, log_level=None, verb_name='build', build_base='build', install_base='install', merge_install=False, symlink_install=True, test_result_base=None, continue_on_error=False, executor='parallel', parallel_workers=128, event_handlers=None, ignore_user_meta=False, metas=['./colcon.meta'], base_paths=['.'], packages_ignore=None, packages_ignore_regex=None, paths=None, packages_up_to=None, packages_up_to_regex=None, packages_above=None, packages_above_and_dependencies=None, packages_above_depth=None, packages_select_by_dep=None, packages_skip_by_dep=None, packages_skip_up_to=None, packages_select_build_failed=False, packages_skip_build_finished=False, packages_select_test_failures=False, packages_skip_test_passed=False, packages_select=None, packages_skip=None, packages_select_regex=None, packages_skip_regex=None, packages_start=None, packages_end=None, allow_overriding=[], cmake_args=None, cmake_target=None, cmake_target_skip_unavailable=False, cmake_clean_cache=False, cmake_clean_first=False, cmake_force_configure=False, ament_cmake_args=None, catkin_cmake_args=None, catkin_skip_building_tests=False, verb_parser=<colcon_defaults.argument_parser.defaults.DefaultArgumentsDecorator object at 0x7f818dc9b730>, verb_extension=<colcon_core.verb.build.BuildVerb object at 0x7f818dc9b250>, main=<bound method BuildVerb.main of <colcon_core.verb.build.BuildVerb object at 0x7f818dc9b250>>)
[0.316s] Level 1:colcon.colcon_core.package_discovery:discover_packages(colcon_meta) check parameters
[0.316s] Level 1:colcon.colcon_core.package_discovery:discover_packages(recursive) check parameters
[0.316s] Level 1:colcon.colcon_core.package_discovery:discover_packages(ignore) check parameters
[0.316s] Level 1:colcon.colcon_core.package_discovery:discover_packages(path) check parameters
[0.316s] Level 1:colcon.colcon_core.package_discovery:discover_packages(colcon_meta) discover
[0.316s] Level 1:colcon.colcon_core.package_discovery:discover_packages(recursive) discover
[0.316s] INFO:colcon.colcon_core.package_discovery:Crawling recursively for packages in '/home/shay/a/ho225/ece569-fall2026/Lab2/ws2/src'
[0.317s] Level 1:colcon.colcon_core.package_identification:_identify(.) by extensions ['ignore', 'ignore_ament_install']
[0.317s] Level 1:colcon.colcon_core.package_identification:_identify(.) by extension 'ignore'
[0.317s] Level 1:colcon.colcon_core.package_identification:_identify(.) by extension 'ignore_ament_install'
[0.317s] Level 1:colcon.colcon_core.package_identification:_identify(.) by extensions ['colcon_pkg']
[0.317s] Level 1:colcon.colcon_core.package_identification:_identify(.) by extension 'colcon_pkg'
[0.317s] Level 1:colcon.colcon_core.package_identification:_identify(.) by extensions ['colcon_meta']
[0.317s] Level 1:colcon.colcon_core.package_identification:_identify(.) by extension 'colcon_meta'
[0.317s] Level 1:colcon.colcon_core.package_identification:_identify(.) by extensions ['ros']
[0.317s] Level 1:colcon.colcon_core.package_identification:_identify(.) by extension 'ros'
[0.334s] Level 1:colcon.colcon_core.package_identification:_identify(.) by extensions ['cmake', 'python']
[0.334s] Level 1:colcon.colcon_core.package_identification:_identify(.) by extension 'cmake'
[0.334s] Level 1:colcon.colcon_core.package_identification:_identify(.) by extension 'python'
[0.334s] Level 1:colcon.colcon_core.package_identification:_identify(.) by extensions ['python_setup_py']
[0.334s] Level 1:colcon.colcon_core.package_identification:_identify(.) by extension 'python_setup_py'
[0.335s] Level 1:colcon.colcon_core.package_identification:_identify(build) by extensions ['ignore', 'ignore_ament_install']
[0.335s] Level 1:colcon.colcon_core.package_identification:_identify(build) by extension 'ignore'
[0.335s] Level 1:colcon.colcon_core.package_identification:_identify(build) ignored
[0.335s] Level 1:colcon.colcon_core.package_identification:_identify(install) by extensions ['ignore', 'ignore_ament_install']
[0.335s] Level 1:colcon.colcon_core.package_identification:_identify(install) by extension 'ignore'
[0.335s] Level 1:colcon.colcon_core.package_identification:_identify(install) ignored
[0.336s] Level 1:colcon.colcon_core.package_identification:_identify(log) by extensions ['ignore', 'ignore_ament_install']
[0.336s] Level 1:colcon.colcon_core.package_identification:_identify(log) by extension 'ignore'
[0.336s] Level 1:colcon.colcon_core.package_identification:_identify(log) ignored
[0.336s] Level 1:colcon.colcon_core.package_identification:_identify(rrbot_description) by extensions ['ignore', 'ignore_ament_install']
[0.336s] Level 1:colcon.colcon_core.package_identification:_identify(rrbot_description) by extension 'ignore'
[0.336s] Level 1:colcon.colcon_core.package_identification:_identify(rrbot_description) by extension 'ignore_ament_install'
[0.336s] Level 1:colcon.colcon_core.package_identification:_identify(rrbot_description) by extensions ['colcon_pkg']
[0.336s] Level 1:colcon.colcon_core.package_identification:_identify(rrbot_description) by extension 'colcon_pkg'
[0.336s] Level 1:colcon.colcon_core.package_identification:_identify(rrbot_description) by extensions ['colcon_meta']
[0.336s] Level 1:colcon.colcon_core.package_identification:_identify(rrbot_description) by extension 'colcon_meta'
[0.336s] Level 1:colcon.colcon_core.package_identification:_identify(rrbot_description) by extensions ['ros']
[0.336s] Level 1:colcon.colcon_core.package_identification:_identify(rrbot_description) by extension 'ros'
[0.338s] DEBUG:colcon.colcon_core.package_identification:Package 'rrbot_description' with type 'ros.ament_python' and name 'rrbot_description'
[0.339s] Level 1:colcon.colcon_core.package_identification:_identify(table_description) by extensions ['ignore', 'ignore_ament_install']
[0.339s] Level 1:colcon.colcon_core.package_identification:_identify(table_description) by extension 'ignore'
[0.339s] Level 1:colcon.colcon_core.package_identification:_identify(table_description) by extension 'ignore_ament_install'
[0.339s] Level 1:colcon.colcon_core.package_identification:_identify(table_description) by extensions ['colcon_pkg']
[0.339s] Level 1:colcon.colcon_core.package_identification:_identify(table_description) by extension 'colcon_pkg'
[0.339s] Level 1:colcon.colcon_core.package_identification:_identify(table_description) by extensions ['colcon_meta']
[0.339s] Level 1:colcon.colcon_core.package_identification:_identify(table_description) by extension 'colcon_meta'
[0.340s] Level 1:colcon.colcon_core.package_identification:_identify(table_description) by extensions ['ros']
[0.340s] Level 1:colcon.colcon_core.package_identification:_identify(table_description) by extension 'ros'
[0.340s] DEBUG:colcon.colcon_core.package_identification:Package 'table_description' with type 'ros.ament_python' and name 'table_description'
[0.340s] Level 1:colcon.colcon_core.package_discovery:discover_packages(recursive) using defaults
[0.340s] Level 1:colcon.colcon_core.package_discovery:discover_packages(ignore) discover
[0.340s] Level 1:colcon.colcon_core.package_discovery:discover_packages(ignore) using defaults
[0.341s] Level 1:colcon.colcon_core.package_discovery:discover_packages(path) discover
[0.341s] Level 1:colcon.colcon_core.package_discovery:discover_packages(path) using defaults
[0.358s] Level 1:colcon.colcon_core.package_discovery:discover_packages(prefix_path) check parameters
[0.358s] Level 1:colcon.colcon_core.package_discovery:discover_packages(prefix_path) discover
[0.361s] DEBUG:colcon.colcon_installed_package_information.package_discovery:Found 1 installed packages in /home/shay/a/ho225/ece569-fall2026/Lab2/ws2/src/install
[0.363s] DEBUG:colcon.colcon_installed_package_information.package_discovery:Found 364 installed packages in /opt/ros/humble
[0.364s] Level 1:colcon.colcon_core.package_discovery:discover_packages(prefix_path) using defaults
[0.407s] Level 5:colcon.colcon_core.verb:set package 'rrbot_description' build argument 'cmake_args' from command line to 'None'
[0.407s] Level 5:colcon.colcon_core.verb:set package 'rrbot_description' build argument 'cmake_target' from command line to 'None'
[0.407s] Level 5:colcon.colcon_core.verb:set package 'rrbot_description' build argument 'cmake_target_skip_unavailable' from command line to 'False'
[0.407s] Level 5:colcon.colcon_core.verb:set package 'rrbot_description' build argument 'cmake_clean_cache' from command line to 'False'
[0.407s] Level 5:colcon.colcon_core.verb:set package 'rrbot_description' build argument 'cmake_clean_first' from command line to 'False'
[0.407s] Level 5:colcon.colcon_core.verb:set package 'rrbot_description' build argument 'cmake_force_configure' from command line to 'False'
[0.407s] Level 5:colcon.colcon_core.verb:set package 'rrbot_description' build argument 'ament_cmake_args' from command line to 'None'
[0.407s] Level 5:colcon.colcon_core.verb:set package 'rrbot_description' build argument 'catkin_cmake_args' from command line to 'None'
[0.407s] Level 5:colcon.colcon_core.verb:set package 'rrbot_description' build argument 'catkin_skip_building_tests' from command line to 'False'
[0.407s] DEBUG:colcon.colcon_core.verb:Building package 'rrbot_description' with the following arguments: {'ament_cmake_args': None, 'build_base': '/home/shay/a/ho225/ece569-fall2026/Lab2/ws2/src/build/rrbot_description', 'catkin_cmake_args': None, 'catkin_skip_building_tests': False, 'cmake_args': None, 'cmake_clean_cache': False, 'cmake_clean_first': False, 'cmake_force_configure': False, 'cmake_target': None, 'cmake_target_skip_unavailable': False, 'install_base': '/home/shay/a/ho225/ece569-fall2026/Lab2/ws2/src/install/rrbot_description', 'merge_install': False, 'path': '/home/shay/a/ho225/ece569-fall2026/Lab2/ws2/src/rrbot_description', 'symlink_install': True, 'test_result_base': None}
[0.407s] Level 5:colcon.colcon_core.verb:set package 'table_description' build argument 'cmake_args' from command line to 'None'
[0.407s] Level 5:colcon.colcon_core.verb:set package 'table_description' build argument 'cmake_target' from command line to 'None'
[0.407s] Level 5:colcon.colcon_core.verb:set package 'table_description' build argument 'cmake_target_skip_unavailable' from command line to 'False'
[0.407s] Level 5:colcon.colcon_core.verb:set package 'table_description' build argument 'cmake_clean_cache' from command line to 'False'
[0.407s] Level 5:colcon.colcon_core.verb:set package 'table_description' build argument 'cmake_clean_first' from command line to 'False'
[0.407s] Level 5:colcon.colcon_core.verb:set package 'table_description' build argument 'cmake_force_configure' from command line to 'False'
[0.407s] Level 5:colcon.colcon_core.verb:set package 'table_description' build argument 'ament_cmake_args' from command line to 'None'
[0.407s] Level 5:colcon.colcon_core.verb:set package 'table_description' build argument 'catkin_cmake_args' from command line to 'None'
[0.407s] Level 5:colcon.colcon_core.verb:set package 'table_description' build argument 'catkin_skip_building_tests' from command line to 'False'
[0.407s] DEBUG:colcon.colcon_core.verb:Building package 'table_description' with the following arguments: {'ament_cmake_args': None, 'build_base': '/home/shay/a/ho225/ece569-fall2026/Lab2/ws2/src/build/table_description', 'catkin_cmake_args': None, 'catkin_skip_building_tests': False, 'cmake_args': None, 'cmake_clean_cache': False, 'cmake_clean_first': False, 'cmake_force_configure': False, 'cmake_target': None, 'cmake_target_skip_unavailable': False, 'install_base': '/home/shay/a/ho225/ece569-fall2026/Lab2/ws2/src/install/table_description', 'merge_install': False, 'path': '/home/shay/a/ho225/ece569-fall2026/Lab2/ws2/src/table_description', 'symlink_install': True, 'test_result_base': None}
[0.408s] INFO:colcon.colcon_core.executor:Executing jobs using 'parallel' executor
[0.408s] DEBUG:colcon.colcon_parallel_executor.executor.parallel:run_until_complete
[0.409s] INFO:colcon.colcon_ros.task.ament_python.build:Building ROS package in '/home/shay/a/ho225/ece569-fall2026/Lab2/ws2/src/rrbot_description' with build type 'ament_python'
[0.409s] Level 1:colcon.colcon_core.shell:create_environment_hook('rrbot_description', 'ament_prefix_path')
[0.411s] INFO:colcon.colcon_core.plugin_system:Skipping extension 'colcon_core.shell.bat': Not used on non-Windows systems
[0.411s] INFO:colcon.colcon_core.shell:Creating environment hook '/home/shay/a/ho225/ece569-fall2026/Lab2/ws2/src/install/rrbot_description/share/rrbot_description/hook/ament_prefix_path.ps1'
[0.412s] INFO:colcon.colcon_core.shell:Creating environment descriptor '/home/shay/a/ho225/ece569-fall2026/Lab2/ws2/src/install/rrbot_description/share/rrbot_description/hook/ament_prefix_path.dsv'
[0.413s] INFO:colcon.colcon_core.shell:Creating environment hook '/home/shay/a/ho225/ece569-fall2026/Lab2/ws2/src/install/rrbot_description/share/rrbot_description/hook/ament_prefix_path.sh'
[0.414s] INFO:colcon.colcon_core.shell:Skip shell extension 'powershell' for command environment: Not usable outside of PowerShell
[0.414s] DEBUG:colcon.colcon_core.shell:Skip shell extension 'dsv' for command environment
[0.420s] INFO:colcon.colcon_ros.task.ament_python.build:Building ROS package in '/home/shay/a/ho225/ece569-fall2026/Lab2/ws2/src/table_description' with build type 'ament_python'
[0.420s] Level 1:colcon.colcon_core.shell:create_environment_hook('table_description', 'ament_prefix_path')
[0.420s] INFO:colcon.colcon_core.shell:Creating environment hook '/home/shay/a/ho225/ece569-fall2026/Lab2/ws2/src/install/table_description/share/table_description/hook/ament_prefix_path.ps1'
[0.422s] INFO:colcon.colcon_core.shell:Creating environment descriptor '/home/shay/a/ho225/ece569-fall2026/Lab2/ws2/src/install/table_description/share/table_description/hook/ament_prefix_path.dsv'
[0.423s] INFO:colcon.colcon_core.shell:Creating environment hook '/home/shay/a/ho225/ece569-fall2026/Lab2/ws2/src/install/table_description/share/table_description/hook/ament_prefix_path.sh'
[0.424s] INFO:colcon.colcon_core.shell:Skip shell extension 'powershell' for command environment: Not usable outside of PowerShell
[0.424s] DEBUG:colcon.colcon_core.shell:Skip shell extension 'dsv' for command environment
[0.719s] INFO:colcon.colcon_core.task.python.build:Building Python package in '/home/shay/a/ho225/ece569-fall2026/Lab2/ws2/src/rrbot_description'
[0.719s] INFO:colcon.colcon_core.shell:Skip shell extension 'powershell' for command environment: Not usable outside of PowerShell
[0.719s] DEBUG:colcon.colcon_core.shell:Skip shell extension 'dsv' for command environment
[1.014s] INFO:colcon.colcon_core.task.python.build:Building Python package in '/home/shay/a/ho225/ece569-fall2026/Lab2/ws2/src/table_description'
[1.015s] INFO:colcon.colcon_core.shell:Skip shell extension 'powershell' for command environment: Not usable outside of PowerShell
[1.015s] DEBUG:colcon.colcon_core.shell:Skip shell extension 'dsv' for command environment
[1.470s] DEBUG:colcon.colcon_core.task.python.build:Available setuptools commands: install, build_sphinx, symlink_data, rotate, upload_docs, bdist_egg, isort, install_headers, clean, extract_messages, build, bdist_dumb, upload, alias, saveopts, init_catalog, install_scripts, install_lib, update_catalog, register, build_ext, build_scripts, test, install_data, compile_catalog, dist_info, sdist, develop, bdist, egg_info, install_egg_info, build_py, bdist_wheel, build_clib, setopt, easy_install, bdist_rpm, check
[1.517s] DEBUG:colcon.colcon_core.task.python.build:Available setuptools commands: install, build_sphinx, symlink_data, rotate, upload_docs, bdist_egg, isort, install_headers, clean, extract_messages, build, bdist_dumb, upload, alias, saveopts, init_catalog, install_scripts, install_lib, update_catalog, register, build_ext, build_scripts, test, install_data, compile_catalog, dist_info, sdist, develop, bdist, egg_info, install_egg_info, build_py, bdist_wheel, build_clib, setopt, easy_install, bdist_rpm, check
[1.807s] DEBUG:colcon.colcon_core.task.python.build:Available setuptools 'develop' options: --editable, --verbose, --index-url, --version, --exclude-scripts, --install-dir, --always-copy, --dry-run, --upgrade, --site-dirs, --build-directory, --no-user-cfg, --no-deps, --quiet, --record, --always-unzip, --install-layout, --zip-ok, --local-snapshots-ok, --prefix, --find-links, --force-installation-into-system-dir, --user, --allow-hosts, --uninstall, --help, --optimize, --multi-version, --egg-path, --script-dir, --no-find-links
[1.815s] DEBUG:colcon.colcon_core.event_handler.log_command:Invoking command in '/home/shay/a/ho225/ece569-fall2026/Lab2/ws2/src/build/rrbot_description': PYTHONPATH=/home/shay/a/ho225/ece569-fall2026/Lab2/ws2/src/build/rrbot_description/prefix_override:/usr/lib/python3/dist-packages/colcon_core/task/python/colcon_distutils_commands:/home/shay/a/ho225/ece569-fall2026/Lab2/ws2/src/install/rrbot_description/lib/python3.10/site-packages:${PYTHONPATH} /usr/bin/python3 -W ignore:setup.py install is deprecated -W ignore:easy_install command is deprecated setup.py develop --editable --build-directory /home/shay/a/ho225/ece569-fall2026/Lab2/ws2/src/build/rrbot_description/build --no-deps symlink_data
[1.843s] DEBUG:colcon.colcon_core.task.python.build:Available setuptools 'develop' options: --editable, --verbose, --index-url, --version, --exclude-scripts, --install-dir, --always-copy, --dry-run, --upgrade, --site-dirs, --build-directory, --no-user-cfg, --no-deps, --quiet, --record, --always-unzip, --install-layout, --zip-ok, --local-snapshots-ok, --prefix, --find-links, --force-installation-into-system-dir, --user, --allow-hosts, --uninstall, --help, --optimize, --multi-version, --egg-path, --script-dir, --no-find-links
[1.852s] DEBUG:colcon.colcon_core.event_handler.log_command:Invoking command in '/home/shay/a/ho225/ece569-fall2026/Lab2/ws2/src/build/table_description': PYTHONPATH=/home/shay/a/ho225/ece569-fall2026/Lab2/ws2/src/build/table_description/prefix_override:/usr/lib/python3/dist-packages/colcon_core/task/python/colcon_distutils_commands:/home/shay/a/ho225/ece569-fall2026/Lab2/ws2/src/install/table_description/lib/python3.10/site-packages:${PYTHONPATH} /usr/bin/python3 -W ignore:setup.py install is deprecated -W ignore:easy_install command is deprecated setup.py develop --editable --build-directory /home/shay/a/ho225/ece569-fall2026/Lab2/ws2/src/build/table_description/build --no-deps symlink_data
[2.410s] Level 1:colcon.colcon_core.shell:create_environment_hook('rrbot_description', 'pythonpath_develop')
[2.410s] INFO:colcon.colcon_core.shell:Creating environment hook '/home/shay/a/ho225/ece569-fall2026/Lab2/ws2/src/build/rrbot_description/share/rrbot_description/hook/pythonpath_develop.ps1'
[2.411s] DEBUG:colcon.colcon_core.event_handler.log_command:Invoked command in '/home/shay/a/ho225/ece569-fall2026/Lab2/ws2/src/build/rrbot_description' returned '0': PYTHONPATH=/home/shay/a/ho225/ece569-fall2026/Lab2/ws2/src/build/rrbot_description/prefix_override:/usr/lib/python3/dist-packages/colcon_core/task/python/colcon_distutils_commands:/home/shay/a/ho225/ece569-fall2026/Lab2/ws2/src/install/rrbot_description/lib/python3.10/site-packages:${PYTHONPATH} /usr/bin/python3 -W ignore:setup.py install is deprecated -W ignore:easy_install command is deprecated setup.py develop --editable --build-directory /home/shay/a/ho225/ece569-fall2026/Lab2/ws2/src/build/rrbot_description/build --no-deps symlink_data
[2.412s] INFO:colcon.colcon_core.shell:Creating environment descriptor '/home/shay/a/ho225/ece569-fall2026/Lab2/ws2/src/build/rrbot_description/share/rrbot_description/hook/pythonpath_develop.dsv'
[2.413s] INFO:colcon.colcon_core.shell:Creating environment hook '/home/shay/a/ho225/ece569-fall2026/Lab2/ws2/src/build/rrbot_description/share/rrbot_description/hook/pythonpath_develop.sh'
[2.417s] Level 1:colcon.colcon_core.environment:checking '/home/shay/a/ho225/ece569-fall2026/Lab2/ws2/src/install/rrbot_description' for CMake module files
[2.418s] Level 1:colcon.colcon_core.environment:checking '/home/shay/a/ho225/ece569-fall2026/Lab2/ws2/src/install/rrbot_description' for CMake config files
[2.421s] Level 1:colcon.colcon_core.environment:checking '/home/shay/a/ho225/ece569-fall2026/Lab2/ws2/src/install/rrbot_description/lib'
[2.421s] Level 1:colcon.colcon_core.environment:checking '/home/shay/a/ho225/ece569-fall2026/Lab2/ws2/src/install/rrbot_description/bin'
[2.421s] Level 1:colcon.colcon_core.environment:checking '/home/shay/a/ho225/ece569-fall2026/Lab2/ws2/src/install/rrbot_description/lib/pkgconfig/rrbot_description.pc'
[2.421s] Level 1:colcon.colcon_core.environment:checking '/home/shay/a/ho225/ece569-fall2026/Lab2/ws2/src/install/rrbot_description/lib/python3.10/site-packages'
[2.421s] Level 1:colcon.colcon_core.shell:create_environment_hook('rrbot_description', 'pythonpath')
[2.422s] INFO:colcon.colcon_core.shell:Creating environment hook '/home/shay/a/ho225/ece569-fall2026/Lab2/ws2/src/install/rrbot_description/share/rrbot_description/hook/pythonpath.ps1'
[2.423s] INFO:colcon.colcon_core.shell:Creating environment descriptor '/home/shay/a/ho225/ece569-fall2026/Lab2/ws2/src/install/rrbot_description/share/rrbot_description/hook/pythonpath.dsv'
[2.423s] INFO:colcon.colcon_core.shell:Creating environment hook '/home/shay/a/ho225/ece569-fall2026/Lab2/ws2/src/install/rrbot_description/share/rrbot_description/hook/pythonpath.sh'
[2.425s] Level 1:colcon.colcon_core.environment:checking '/home/shay/a/ho225/ece569-fall2026/Lab2/ws2/src/install/rrbot_description/bin'
[2.425s] Level 1:colcon.colcon_core.environment:create_environment_scripts_only(rrbot_description)
[2.425s] INFO:colcon.colcon_core.shell:Creating package script '/home/shay/a/ho225/ece569-fall2026/Lab2/ws2/src/install/rrbot_description/share/rrbot_description/package.ps1'
[2.427s] INFO:colcon.colcon_core.shell:Creating package descriptor '/home/shay/a/ho225/ece569-fall2026/Lab2/ws2/src/install/rrbot_description/share/rrbot_description/package.dsv'
[2.428s] INFO:colcon.colcon_core.shell:Creating package script '/home/shay/a/ho225/ece569-fall2026/Lab2/ws2/src/install/rrbot_description/share/rrbot_description/package.sh'
[2.429s] INFO:colcon.colcon_core.shell:Creating package script '/home/shay/a/ho225/ece569-fall2026/Lab2/ws2/src/install/rrbot_description/share/rrbot_description/package.bash'
[2.430s] INFO:colcon.colcon_core.shell:Creating package script '/home/shay/a/ho225/ece569-fall2026/Lab2/ws2/src/install/rrbot_description/share/rrbot_description/package.zsh'
[2.432s] Level 1:colcon.colcon_core.environment:create_file_with_runtime_dependencies(/home/shay/a/ho225/ece569-fall2026/Lab2/ws2/src/install/rrbot_description/share/colcon-core/packages/rrbot_description)
[2.433s] Level 1:colcon.colcon_core.shell:create_environment_hook('table_description', 'pythonpath_develop')
[2.434s] INFO:colcon.colcon_core.shell:Creating environment hook '/home/shay/a/ho225/ece569-fall2026/Lab2/ws2/src/build/table_description/share/table_description/hook/pythonpath_develop.ps1'
[2.435s] DEBUG:colcon.colcon_core.event_handler.log_command:Invoked command in '/home/shay/a/ho225/ece569-fall2026/Lab2/ws2/src/build/table_description' returned '0': PYTHONPATH=/home/shay/a/ho225/ece569-fall2026/Lab2/ws2/src/build/table_description/prefix_override:/usr/lib/python3/dist-packages/colcon_core/task/python/colcon_distutils_commands:/home/shay/a/ho225/ece569-fall2026/Lab2/ws2/src/install/table_description/lib/python3.10/site-packages:${PYTHONPATH} /usr/bin/python3 -W ignore:setup.py install is deprecated -W ignore:easy_install command is deprecated setup.py develop --editable --build-directory /home/shay/a/ho225/ece569-fall2026/Lab2/ws2/src/build/table_description/build --no-deps symlink_data
[2.436s] INFO:colcon.colcon_core.shell:Creating environment descriptor '/home/shay/a/ho225/ece569-fall2026/Lab2/ws2/src/build/table_description/share/table_description/hook/pythonpath_develop.dsv'
[2.437s] INFO:colcon.colcon_core.shell:Creating environment hook '/home/shay/a/ho225/ece569-fall2026/Lab2/ws2/src/build/table_description/share/table_description/hook/pythonpath_develop.sh'
[2.438s] Level 1:colcon.colcon_core.environment:checking '/home/shay/a/ho225/ece569-fall2026/Lab2/ws2/src/install/table_description' for CMake module files
[2.439s] Level 1:colcon.colcon_core.environment:checking '/home/shay/a/ho225/ece569-fall2026/Lab2/ws2/src/install/table_description' for CMake config files
[2.443s] Level 1:colcon.colcon_core.environment:checking '/home/shay/a/ho225/ece569-fall2026/Lab2/ws2/src/install/table_description/lib'
[2.443s] Level 1:colcon.colcon_core.environment:checking '/home/shay/a/ho225/ece569-fall2026/Lab2/ws2/src/install/table_description/bin'
[2.443s] Level 1:colcon.colcon_core.environment:checking '/home/shay/a/ho225/ece569-fall2026/Lab2/ws2/src/install/table_description/lib/pkgconfig/table_description.pc'
[2.444s] Level 1:colcon.colcon_core.environment:checking '/home/shay/a/ho225/ece569-fall2026/Lab2/ws2/src/install/table_description/lib/python3.10/site-packages'
[2.444s] Level 1:colcon.colcon_core.shell:create_environment_hook('table_description', 'pythonpath')
[2.444s] INFO:colcon.colcon_core.shell:Creating environment hook '/home/shay/a/ho225/ece569-fall2026/Lab2/ws2/src/install/table_description/share/table_description/hook/pythonpath.ps1'
[2.445s] INFO:colcon.colcon_core.shell:Creating environment descriptor '/home/shay/a/ho225/ece569-fall2026/Lab2/ws2/src/install/table_description/share/table_description/hook/pythonpath.dsv'
[2.446s] INFO:colcon.colcon_core.shell:Creating environment hook '/home/shay/a/ho225/ece569-fall2026/Lab2/ws2/src/install/table_description/share/table_description/hook/pythonpath.sh'
[2.447s] Level 1:colcon.colcon_core.environment:checking '/home/shay/a/ho225/ece569-fall2026/Lab2/ws2/src/install/table_description/bin'
[2.447s] Level 1:colcon.colcon_core.environment:create_environment_scripts_only(table_description)
[2.447s] INFO:colcon.colcon_core.shell:Creating package script '/home/shay/a/ho225/ece569-fall2026/Lab2/ws2/src/install/table_description/share/table_description/package.ps1'
[2.448s] INFO:colcon.colcon_core.shell:Creating package descriptor '/home/shay/a/ho225/ece569-fall2026/Lab2/ws2/src/install/table_description/share/table_description/package.dsv'
[2.449s] INFO:colcon.colcon_core.shell:Creating package script '/home/shay/a/ho225/ece569-fall2026/Lab2/ws2/src/install/table_description/share/table_description/package.sh'
[2.450s] INFO:colcon.colcon_core.shell:Creating package script '/home/shay/a/ho225/ece569-fall2026/Lab2/ws2/src/install/table_description/share/table_description/package.bash'
[2.451s] INFO:colcon.colcon_core.shell:Creating package script '/home/shay/a/ho225/ece569-fall2026/Lab2/ws2/src/install/table_description/share/table_description/package.zsh'
[2.452s] Level 1:colcon.colcon_core.environment:create_file_with_runtime_dependencies(/home/shay/a/ho225/ece569-fall2026/Lab2/ws2/src/install/table_description/share/colcon-core/packages/table_description)
[2.453s] DEBUG:colcon.colcon_parallel_executor.executor.parallel:closing loop
[2.453s] DEBUG:colcon.colcon_parallel_executor.executor.parallel:loop closed
[2.453s] DEBUG:colcon.colcon_parallel_executor.executor.parallel:run_until_complete finished with '0'
[2.453s] DEBUG:colcon.colcon_core.event_reactor:joining thread
[2.461s] INFO:colcon.colcon_core.plugin_system:Skipping extension 'colcon_notification.desktop_notification.terminal_notifier': Not used on non-Darwin systems
[2.461s] INFO:colcon.colcon_core.plugin_system:Skipping extension 'colcon_notification.desktop_notification.win32': Not used on non-Windows systems
[2.461s] INFO:colcon.colcon_notification.desktop_notification:Sending desktop notification using 'notify2'
[2.466s] DEBUG:colcon.colcon_core.event_reactor:joined thread
[2.466s] INFO:colcon.colcon_core.shell:Creating prefix script '/home/shay/a/ho225/ece569-fall2026/Lab2/ws2/src/install/local_setup.ps1'
[2.468s] INFO:colcon.colcon_core.shell:Creating prefix util module '/home/shay/a/ho225/ece569-fall2026/Lab2/ws2/src/install/_local_setup_util_ps1.py'
[2.469s] INFO:colcon.colcon_core.shell:Creating prefix chain script '/home/shay/a/ho225/ece569-fall2026/Lab2/ws2/src/install/setup.ps1'
[2.471s] INFO:colcon.colcon_core.shell:Creating prefix script '/home/shay/a/ho225/ece569-fall2026/Lab2/ws2/src/install/local_setup.sh'
[2.472s] INFO:colcon.colcon_core.shell:Creating prefix util module '/home/shay/a/ho225/ece569-fall2026/Lab2/ws2/src/install/_local_setup_util_sh.py'
[2.474s] INFO:colcon.colcon_core.shell:Creating prefix chain script '/home/shay/a/ho225/ece569-fall2026/Lab2/ws2/src/install/setup.sh'
[2.476s] INFO:colcon.colcon_core.shell:Creating prefix script '/home/shay/a/ho225/ece569-fall2026/Lab2/ws2/src/install/local_setup.bash'
[2.477s] INFO:colcon.colcon_core.shell:Creating prefix chain script '/home/shay/a/ho225/ece569-fall2026/Lab2/ws2/src/install/setup.bash'
[2.479s] INFO:colcon.colcon_core.shell:Creating prefix script '/home/shay/a/ho225/ece569-fall2026/Lab2/ws2/src/install/local_setup.zsh'
[2.480s] INFO:colcon.colcon_core.shell:Creating prefix chain script '/home/shay/a/ho225/ece569-fall2026/Lab2/ws2/src/install/setup.zsh'
