[0.000000] (-) TimerEvent: {}
[0.000193] (rrbot_description) JobQueued: {'identifier': 'rrbot_description', 'dependencies': OrderedDict()}
[0.000229] (table_description) JobQueued: {'identifier': 'table_description', 'dependencies': OrderedDict()}
[0.000248] (ur3e_on_table) JobQueued: {'identifier': 'ur3e_on_table', 'dependencies': OrderedDict()}
[0.000265] (rrbot_description) JobStarted: {'identifier': 'rrbot_description'}
[0.011288] (table_description) JobStarted: {'identifier': 'table_description'}
[0.020637] (ur3e_on_table) JobStarted: {'identifier': 'ur3e_on_table'}
[0.099345] (-) TimerEvent: {}
[0.199618] (-) TimerEvent: {}
[0.299872] (-) TimerEvent: {}
[0.400122] (-) TimerEvent: {}
[0.500337] (-) TimerEvent: {}
[0.600482] (-) TimerEvent: {}
[0.700648] (-) TimerEvent: {}
[0.800858] (-) TimerEvent: {}
[0.901034] (-) TimerEvent: {}
[1.001272] (-) TimerEvent: {}
[1.101525] (-) TimerEvent: {}
[1.201788] (-) TimerEvent: {}
[1.302052] (-) TimerEvent: {}
[1.402307] (-) TimerEvent: {}
[1.502509] (-) TimerEvent: {}
[1.602832] (-) TimerEvent: {}
[1.703220] (-) TimerEvent: {}
[1.803613] (-) TimerEvent: {}
[1.804816] (ur3e_on_table) Command: {'cmd': ['/usr/bin/python3', '-W', 'ignore:setup.py install is deprecated', '-W', 'ignore:easy_install command is deprecated', 'setup.py', 'develop', '--editable', '--build-directory', '/home/shay/a/ho225/ece569-fall2026/Lab2/ws2/src/build/ur3e_on_table/build', '--no-deps', 'symlink_data'], 'cwd': '/home/shay/a/ho225/ece569-fall2026/Lab2/ws2/src/build/ur3e_on_table', 'env': OrderedDict([('MODULEPATH_PACKAGE', '/package/modulefiles/ecn'), ('PROFILEHOME', ''), ('LMOD_DIR', '/usr/share/lmod/lmod/libexec'), ('MAIL', '/var/spool/mail/ho225'), ('LANGUAGE', ''), ('USER', 'ho225'), ('LMOD_PACKAGE_PATH', '/etc/lmod'), ('LMOD_COLORIZE', 'yes'), ('SSH_AGENT_PID', '1090095'), ('XDG_SESSION_TYPE', 'x11'), ('LMOD_PKG', '/usr/share/lmod/lmod'), ('TLPROFILE', 'xfce'), ('KONSOLE_VERSION', '211203'), ('SHLVL', '1'), ('LD_LIBRARY_PATH', '/usr/lib/x86_64-linux-gnu/gazebo-11/plugins:/opt/ros/humble/opt/rviz_ogre_vendor/lib:/opt/ros/humble/lib/x86_64-linux-gnu:/opt/ros/humble/lib:/opt/thinlinc/lib64:/opt/thinlinc/lib'), ('HOME', '/home/shay/a/ho225'), ('OLDPWD', '/home/shay/a/ho225/ece569-fall2026/Lab2/ws2/src'), ('D_DISABLE_RT_SCREEN_SCALE', '1'), ('DESKTOP_SESSION', 'xfce'), ('PANEL_GDK_CORE_DEVICE_EVENTS', '0'), ('ROS_PYTHON_VERSION', '3'), ('SHELL_SESSION_ID', '9d2033760c0048c39a59a537727fd5fc'), ('KONSOLE_DBUS_SESSION', '/Sessions/1'), ('LC_CTYPE', 'C.UTF-8'), ('PCSCTUN_SERVER', '127.0.0.1:5046'), ('DBUS_SESSION_BUS_ADDRESS', 'unix:path=/run/user/933263/bus'), ('COLORTERM', 'truecolor'), ('LMOD_sys', 'Linux'), ('KONSOLE_DBUS_WINDOW', '/Windows/1'), ('COLCON_PREFIX_PATH', '/home/shay/a/ho225/ece569-fall2026/Lab2/ws2/src/install'), ('ROS_DISTRO', 'humble'), ('LOGNAME', 'ho225'), ('LMOD_AVAIL_STYLE', 'system:<grouped>'), ('WINDOWID', '92274695'), ('LMOD_VERSION', '6.6'), ('SUMO_HOME', '/usr/share/sumo'), ('PULSE_SERVER', '/var/opt/thinlinc/sessions/ho225/14/pulse/native 127.0.0.1:5045'), ('TLPREFIX', '/opt/thinlinc'), ('_', '/bin/colcon'), ('ROS_VERSION', '2'), ('XDG_SESSION_CLASS', 'user'), ('COLORFGBG', '15;0'), ('USERNAME', 'ho225'), ('TERM', 'xterm-256color'), ('XDG_SESSION_ID', '20480'), ('ROS_LOCALHOST_ONLY', '0'), ('PATH', '/opt/ros/humble/bin:/usr/NX/bin:/usr/local/bin:/bin:/usr/bin:/usr/local/sbin:/usr/sbin:/sbin:/usr/opt/bin:/usr/site/ece/bin:/opt/thinlinc/bin:/snap/bin:/home/shay/a/ho225/.dotnet/tools:.:/opt/thinlinc/sbin'), ('SESSION_MANAGER', 'local/eceprog1.ecn.purdue.edu:@/tmp/.ICE-unix/1090065,unix/eceprog1.ecn.purdue.edu:/tmp/.ICE-unix/1090065'), ('PULSE_RUNTIME_PATH', '/var/opt/thinlinc/sessions/ho225/14/pulse'), ('PCSCTUN_COOKIE', '/var/opt/thinlinc/sessions/ho225/14/pcsctun-cookie'), ('LMOD_PREPEND_BLOCK', 'normal'), ('LMOD_FULL_SETTARG_SUPPORT', 'no'), ('QT_SCALE_FACTOR_ROUNDING_POLICY', 'PassThrough'), ('XDG_MENU_PREFIX', 'xfce-'), ('XDG_RUNTIME_DIR', '/run/user/933263'), ('DISPLAY', ':14.0'), ('XDG_CURRENT_DESKTOP', 'XFCE'), ('DOTNET_BUNDLE_EXTRACT_BASE_DIR', '/home/shay/a/ho225/.cache/dotnet_bundle_extract'), ('XDG_SESSION_DESKTOP', 'xfce'), ('XAUTHORITY', '/var/opt/thinlinc/sessions/ho225/14/Xauthority'), ('SSH_AUTH_SOCK', '/tmp/ssh-XXXXXXBfYmJs/agent.1090094'), ('ROS_DOMAIN_ID', '27'), ('PULSE_COOKIE', '/var/opt/thinlinc/sessions/ho225/14/pulse-cookie'), ('AMENT_PREFIX_PATH', '/home/shay/a/ho225/ece569-fall2026/Lab2/ws2/src/install/ur3e_on_table:/home/shay/a/ho225/ece569-fall2026/Lab2/ws2/src/install/table_description:/home/shay/a/ho225/ece569-fall2026/Lab2/ws2/src/install/rrbot_description:/opt/ros/humble'), ('SHELL', '/bin/bash'), ('KRB5CCNAME', '/var/opt/thinlinc/sessions/ho225/14/krb5cc'), ('MODULEPATH_ROOT', '/usr/modulefiles'), ('MODULEPATH_LOCAL', '/etc/modulefiles'), ('ROS_WS', '/home/shay/a/ho225/ece569-fall2026/Lab2/ws2/'), ('LMOD_CMD', '/usr/share/lmod/lmod/libexec/lmod'), ('KONSOLE_DBUS_SERVICE', ':1.864'), ('BASH_ENV', '/usr/share/lmod/lmod/init/bash'), ('PWD', '/home/shay/a/ho225/ece569-fall2026/Lab2/ws2/src/build/ur3e_on_table'), ('TLSESSIONDATA', '/var/opt/thinlinc/sessions/ho225/14'), ('XDG_CONFIG_DIRS', '/etc/xdg'), ('TOWN', 'Springfield'), ('XDG_DATA_DIRS', '/usr/share/gnome:/usr/local/share:/usr/share:/var/lib/snapd/desktop:/usr/share'), ('PYTHONPATH', '/home/shay/a/ho225/ece569-fall2026/Lab2/ws2/src/build/ur3e_on_table/prefix_override:/usr/lib/python3/dist-packages/colcon_core/task/python/colcon_distutils_commands:/home/shay/a/ho225/ece569-fall2026/Lab2/ws2/src/install/ur3e_on_table/lib/python3.10/site-packages:/home/shay/a/ho225/ece569-fall2026/Lab2/ws2/src/build/ur3e_on_table:/home/shay/a/ho225/ece569-fall2026/Lab2/ws2/src/install/ur3e_on_table/lib/python3.10/site-packages:/home/shay/a/ho225/ece569-fall2026/Lab2/ws2/src/build/table_description:/home/shay/a/ho225/ece569-fall2026/Lab2/ws2/src/install/table_description/lib/python3.10/site-packages:/home/shay/a/ho225/ece569-fall2026/Lab2/ws2/src/build/rrbot_description:/home/shay/a/ho225/ece569-fall2026/Lab2/ws2/src/install/rrbot_description/lib/python3.10/site-packages:/opt/ros/humble/lib/python3.10/site-packages:/opt/ros/humble/local/lib/python3.10/dist-packages'), ('LMOD_arch', 'x86_64'), ('COLCON', '1'), ('MANPATH', '/usr/share/lmod/lmod/share/man:::/opt/thinlinc/share/man'), ('MODULEPATH', '/etc/lmod/modules:/usr/share/lmod/lmod/modulefiles/:/etc/modulefiles/pkg:/package/modulefiles/ecn/common:/package/modulefiles/ecn/ubuntu'), ('MODULESHOME', '/usr/share/lmod/lmod'), ('LMOD_SETTARG_CMD', ':')]), 'shell': False}
[1.812605] (table_description) Command: {'cmd': ['/usr/bin/python3', '-W', 'ignore:setup.py install is deprecated', '-W', 'ignore:easy_install command is deprecated', 'setup.py', 'develop', '--editable', '--build-directory', '/home/shay/a/ho225/ece569-fall2026/Lab2/ws2/src/build/table_description/build', '--no-deps', 'symlink_data'], 'cwd': '/home/shay/a/ho225/ece569-fall2026/Lab2/ws2/src/build/table_description', 'env': OrderedDict([('MODULEPATH_PACKAGE', '/package/modulefiles/ecn'), ('PROFILEHOME', ''), ('LMOD_DIR', '/usr/share/lmod/lmod/libexec'), ('MAIL', '/var/spool/mail/ho225'), ('LANGUAGE', ''), ('USER', 'ho225'), ('LMOD_PACKAGE_PATH', '/etc/lmod'), ('LMOD_COLORIZE', 'yes'), ('SSH_AGENT_PID', '1090095'), ('XDG_SESSION_TYPE', 'x11'), ('LMOD_PKG', '/usr/share/lmod/lmod'), ('TLPROFILE', 'xfce'), ('KONSOLE_VERSION', '211203'), ('SHLVL', '1'), ('LD_LIBRARY_PATH', '/usr/lib/x86_64-linux-gnu/gazebo-11/plugins:/opt/ros/humble/opt/rviz_ogre_vendor/lib:/opt/ros/humble/lib/x86_64-linux-gnu:/opt/ros/humble/lib:/opt/thinlinc/lib64:/opt/thinlinc/lib'), ('HOME', '/home/shay/a/ho225'), ('OLDPWD', '/home/shay/a/ho225/ece569-fall2026/Lab2/ws2/src'), ('D_DISABLE_RT_SCREEN_SCALE', '1'), ('DESKTOP_SESSION', 'xfce'), ('PANEL_GDK_CORE_DEVICE_EVENTS', '0'), ('ROS_PYTHON_VERSION', '3'), ('SHELL_SESSION_ID', '9d2033760c0048c39a59a537727fd5fc'), ('KONSOLE_DBUS_SESSION', '/Sessions/1'), ('LC_CTYPE', 'C.UTF-8'), ('PCSCTUN_SERVER', '127.0.0.1:5046'), ('DBUS_SESSION_BUS_ADDRESS', 'unix:path=/run/user/933263/bus'), ('COLORTERM', 'truecolor'), ('LMOD_sys', 'Linux'), ('KONSOLE_DBUS_WINDOW', '/Windows/1'), ('COLCON_PREFIX_PATH', '/home/shay/a/ho225/ece569-fall2026/Lab2/ws2/src/install'), ('ROS_DISTRO', 'humble'), ('LOGNAME', 'ho225'), ('LMOD_AVAIL_STYLE', 'system:<grouped>'), ('WINDOWID', '92274695'), ('LMOD_VERSION', '6.6'), ('SUMO_HOME', '/usr/share/sumo'), ('PULSE_SERVER', '/var/opt/thinlinc/sessions/ho225/14/pulse/native 127.0.0.1:5045'), ('TLPREFIX', '/opt/thinlinc'), ('_', '/bin/colcon'), ('ROS_VERSION', '2'), ('XDG_SESSION_CLASS', 'user'), ('COLORFGBG', '15;0'), ('USERNAME', 'ho225'), ('TERM', 'xterm-256color'), ('XDG_SESSION_ID', '20480'), ('ROS_LOCALHOST_ONLY', '0'), ('PATH', '/opt/ros/humble/bin:/usr/NX/bin:/usr/local/bin:/bin:/usr/bin:/usr/local/sbin:/usr/sbin:/sbin:/usr/opt/bin:/usr/site/ece/bin:/opt/thinlinc/bin:/snap/bin:/home/shay/a/ho225/.dotnet/tools:.:/opt/thinlinc/sbin'), ('SESSION_MANAGER', 'local/eceprog1.ecn.purdue.edu:@/tmp/.ICE-unix/1090065,unix/eceprog1.ecn.purdue.edu:/tmp/.ICE-unix/1090065'), ('PULSE_RUNTIME_PATH', '/var/opt/thinlinc/sessions/ho225/14/pulse'), ('PCSCTUN_COOKIE', '/var/opt/thinlinc/sessions/ho225/14/pcsctun-cookie'), ('LMOD_PREPEND_BLOCK', 'normal'), ('LMOD_FULL_SETTARG_SUPPORT', 'no'), ('QT_SCALE_FACTOR_ROUNDING_POLICY', 'PassThrough'), ('XDG_MENU_PREFIX', 'xfce-'), ('XDG_RUNTIME_DIR', '/run/user/933263'), ('DISPLAY', ':14.0'), ('XDG_CURRENT_DESKTOP', 'XFCE'), ('DOTNET_BUNDLE_EXTRACT_BASE_DIR', '/home/shay/a/ho225/.cache/dotnet_bundle_extract'), ('XDG_SESSION_DESKTOP', 'xfce'), ('XAUTHORITY', '/var/opt/thinlinc/sessions/ho225/14/Xauthority'), ('SSH_AUTH_SOCK', '/tmp/ssh-XXXXXXBfYmJs/agent.1090094'), ('ROS_DOMAIN_ID', '27'), ('PULSE_COOKIE', '/var/opt/thinlinc/sessions/ho225/14/pulse-cookie'), ('AMENT_PREFIX_PATH', '/home/shay/a/ho225/ece569-fall2026/Lab2/ws2/src/install/ur3e_on_table:/home/shay/a/ho225/ece569-fall2026/Lab2/ws2/src/install/table_description:/home/shay/a/ho225/ece569-fall2026/Lab2/ws2/src/install/rrbot_description:/opt/ros/humble'), ('SHELL', '/bin/bash'), ('KRB5CCNAME', '/var/opt/thinlinc/sessions/ho225/14/krb5cc'), ('MODULEPATH_ROOT', '/usr/modulefiles'), ('MODULEPATH_LOCAL', '/etc/modulefiles'), ('ROS_WS', '/home/shay/a/ho225/ece569-fall2026/Lab2/ws2/'), ('LMOD_CMD', '/usr/share/lmod/lmod/libexec/lmod'), ('KONSOLE_DBUS_SERVICE', ':1.864'), ('BASH_ENV', '/usr/share/lmod/lmod/init/bash'), ('PWD', '/home/shay/a/ho225/ece569-fall2026/Lab2/ws2/src/build/table_description'), ('TLSESSIONDATA', '/var/opt/thinlinc/sessions/ho225/14'), ('XDG_CONFIG_DIRS', '/etc/xdg'), ('TOWN', 'Springfield'), ('XDG_DATA_DIRS', '/usr/share/gnome:/usr/local/share:/usr/share:/var/lib/snapd/desktop:/usr/share'), ('PYTHONPATH', '/home/shay/a/ho225/ece569-fall2026/Lab2/ws2/src/build/table_description/prefix_override:/usr/lib/python3/dist-packages/colcon_core/task/python/colcon_distutils_commands:/home/shay/a/ho225/ece569-fall2026/Lab2/ws2/src/install/table_description/lib/python3.10/site-packages:/home/shay/a/ho225/ece569-fall2026/Lab2/ws2/src/build/ur3e_on_table:/home/shay/a/ho225/ece569-fall2026/Lab2/ws2/src/install/ur3e_on_table/lib/python3.10/site-packages:/home/shay/a/ho225/ece569-fall2026/Lab2/ws2/src/build/table_description:/home/shay/a/ho225/ece569-fall2026/Lab2/ws2/src/install/table_description/lib/python3.10/site-packages:/home/shay/a/ho225/ece569-fall2026/Lab2/ws2/src/build/rrbot_description:/home/shay/a/ho225/ece569-fall2026/Lab2/ws2/src/install/rrbot_description/lib/python3.10/site-packages:/opt/ros/humble/lib/python3.10/site-packages:/opt/ros/humble/local/lib/python3.10/dist-packages'), ('LMOD_arch', 'x86_64'), ('COLCON', '1'), ('MANPATH', '/usr/share/lmod/lmod/share/man:::/opt/thinlinc/share/man'), ('MODULEPATH', '/etc/lmod/modules:/usr/share/lmod/lmod/modulefiles/:/etc/modulefiles/pkg:/package/modulefiles/ecn/common:/package/modulefiles/ecn/ubuntu'), ('MODULESHOME', '/usr/share/lmod/lmod'), ('LMOD_SETTARG_CMD', ':')]), 'shell': False}
[1.832961] (rrbot_description) Command: {'cmd': ['/usr/bin/python3', '-W', 'ignore:setup.py install is deprecated', '-W', 'ignore:easy_install command is deprecated', 'setup.py', 'develop', '--editable', '--build-directory', '/home/shay/a/ho225/ece569-fall2026/Lab2/ws2/src/build/rrbot_description/build', '--no-deps', 'symlink_data'], 'cwd': '/home/shay/a/ho225/ece569-fall2026/Lab2/ws2/src/build/rrbot_description', 'env': OrderedDict([('MODULEPATH_PACKAGE', '/package/modulefiles/ecn'), ('PROFILEHOME', ''), ('LMOD_DIR', '/usr/share/lmod/lmod/libexec'), ('MAIL', '/var/spool/mail/ho225'), ('LANGUAGE', ''), ('USER', 'ho225'), ('LMOD_PACKAGE_PATH', '/etc/lmod'), ('LMOD_COLORIZE', 'yes'), ('SSH_AGENT_PID', '1090095'), ('XDG_SESSION_TYPE', 'x11'), ('LMOD_PKG', '/usr/share/lmod/lmod'), ('TLPROFILE', 'xfce'), ('KONSOLE_VERSION', '211203'), ('SHLVL', '1'), ('LD_LIBRARY_PATH', '/usr/lib/x86_64-linux-gnu/gazebo-11/plugins:/opt/ros/humble/opt/rviz_ogre_vendor/lib:/opt/ros/humble/lib/x86_64-linux-gnu:/opt/ros/humble/lib:/opt/thinlinc/lib64:/opt/thinlinc/lib'), ('HOME', '/home/shay/a/ho225'), ('OLDPWD', '/home/shay/a/ho225/ece569-fall2026/Lab2/ws2/src'), ('D_DISABLE_RT_SCREEN_SCALE', '1'), ('DESKTOP_SESSION', 'xfce'), ('PANEL_GDK_CORE_DEVICE_EVENTS', '0'), ('ROS_PYTHON_VERSION', '3'), ('SHELL_SESSION_ID', '9d2033760c0048c39a59a537727fd5fc'), ('KONSOLE_DBUS_SESSION', '/Sessions/1'), ('LC_CTYPE', 'C.UTF-8'), ('PCSCTUN_SERVER', '127.0.0.1:5046'), ('DBUS_SESSION_BUS_ADDRESS', 'unix:path=/run/user/933263/bus'), ('COLORTERM', 'truecolor'), ('LMOD_sys', 'Linux'), ('KONSOLE_DBUS_WINDOW', '/Windows/1'), ('COLCON_PREFIX_PATH', '/home/shay/a/ho225/ece569-fall2026/Lab2/ws2/src/install'), ('ROS_DISTRO', 'humble'), ('LOGNAME', 'ho225'), ('LMOD_AVAIL_STYLE', 'system:<grouped>'), ('WINDOWID', '92274695'), ('LMOD_VERSION', '6.6'), ('SUMO_HOME', '/usr/share/sumo'), ('PULSE_SERVER', '/var/opt/thinlinc/sessions/ho225/14/pulse/native 127.0.0.1:5045'), ('TLPREFIX', '/opt/thinlinc'), ('_', '/bin/colcon'), ('ROS_VERSION', '2'), ('XDG_SESSION_CLASS', 'user'), ('COLORFGBG', '15;0'), ('USERNAME', 'ho225'), ('TERM', 'xterm-256color'), ('XDG_SESSION_ID', '20480'), ('ROS_LOCALHOST_ONLY', '0'), ('PATH', '/opt/ros/humble/bin:/usr/NX/bin:/usr/local/bin:/bin:/usr/bin:/usr/local/sbin:/usr/sbin:/sbin:/usr/opt/bin:/usr/site/ece/bin:/opt/thinlinc/bin:/snap/bin:/home/shay/a/ho225/.dotnet/tools:.:/opt/thinlinc/sbin'), ('SESSION_MANAGER', 'local/eceprog1.ecn.purdue.edu:@/tmp/.ICE-unix/1090065,unix/eceprog1.ecn.purdue.edu:/tmp/.ICE-unix/1090065'), ('PULSE_RUNTIME_PATH', '/var/opt/thinlinc/sessions/ho225/14/pulse'), ('PCSCTUN_COOKIE', '/var/opt/thinlinc/sessions/ho225/14/pcsctun-cookie'), ('LMOD_PREPEND_BLOCK', 'normal'), ('LMOD_FULL_SETTARG_SUPPORT', 'no'), ('QT_SCALE_FACTOR_ROUNDING_POLICY', 'PassThrough'), ('XDG_MENU_PREFIX', 'xfce-'), ('XDG_RUNTIME_DIR', '/run/user/933263'), ('DISPLAY', ':14.0'), ('XDG_CURRENT_DESKTOP', 'XFCE'), ('DOTNET_BUNDLE_EXTRACT_BASE_DIR', '/home/shay/a/ho225/.cache/dotnet_bundle_extract'), ('XDG_SESSION_DESKTOP', 'xfce'), ('XAUTHORITY', '/var/opt/thinlinc/sessions/ho225/14/Xauthority'), ('SSH_AUTH_SOCK', '/tmp/ssh-XXXXXXBfYmJs/agent.1090094'), ('ROS_DOMAIN_ID', '27'), ('PULSE_COOKIE', '/var/opt/thinlinc/sessions/ho225/14/pulse-cookie'), ('AMENT_PREFIX_PATH', '/home/shay/a/ho225/ece569-fall2026/Lab2/ws2/src/install/ur3e_on_table:/home/shay/a/ho225/ece569-fall2026/Lab2/ws2/src/install/table_description:/home/shay/a/ho225/ece569-fall2026/Lab2/ws2/src/install/rrbot_description:/opt/ros/humble'), ('SHELL', '/bin/bash'), ('KRB5CCNAME', '/var/opt/thinlinc/sessions/ho225/14/krb5cc'), ('MODULEPATH_ROOT', '/usr/modulefiles'), ('MODULEPATH_LOCAL', '/etc/modulefiles'), ('ROS_WS', '/home/shay/a/ho225/ece569-fall2026/Lab2/ws2/'), ('LMOD_CMD', '/usr/share/lmod/lmod/libexec/lmod'), ('KONSOLE_DBUS_SERVICE', ':1.864'), ('BASH_ENV', '/usr/share/lmod/lmod/init/bash'), ('PWD', '/home/shay/a/ho225/ece569-fall2026/Lab2/ws2/src/build/rrbot_description'), ('TLSESSIONDATA', '/var/opt/thinlinc/sessions/ho225/14'), ('XDG_CONFIG_DIRS', '/etc/xdg'), ('TOWN', 'Springfield'), ('XDG_DATA_DIRS', '/usr/share/gnome:/usr/local/share:/usr/share:/var/lib/snapd/desktop:/usr/share'), ('PYTHONPATH', '/home/shay/a/ho225/ece569-fall2026/Lab2/ws2/src/build/rrbot_description/prefix_override:/usr/lib/python3/dist-packages/colcon_core/task/python/colcon_distutils_commands:/home/shay/a/ho225/ece569-fall2026/Lab2/ws2/src/install/rrbot_description/lib/python3.10/site-packages:/home/shay/a/ho225/ece569-fall2026/Lab2/ws2/src/build/ur3e_on_table:/home/shay/a/ho225/ece569-fall2026/Lab2/ws2/src/install/ur3e_on_table/lib/python3.10/site-packages:/home/shay/a/ho225/ece569-fall2026/Lab2/ws2/src/build/table_description:/home/shay/a/ho225/ece569-fall2026/Lab2/ws2/src/install/table_description/lib/python3.10/site-packages:/home/shay/a/ho225/ece569-fall2026/Lab2/ws2/src/build/rrbot_description:/home/shay/a/ho225/ece569-fall2026/Lab2/ws2/src/install/rrbot_description/lib/python3.10/site-packages:/opt/ros/humble/lib/python3.10/site-packages:/opt/ros/humble/local/lib/python3.10/dist-packages'), ('LMOD_arch', 'x86_64'), ('COLCON', '1'), ('MANPATH', '/usr/share/lmod/lmod/share/man:::/opt/thinlinc/share/man'), ('MODULEPATH', '/etc/lmod/modules:/usr/share/lmod/lmod/modulefiles/:/etc/modulefiles/pkg:/package/modulefiles/ecn/common:/package/modulefiles/ecn/ubuntu'), ('MODULESHOME', '/usr/share/lmod/lmod'), ('LMOD_SETTARG_CMD', ':')]), 'shell': False}
[1.903683] (-) TimerEvent: {}
[2.003917] (-) TimerEvent: {}
[2.104076] (-) TimerEvent: {}
[2.117596] (ur3e_on_table) StdoutLine: {'line': b'running develop\n'}
[2.132517] (table_description) StdoutLine: {'line': b'running develop\n'}
[2.160267] (rrbot_description) StdoutLine: {'line': b'running develop\n'}
[2.204156] (-) TimerEvent: {}
[2.304371] (-) TimerEvent: {}
[2.356145] (ur3e_on_table) StdoutLine: {'line': b'running egg_info\n'}
[2.357552] (ur3e_on_table) StdoutLine: {'line': b'writing ur3e_on_table.egg-info/PKG-INFO\n'}
[2.358456] (ur3e_on_table) StdoutLine: {'line': b'writing dependency_links to ur3e_on_table.egg-info/dependency_links.txt\n'}
[2.359665] (ur3e_on_table) StdoutLine: {'line': b'writing entry points to ur3e_on_table.egg-info/entry_points.txt\n'}
[2.360263] (ur3e_on_table) StdoutLine: {'line': b'writing requirements to ur3e_on_table.egg-info/requires.txt\n'}
[2.360712] (ur3e_on_table) StdoutLine: {'line': b'writing top-level names to ur3e_on_table.egg-info/top_level.txt\n'}
[2.364296] (ur3e_on_table) StdoutLine: {'line': b"reading manifest file 'ur3e_on_table.egg-info/SOURCES.txt'\n"}
[2.365859] (ur3e_on_table) StdoutLine: {'line': b"writing manifest file 'ur3e_on_table.egg-info/SOURCES.txt'\n"}
[2.367375] (ur3e_on_table) StdoutLine: {'line': b'running build_ext\n'}
[2.367524] (ur3e_on_table) StdoutLine: {'line': b'Creating /home/shay/a/ho225/ece569-fall2026/Lab2/ws2/src/install/ur3e_on_table/lib/python3.10/site-packages/ur3e-on-table.egg-link (link to .)\n'}
[2.369503] (ur3e_on_table) StdoutLine: {'line': b'Installing lissajous script to /home/shay/a/ho225/ece569-fall2026/Lab2/ws2/src/install/ur3e_on_table/lib/ur3e_on_table\n'}
[2.370792] (ur3e_on_table) StdoutLine: {'line': b'Installing test script to /home/shay/a/ho225/ece569-fall2026/Lab2/ws2/src/install/ur3e_on_table/lib/ur3e_on_table\n'}
[2.372116] (ur3e_on_table) StdoutLine: {'line': b'\n'}
[2.372199] (ur3e_on_table) StdoutLine: {'line': b'Installed /home/shay/a/ho225/ece569-fall2026/Lab2/ws2/src/build/ur3e_on_table\n'}
[2.372404] (ur3e_on_table) StdoutLine: {'line': b'running symlink_data\n'}
[2.382190] (table_description) StdoutLine: {'line': b'running egg_info\n'}
[2.382502] (table_description) StdoutLine: {'line': b'writing table_description.egg-info/PKG-INFO\n'}
[2.383214] (table_description) StdoutLine: {'line': b'writing dependency_links to table_description.egg-info/dependency_links.txt\n'}
[2.383721] (table_description) StdoutLine: {'line': b'writing entry points to table_description.egg-info/entry_points.txt\n'}
[2.384443] (table_description) StdoutLine: {'line': b'writing requirements to table_description.egg-info/requires.txt\n'}
[2.384986] (table_description) StdoutLine: {'line': b'writing top-level names to table_description.egg-info/top_level.txt\n'}
[2.388656] (table_description) StdoutLine: {'line': b"reading manifest file 'table_description.egg-info/SOURCES.txt'\n"}
[2.390563] (table_description) StdoutLine: {'line': b"writing manifest file 'table_description.egg-info/SOURCES.txt'\n"}
[2.393120] (table_description) StdoutLine: {'line': b'running build_ext\n'}
[2.393272] (table_description) StdoutLine: {'line': b'Creating /home/shay/a/ho225/ece569-fall2026/Lab2/ws2/src/install/table_description/lib/python3.10/site-packages/table-description.egg-link (link to .)\n'}
[2.394792] (ur3e_on_table) CommandEnded: {'returncode': 0}
[2.395690] (table_description) StdoutLine: {'line': b'\n'}
[2.395763] (table_description) StdoutLine: {'line': b'Installed /home/shay/a/ho225/ece569-fall2026/Lab2/ws2/src/build/table_description\n'}
[2.395823] (table_description) StdoutLine: {'line': b'running symlink_data\n'}
[2.404441] (-) TimerEvent: {}
[2.415875] (rrbot_description) StdoutLine: {'line': b'running egg_info\n'}
[2.416198] (ur3e_on_table) JobEnded: {'identifier': 'ur3e_on_table', 'rc': 0}
[2.418589] (rrbot_description) StdoutLine: {'line': b'writing rrbot_description.egg-info/PKG-INFO\n'}
[2.418663] (rrbot_description) StdoutLine: {'line': b'writing dependency_links to rrbot_description.egg-info/dependency_links.txt\n'}
[2.418721] (table_description) CommandEnded: {'returncode': 0}
[2.419161] (rrbot_description) StdoutLine: {'line': b'writing entry points to rrbot_description.egg-info/entry_points.txt\n'}
[2.419224] (rrbot_description) StdoutLine: {'line': b'writing requirements to rrbot_description.egg-info/requires.txt\n'}
[2.419277] (rrbot_description) StdoutLine: {'line': b'writing top-level names to rrbot_description.egg-info/top_level.txt\n'}
[2.422760] (rrbot_description) StdoutLine: {'line': b"reading manifest file 'rrbot_description.egg-info/SOURCES.txt'\n"}
[2.424224] (rrbot_description) StdoutLine: {'line': b"writing manifest file 'rrbot_description.egg-info/SOURCES.txt'\n"}
[2.425859] (rrbot_description) StdoutLine: {'line': b'running build_ext\n'}
[2.426115] (rrbot_description) StdoutLine: {'line': b'Creating /home/shay/a/ho225/ece569-fall2026/Lab2/ws2/src/install/rrbot_description/lib/python3.10/site-packages/rrbot-description.egg-link (link to .)\n'}
[2.428120] (rrbot_description) StdoutLine: {'line': b'\n'}
[2.428189] (rrbot_description) StdoutLine: {'line': b'Installed /home/shay/a/ho225/ece569-fall2026/Lab2/ws2/src/build/rrbot_description\n'}
[2.428365] (rrbot_description) StdoutLine: {'line': b'running symlink_data\n'}
[2.436202] (table_description) JobEnded: {'identifier': 'table_description', 'rc': 0}
[2.457817] (rrbot_description) CommandEnded: {'returncode': 0}
[2.475033] (rrbot_description) JobEnded: {'identifier': 'rrbot_description', 'rc': 0}
[2.477041] (-) EventReactorShutdown: {}
