[0.000000] (-) TimerEvent: {}
[0.000236] (rrbot_description) JobQueued: {'identifier': 'rrbot_description', 'dependencies': OrderedDict()}
[0.000277] (table_description) JobQueued: {'identifier': 'table_description', 'dependencies': OrderedDict()}
[0.000298] (ur3e_on_table) JobQueued: {'identifier': 'ur3e_on_table', 'dependencies': OrderedDict()}
[0.000318] (rrbot_description) JobStarted: {'identifier': 'rrbot_description'}
[0.011179] (table_description) JobStarted: {'identifier': 'table_description'}
[0.021164] (ur3e_on_table) JobStarted: {'identifier': 'ur3e_on_table'}
[0.099123] (-) TimerEvent: {}
[0.199378] (-) TimerEvent: {}
[0.299564] (-) TimerEvent: {}
[0.399803] (-) TimerEvent: {}
[0.500028] (-) TimerEvent: {}
[0.600186] (-) TimerEvent: {}
[0.700341] (-) TimerEvent: {}
[0.800519] (-) TimerEvent: {}
[0.900672] (-) TimerEvent: {}
[1.000833] (-) TimerEvent: {}
[1.101024] (-) TimerEvent: {}
[1.201203] (-) TimerEvent: {}
[1.301377] (-) TimerEvent: {}
[1.401567] (-) TimerEvent: {}
[1.501803] (-) TimerEvent: {}
[1.602028] (-) TimerEvent: {}
[1.702238] (-) TimerEvent: {}
[1.713106] (rrbot_description) Command: {'cmd': ['/usr/bin/python3', '-W', 'ignore:setup.py install is deprecated', '-W', 'ignore:easy_install command is deprecated', 'setup.py', 'develop', '--editable', '--build-directory', '/home/shay/a/ho225/ece569-fall2026/Lab2/ws2/src/build/rrbot_description/build', '--no-deps', 'symlink_data'], 'cwd': '/home/shay/a/ho225/ece569-fall2026/Lab2/ws2/src/build/rrbot_description', 'env': OrderedDict([('MODULEPATH_PACKAGE', '/package/modulefiles/ecn'), ('PROFILEHOME', ''), ('LMOD_DIR', '/usr/share/lmod/lmod/libexec'), ('MAIL', '/var/spool/mail/ho225'), ('LANGUAGE', ''), ('USER', 'ho225'), ('LMOD_PACKAGE_PATH', '/etc/lmod'), ('LMOD_COLORIZE', 'yes'), ('SSH_AGENT_PID', '1090095'), ('XDG_SESSION_TYPE', 'x11'), ('LMOD_PKG', '/usr/share/lmod/lmod'), ('TLPROFILE', 'xfce'), ('KONSOLE_VERSION', '211203'), ('SHLVL', '1'), ('LD_LIBRARY_PATH', '/usr/lib/x86_64-linux-gnu/gazebo-11/plugins:/opt/ros/humble/opt/rviz_ogre_vendor/lib:/opt/ros/humble/lib/x86_64-linux-gnu:/opt/ros/humble/lib:/opt/thinlinc/lib64:/opt/thinlinc/lib'), ('HOME', '/home/shay/a/ho225'), ('OLDPWD', '/home/shay/a/ho225/ece569-fall2026/Lab2/ws2/src'), ('D_DISABLE_RT_SCREEN_SCALE', '1'), ('DESKTOP_SESSION', 'xfce'), ('PANEL_GDK_CORE_DEVICE_EVENTS', '0'), ('ROS_PYTHON_VERSION', '3'), ('SHELL_SESSION_ID', 'a68a77e09f7f49b396f1ae19c1840bf3'), ('KONSOLE_DBUS_SESSION', '/Sessions/1'), ('LC_CTYPE', 'C.UTF-8'), ('PCSCTUN_SERVER', '127.0.0.1:5046'), ('DBUS_SESSION_BUS_ADDRESS', 'unix:path=/run/user/933263/bus'), ('COLORTERM', 'truecolor'), ('LMOD_sys', 'Linux'), ('KONSOLE_DBUS_WINDOW', '/Windows/1'), ('COLCON_PREFIX_PATH', '/home/shay/a/ho225/ece569-fall2026/Lab2/ws2/src/install'), ('ROS_DISTRO', 'humble'), ('LOGNAME', 'ho225'), ('LMOD_AVAIL_STYLE', 'system:<grouped>'), ('WINDOWID', '62914567'), ('LMOD_VERSION', '6.6'), ('SUMO_HOME', '/usr/share/sumo'), ('PULSE_SERVER', '/var/opt/thinlinc/sessions/ho225/14/pulse/native 127.0.0.1:5045'), ('TLPREFIX', '/opt/thinlinc'), ('_', '/bin/colcon'), ('ROS_VERSION', '2'), ('XDG_SESSION_CLASS', 'user'), ('COLORFGBG', '15;0'), ('USERNAME', 'ho225'), ('TERM', 'xterm-256color'), ('XDG_SESSION_ID', '20480'), ('ROS_LOCALHOST_ONLY', '0'), ('PATH', '/opt/ros/humble/bin:/usr/NX/bin:/usr/local/bin:/bin:/usr/bin:/usr/local/sbin:/usr/sbin:/sbin:/usr/opt/bin:/usr/site/ece/bin:/opt/thinlinc/bin:/snap/bin:/home/shay/a/ho225/.dotnet/tools:.:/opt/thinlinc/sbin'), ('SESSION_MANAGER', 'local/eceprog1.ecn.purdue.edu:@/tmp/.ICE-unix/1090065,unix/eceprog1.ecn.purdue.edu:/tmp/.ICE-unix/1090065'), ('PULSE_RUNTIME_PATH', '/var/opt/thinlinc/sessions/ho225/14/pulse'), ('PCSCTUN_COOKIE', '/var/opt/thinlinc/sessions/ho225/14/pcsctun-cookie'), ('LMOD_PREPEND_BLOCK', 'normal'), ('LMOD_FULL_SETTARG_SUPPORT', 'no'), ('QT_SCALE_FACTOR_ROUNDING_POLICY', 'PassThrough'), ('XDG_MENU_PREFIX', 'xfce-'), ('XDG_RUNTIME_DIR', '/run/user/933263'), ('DISPLAY', ':14.0'), ('XDG_CURRENT_DESKTOP', 'XFCE'), ('DOTNET_BUNDLE_EXTRACT_BASE_DIR', '/home/shay/a/ho225/.cache/dotnet_bundle_extract'), ('XDG_SESSION_DESKTOP', 'xfce'), ('XAUTHORITY', '/var/opt/thinlinc/sessions/ho225/14/Xauthority'), ('SSH_AUTH_SOCK', '/tmp/ssh-XXXXXXBfYmJs/agent.1090094'), ('ROS_DOMAIN_ID', '27'), ('PULSE_COOKIE', '/var/opt/thinlinc/sessions/ho225/14/pulse-cookie'), ('AMENT_PREFIX_PATH', '/home/shay/a/ho225/ece569-fall2026/Lab2/ws2/src/install/table_description:/home/shay/a/ho225/ece569-fall2026/Lab2/ws2/src/install/rrbot_description:/opt/ros/humble'), ('SHELL', '/bin/bash'), ('KRB5CCNAME', '/var/opt/thinlinc/sessions/ho225/14/krb5cc'), ('MODULEPATH_ROOT', '/usr/modulefiles'), ('MODULEPATH_LOCAL', '/etc/modulefiles'), ('ROS_WS', '/home/shay/a/ho225/ece569-fall2026/Lab2/ws2/'), ('LMOD_CMD', '/usr/share/lmod/lmod/libexec/lmod'), ('KONSOLE_DBUS_SERVICE', ':1.798'), ('BASH_ENV', '/usr/share/lmod/lmod/init/bash'), ('PWD', '/home/shay/a/ho225/ece569-fall2026/Lab2/ws2/src/build/rrbot_description'), ('TLSESSIONDATA', '/var/opt/thinlinc/sessions/ho225/14'), ('XDG_CONFIG_DIRS', '/etc/xdg'), ('TOWN', 'Springfield'), ('XDG_DATA_DIRS', '/usr/share/gnome:/usr/local/share:/usr/share:/var/lib/snapd/desktop:/usr/share'), ('PYTHONPATH', '/home/shay/a/ho225/ece569-fall2026/Lab2/ws2/src/build/rrbot_description/prefix_override:/usr/lib/python3/dist-packages/colcon_core/task/python/colcon_distutils_commands:/home/shay/a/ho225/ece569-fall2026/Lab2/ws2/src/install/rrbot_description/lib/python3.10/site-packages:/home/shay/a/ho225/ece569-fall2026/Lab2/ws2/src/build/table_description:/home/shay/a/ho225/ece569-fall2026/Lab2/ws2/src/install/table_description/lib/python3.10/site-packages:/home/shay/a/ho225/ece569-fall2026/Lab2/ws2/src/build/rrbot_description:/home/shay/a/ho225/ece569-fall2026/Lab2/ws2/src/install/rrbot_description/lib/python3.10/site-packages:/opt/ros/humble/lib/python3.10/site-packages:/opt/ros/humble/local/lib/python3.10/dist-packages'), ('LMOD_arch', 'x86_64'), ('COLCON', '1'), ('MANPATH', '/usr/share/lmod/lmod/share/man:::/opt/thinlinc/share/man'), ('MODULEPATH', '/etc/lmod/modules:/usr/share/lmod/lmod/modulefiles/:/etc/modulefiles/pkg:/package/modulefiles/ecn/common:/package/modulefiles/ecn/ubuntu'), ('MODULESHOME', '/usr/share/lmod/lmod'), ('LMOD_SETTARG_CMD', ':')]), 'shell': False}
[1.734805] (table_description) Command: {'cmd': ['/usr/bin/python3', '-W', 'ignore:setup.py install is deprecated', '-W', 'ignore:easy_install command is deprecated', 'setup.py', 'develop', '--editable', '--build-directory', '/home/shay/a/ho225/ece569-fall2026/Lab2/ws2/src/build/table_description/build', '--no-deps', 'symlink_data'], 'cwd': '/home/shay/a/ho225/ece569-fall2026/Lab2/ws2/src/build/table_description', 'env': OrderedDict([('MODULEPATH_PACKAGE', '/package/modulefiles/ecn'), ('PROFILEHOME', ''), ('LMOD_DIR', '/usr/share/lmod/lmod/libexec'), ('MAIL', '/var/spool/mail/ho225'), ('LANGUAGE', ''), ('USER', 'ho225'), ('LMOD_PACKAGE_PATH', '/etc/lmod'), ('LMOD_COLORIZE', 'yes'), ('SSH_AGENT_PID', '1090095'), ('XDG_SESSION_TYPE', 'x11'), ('LMOD_PKG', '/usr/share/lmod/lmod'), ('TLPROFILE', 'xfce'), ('KONSOLE_VERSION', '211203'), ('SHLVL', '1'), ('LD_LIBRARY_PATH', '/usr/lib/x86_64-linux-gnu/gazebo-11/plugins:/opt/ros/humble/opt/rviz_ogre_vendor/lib:/opt/ros/humble/lib/x86_64-linux-gnu:/opt/ros/humble/lib:/opt/thinlinc/lib64:/opt/thinlinc/lib'), ('HOME', '/home/shay/a/ho225'), ('OLDPWD', '/home/shay/a/ho225/ece569-fall2026/Lab2/ws2/src'), ('D_DISABLE_RT_SCREEN_SCALE', '1'), ('DESKTOP_SESSION', 'xfce'), ('PANEL_GDK_CORE_DEVICE_EVENTS', '0'), ('ROS_PYTHON_VERSION', '3'), ('SHELL_SESSION_ID', 'a68a77e09f7f49b396f1ae19c1840bf3'), ('KONSOLE_DBUS_SESSION', '/Sessions/1'), ('LC_CTYPE', 'C.UTF-8'), ('PCSCTUN_SERVER', '127.0.0.1:5046'), ('DBUS_SESSION_BUS_ADDRESS', 'unix:path=/run/user/933263/bus'), ('COLORTERM', 'truecolor'), ('LMOD_sys', 'Linux'), ('KONSOLE_DBUS_WINDOW', '/Windows/1'), ('COLCON_PREFIX_PATH', '/home/shay/a/ho225/ece569-fall2026/Lab2/ws2/src/install'), ('ROS_DISTRO', 'humble'), ('LOGNAME', 'ho225'), ('LMOD_AVAIL_STYLE', 'system:<grouped>'), ('WINDOWID', '62914567'), ('LMOD_VERSION', '6.6'), ('SUMO_HOME', '/usr/share/sumo'), ('PULSE_SERVER', '/var/opt/thinlinc/sessions/ho225/14/pulse/native 127.0.0.1:5045'), ('TLPREFIX', '/opt/thinlinc'), ('_', '/bin/colcon'), ('ROS_VERSION', '2'), ('XDG_SESSION_CLASS', 'user'), ('COLORFGBG', '15;0'), ('USERNAME', 'ho225'), ('TERM', 'xterm-256color'), ('XDG_SESSION_ID', '20480'), ('ROS_LOCALHOST_ONLY', '0'), ('PATH', '/opt/ros/humble/bin:/usr/NX/bin:/usr/local/bin:/bin:/usr/bin:/usr/local/sbin:/usr/sbin:/sbin:/usr/opt/bin:/usr/site/ece/bin:/opt/thinlinc/bin:/snap/bin:/home/shay/a/ho225/.dotnet/tools:.:/opt/thinlinc/sbin'), ('SESSION_MANAGER', 'local/eceprog1.ecn.purdue.edu:@/tmp/.ICE-unix/1090065,unix/eceprog1.ecn.purdue.edu:/tmp/.ICE-unix/1090065'), ('PULSE_RUNTIME_PATH', '/var/opt/thinlinc/sessions/ho225/14/pulse'), ('PCSCTUN_COOKIE', '/var/opt/thinlinc/sessions/ho225/14/pcsctun-cookie'), ('LMOD_PREPEND_BLOCK', 'normal'), ('LMOD_FULL_SETTARG_SUPPORT', 'no'), ('QT_SCALE_FACTOR_ROUNDING_POLICY', 'PassThrough'), ('XDG_MENU_PREFIX', 'xfce-'), ('XDG_RUNTIME_DIR', '/run/user/933263'), ('DISPLAY', ':14.0'), ('XDG_CURRENT_DESKTOP', 'XFCE'), ('DOTNET_BUNDLE_EXTRACT_BASE_DIR', '/home/shay/a/ho225/.cache/dotnet_bundle_extract'), ('XDG_SESSION_DESKTOP', 'xfce'), ('XAUTHORITY', '/var/opt/thinlinc/sessions/ho225/14/Xauthority'), ('SSH_AUTH_SOCK', '/tmp/ssh-XXXXXXBfYmJs/agent.1090094'), ('ROS_DOMAIN_ID', '27'), ('PULSE_COOKIE', '/var/opt/thinlinc/sessions/ho225/14/pulse-cookie'), ('AMENT_PREFIX_PATH', '/home/shay/a/ho225/ece569-fall2026/Lab2/ws2/src/install/table_description:/home/shay/a/ho225/ece569-fall2026/Lab2/ws2/src/install/rrbot_description:/opt/ros/humble'), ('SHELL', '/bin/bash'), ('KRB5CCNAME', '/var/opt/thinlinc/sessions/ho225/14/krb5cc'), ('MODULEPATH_ROOT', '/usr/modulefiles'), ('MODULEPATH_LOCAL', '/etc/modulefiles'), ('ROS_WS', '/home/shay/a/ho225/ece569-fall2026/Lab2/ws2/'), ('LMOD_CMD', '/usr/share/lmod/lmod/libexec/lmod'), ('KONSOLE_DBUS_SERVICE', ':1.798'), ('BASH_ENV', '/usr/share/lmod/lmod/init/bash'), ('PWD', '/home/shay/a/ho225/ece569-fall2026/Lab2/ws2/src/build/table_description'), ('TLSESSIONDATA', '/var/opt/thinlinc/sessions/ho225/14'), ('XDG_CONFIG_DIRS', '/etc/xdg'), ('TOWN', 'Springfield'), ('XDG_DATA_DIRS', '/usr/share/gnome:/usr/local/share:/usr/share:/var/lib/snapd/desktop:/usr/share'), ('PYTHONPATH', '/home/shay/a/ho225/ece569-fall2026/Lab2/ws2/src/build/table_description/prefix_override:/usr/lib/python3/dist-packages/colcon_core/task/python/colcon_distutils_commands:/home/shay/a/ho225/ece569-fall2026/Lab2/ws2/src/install/table_description/lib/python3.10/site-packages:/home/shay/a/ho225/ece569-fall2026/Lab2/ws2/src/build/table_description:/home/shay/a/ho225/ece569-fall2026/Lab2/ws2/src/install/table_description/lib/python3.10/site-packages:/home/shay/a/ho225/ece569-fall2026/Lab2/ws2/src/build/rrbot_description:/home/shay/a/ho225/ece569-fall2026/Lab2/ws2/src/install/rrbot_description/lib/python3.10/site-packages:/opt/ros/humble/lib/python3.10/site-packages:/opt/ros/humble/local/lib/python3.10/dist-packages'), ('LMOD_arch', 'x86_64'), ('COLCON', '1'), ('MANPATH', '/usr/share/lmod/lmod/share/man:::/opt/thinlinc/share/man'), ('MODULEPATH', '/etc/lmod/modules:/usr/share/lmod/lmod/modulefiles/:/etc/modulefiles/pkg:/package/modulefiles/ecn/common:/package/modulefiles/ecn/ubuntu'), ('MODULESHOME', '/usr/share/lmod/lmod'), ('LMOD_SETTARG_CMD', ':')]), 'shell': False}
[1.740524] (ur3e_on_table) Command: {'cmd': ['/usr/bin/python3', '-W', 'ignore:setup.py install is deprecated', '-W', 'ignore:easy_install command is deprecated', 'setup.py', 'develop', '--editable', '--build-directory', '/home/shay/a/ho225/ece569-fall2026/Lab2/ws2/src/build/ur3e_on_table/build', '--no-deps', 'symlink_data'], 'cwd': '/home/shay/a/ho225/ece569-fall2026/Lab2/ws2/src/build/ur3e_on_table', 'env': OrderedDict([('MODULEPATH_PACKAGE', '/package/modulefiles/ecn'), ('PROFILEHOME', ''), ('LMOD_DIR', '/usr/share/lmod/lmod/libexec'), ('MAIL', '/var/spool/mail/ho225'), ('LANGUAGE', ''), ('USER', 'ho225'), ('LMOD_PACKAGE_PATH', '/etc/lmod'), ('LMOD_COLORIZE', 'yes'), ('SSH_AGENT_PID', '1090095'), ('XDG_SESSION_TYPE', 'x11'), ('LMOD_PKG', '/usr/share/lmod/lmod'), ('TLPROFILE', 'xfce'), ('KONSOLE_VERSION', '211203'), ('SHLVL', '1'), ('LD_LIBRARY_PATH', '/usr/lib/x86_64-linux-gnu/gazebo-11/plugins:/opt/ros/humble/opt/rviz_ogre_vendor/lib:/opt/ros/humble/lib/x86_64-linux-gnu:/opt/ros/humble/lib:/opt/thinlinc/lib64:/opt/thinlinc/lib'), ('HOME', '/home/shay/a/ho225'), ('OLDPWD', '/home/shay/a/ho225/ece569-fall2026/Lab2/ws2/src'), ('D_DISABLE_RT_SCREEN_SCALE', '1'), ('DESKTOP_SESSION', 'xfce'), ('PANEL_GDK_CORE_DEVICE_EVENTS', '0'), ('ROS_PYTHON_VERSION', '3'), ('SHELL_SESSION_ID', 'a68a77e09f7f49b396f1ae19c1840bf3'), ('KONSOLE_DBUS_SESSION', '/Sessions/1'), ('LC_CTYPE', 'C.UTF-8'), ('PCSCTUN_SERVER', '127.0.0.1:5046'), ('DBUS_SESSION_BUS_ADDRESS', 'unix:path=/run/user/933263/bus'), ('COLORTERM', 'truecolor'), ('LMOD_sys', 'Linux'), ('KONSOLE_DBUS_WINDOW', '/Windows/1'), ('COLCON_PREFIX_PATH', '/home/shay/a/ho225/ece569-fall2026/Lab2/ws2/src/install'), ('ROS_DISTRO', 'humble'), ('LOGNAME', 'ho225'), ('LMOD_AVAIL_STYLE', 'system:<grouped>'), ('WINDOWID', '62914567'), ('LMOD_VERSION', '6.6'), ('SUMO_HOME', '/usr/share/sumo'), ('PULSE_SERVER', '/var/opt/thinlinc/sessions/ho225/14/pulse/native 127.0.0.1:5045'), ('TLPREFIX', '/opt/thinlinc'), ('_', '/bin/colcon'), ('ROS_VERSION', '2'), ('XDG_SESSION_CLASS', 'user'), ('COLORFGBG', '15;0'), ('USERNAME', 'ho225'), ('TERM', 'xterm-256color'), ('XDG_SESSION_ID', '20480'), ('ROS_LOCALHOST_ONLY', '0'), ('PATH', '/opt/ros/humble/bin:/usr/NX/bin:/usr/local/bin:/bin:/usr/bin:/usr/local/sbin:/usr/sbin:/sbin:/usr/opt/bin:/usr/site/ece/bin:/opt/thinlinc/bin:/snap/bin:/home/shay/a/ho225/.dotnet/tools:.:/opt/thinlinc/sbin'), ('SESSION_MANAGER', 'local/eceprog1.ecn.purdue.edu:@/tmp/.ICE-unix/1090065,unix/eceprog1.ecn.purdue.edu:/tmp/.ICE-unix/1090065'), ('PULSE_RUNTIME_PATH', '/var/opt/thinlinc/sessions/ho225/14/pulse'), ('PCSCTUN_COOKIE', '/var/opt/thinlinc/sessions/ho225/14/pcsctun-cookie'), ('LMOD_PREPEND_BLOCK', 'normal'), ('LMOD_FULL_SETTARG_SUPPORT', 'no'), ('QT_SCALE_FACTOR_ROUNDING_POLICY', 'PassThrough'), ('XDG_MENU_PREFIX', 'xfce-'), ('XDG_RUNTIME_DIR', '/run/user/933263'), ('DISPLAY', ':14.0'), ('XDG_CURRENT_DESKTOP', 'XFCE'), ('DOTNET_BUNDLE_EXTRACT_BASE_DIR', '/home/shay/a/ho225/.cache/dotnet_bundle_extract'), ('XDG_SESSION_DESKTOP', 'xfce'), ('XAUTHORITY', '/var/opt/thinlinc/sessions/ho225/14/Xauthority'), ('SSH_AUTH_SOCK', '/tmp/ssh-XXXXXXBfYmJs/agent.1090094'), ('ROS_DOMAIN_ID', '27'), ('PULSE_COOKIE', '/var/opt/thinlinc/sessions/ho225/14/pulse-cookie'), ('AMENT_PREFIX_PATH', '/home/shay/a/ho225/ece569-fall2026/Lab2/ws2/src/install/table_description:/home/shay/a/ho225/ece569-fall2026/Lab2/ws2/src/install/rrbot_description:/opt/ros/humble'), ('SHELL', '/bin/bash'), ('KRB5CCNAME', '/var/opt/thinlinc/sessions/ho225/14/krb5cc'), ('MODULEPATH_ROOT', '/usr/modulefiles'), ('MODULEPATH_LOCAL', '/etc/modulefiles'), ('ROS_WS', '/home/shay/a/ho225/ece569-fall2026/Lab2/ws2/'), ('LMOD_CMD', '/usr/share/lmod/lmod/libexec/lmod'), ('KONSOLE_DBUS_SERVICE', ':1.798'), ('BASH_ENV', '/usr/share/lmod/lmod/init/bash'), ('PWD', '/home/shay/a/ho225/ece569-fall2026/Lab2/ws2/src/build/ur3e_on_table'), ('TLSESSIONDATA', '/var/opt/thinlinc/sessions/ho225/14'), ('XDG_CONFIG_DIRS', '/etc/xdg'), ('TOWN', 'Springfield'), ('XDG_DATA_DIRS', '/usr/share/gnome:/usr/local/share:/usr/share:/var/lib/snapd/desktop:/usr/share'), ('PYTHONPATH', '/home/shay/a/ho225/ece569-fall2026/Lab2/ws2/src/build/ur3e_on_table/prefix_override:/usr/lib/python3/dist-packages/colcon_core/task/python/colcon_distutils_commands:/home/shay/a/ho225/ece569-fall2026/Lab2/ws2/src/install/ur3e_on_table/lib/python3.10/site-packages:/home/shay/a/ho225/ece569-fall2026/Lab2/ws2/src/build/table_description:/home/shay/a/ho225/ece569-fall2026/Lab2/ws2/src/install/table_description/lib/python3.10/site-packages:/home/shay/a/ho225/ece569-fall2026/Lab2/ws2/src/build/rrbot_description:/home/shay/a/ho225/ece569-fall2026/Lab2/ws2/src/install/rrbot_description/lib/python3.10/site-packages:/opt/ros/humble/lib/python3.10/site-packages:/opt/ros/humble/local/lib/python3.10/dist-packages'), ('LMOD_arch', 'x86_64'), ('COLCON', '1'), ('MANPATH', '/usr/share/lmod/lmod/share/man:::/opt/thinlinc/share/man'), ('MODULEPATH', '/etc/lmod/modules:/usr/share/lmod/lmod/modulefiles/:/etc/modulefiles/pkg:/package/modulefiles/ecn/common:/package/modulefiles/ecn/ubuntu'), ('MODULESHOME', '/usr/share/lmod/lmod'), ('LMOD_SETTARG_CMD', ':')]), 'shell': False}
[1.802313] (-) TimerEvent: {}
[1.902497] (-) TimerEvent: {}
[2.002660] (-) TimerEvent: {}
[2.020066] (rrbot_description) StdoutLine: {'line': b'running develop\n'}
[2.039672] (table_description) StdoutLine: {'line': b'running develop\n'}
[2.046618] (ur3e_on_table) StdoutLine: {'line': b'running develop\n'}
[2.102744] (-) TimerEvent: {}
[2.202993] (-) TimerEvent: {}
[2.254093] (rrbot_description) StdoutLine: {'line': b'running egg_info\n'}
[2.254495] (rrbot_description) StdoutLine: {'line': b'writing rrbot_description.egg-info/PKG-INFO\n'}
[2.255293] (rrbot_description) StdoutLine: {'line': b'writing dependency_links to rrbot_description.egg-info/dependency_links.txt\n'}
[2.256067] (rrbot_description) StdoutLine: {'line': b'writing entry points to rrbot_description.egg-info/entry_points.txt\n'}
[2.256456] (rrbot_description) StdoutLine: {'line': b'writing requirements to rrbot_description.egg-info/requires.txt\n'}
[2.256844] (rrbot_description) StdoutLine: {'line': b'writing top-level names to rrbot_description.egg-info/top_level.txt\n'}
[2.261532] (rrbot_description) StdoutLine: {'line': b"reading manifest file 'rrbot_description.egg-info/SOURCES.txt'\n"}
[2.262806] (rrbot_description) StdoutLine: {'line': b"writing manifest file 'rrbot_description.egg-info/SOURCES.txt'\n"}
[2.264234] (rrbot_description) StdoutLine: {'line': b'running build_ext\n'}
[2.264399] (rrbot_description) StdoutLine: {'line': b'Creating /home/shay/a/ho225/ece569-fall2026/Lab2/ws2/src/install/rrbot_description/lib/python3.10/site-packages/rrbot-description.egg-link (link to .)\n'}
[2.266327] (rrbot_description) StdoutLine: {'line': b'\n'}
[2.266375] (rrbot_description) StdoutLine: {'line': b'Installed /home/shay/a/ho225/ece569-fall2026/Lab2/ws2/src/build/rrbot_description\n'}
[2.266581] (rrbot_description) StdoutLine: {'line': b'running symlink_data\n'}
[2.271483] (table_description) StdoutLine: {'line': b'running egg_info\n'}
[2.271804] (table_description) StdoutLine: {'line': b'writing table_description.egg-info/PKG-INFO\n'}
[2.272766] (table_description) StdoutLine: {'line': b'writing dependency_links to table_description.egg-info/dependency_links.txt\n'}
[2.273415] (table_description) StdoutLine: {'line': b'writing entry points to table_description.egg-info/entry_points.txt\n'}
[2.274019] (table_description) StdoutLine: {'line': b'writing requirements to table_description.egg-info/requires.txt\n'}
[2.274514] (table_description) StdoutLine: {'line': b'writing top-level names to table_description.egg-info/top_level.txt\n'}
[2.274920] (ur3e_on_table) StdoutLine: {'line': b'running egg_info\n'}
[2.275046] (ur3e_on_table) StdoutLine: {'line': b'creating ur3e_on_table.egg-info\n'}
[2.275513] (ur3e_on_table) StdoutLine: {'line': b'writing ur3e_on_table.egg-info/PKG-INFO\n'}
[2.276814] (ur3e_on_table) StdoutLine: {'line': b'writing dependency_links to ur3e_on_table.egg-info/dependency_links.txt\n'}
[2.277854] (ur3e_on_table) StdoutLine: {'line': b'writing entry points to ur3e_on_table.egg-info/entry_points.txt\n'}
[2.278511] (ur3e_on_table) StdoutLine: {'line': b'writing requirements to ur3e_on_table.egg-info/requires.txt\n'}
[2.278952] (ur3e_on_table) StdoutLine: {'line': b'writing top-level names to ur3e_on_table.egg-info/top_level.txt\n'}
[2.279174] (table_description) StdoutLine: {'line': b"reading manifest file 'table_description.egg-info/SOURCES.txt'\n"}
[2.280536] (table_description) StdoutLine: {'line': b"writing manifest file 'table_description.egg-info/SOURCES.txt'\n"}
[2.281299] (ur3e_on_table) StdoutLine: {'line': b"writing manifest file 'ur3e_on_table.egg-info/SOURCES.txt'\n"}
[2.281909] (table_description) StdoutLine: {'line': b'running build_ext\n'}
[2.282058] (table_description) StdoutLine: {'line': b'Creating /home/shay/a/ho225/ece569-fall2026/Lab2/ws2/src/install/table_description/lib/python3.10/site-packages/table-description.egg-link (link to .)\n'}
[2.283992] (table_description) StdoutLine: {'line': b'\n'}
[2.284057] (table_description) StdoutLine: {'line': b'Installed /home/shay/a/ho225/ece569-fall2026/Lab2/ws2/src/build/table_description\n'}
[2.284285] (table_description) StdoutLine: {'line': b'running symlink_data\n'}
[2.284569] (ur3e_on_table) StdoutLine: {'line': b"reading manifest file 'ur3e_on_table.egg-info/SOURCES.txt'\n"}
[2.285637] (ur3e_on_table) StdoutLine: {'line': b"writing manifest file 'ur3e_on_table.egg-info/SOURCES.txt'\n"}
[2.287139] (ur3e_on_table) StdoutLine: {'line': b'running build_ext\n'}
[2.287324] (ur3e_on_table) StdoutLine: {'line': b'Creating /home/shay/a/ho225/ece569-fall2026/Lab2/ws2/src/install/ur3e_on_table/lib/python3.10/site-packages/ur3e-on-table.egg-link (link to .)\n'}
[2.289104] (ur3e_on_table) StdoutLine: {'line': b'\n'}
[2.289153] (ur3e_on_table) StdoutLine: {'line': b'Installed /home/shay/a/ho225/ece569-fall2026/Lab2/ws2/src/build/ur3e_on_table\n'}
[2.289324] (ur3e_on_table) StdoutLine: {'line': b'running symlink_data\n'}
[2.289522] (ur3e_on_table) StdoutLine: {'line': b'creating /home/shay/a/ho225/ece569-fall2026/Lab2/ws2/src/install/ur3e_on_table/share/ament_index\n'}
[2.289751] (ur3e_on_table) StdoutLine: {'line': b'creating /home/shay/a/ho225/ece569-fall2026/Lab2/ws2/src/install/ur3e_on_table/share/ament_index/resource_index\n'}
[2.290108] (ur3e_on_table) StdoutLine: {'line': b'creating /home/shay/a/ho225/ece569-fall2026/Lab2/ws2/src/install/ur3e_on_table/share/ament_index/resource_index/packages\n'}
[2.290745] (ur3e_on_table) StdoutLine: {'line': b'symbolically linking /home/shay/a/ho225/ece569-fall2026/Lab2/ws2/src/build/ur3e_on_table/resource/ur3e_on_table -> /home/shay/a/ho225/ece569-fall2026/Lab2/ws2/src/install/ur3e_on_table/share/ament_index/resource_index/packages\n'}
[2.291046] (ur3e_on_table) StdoutLine: {'line': b'symbolically linking /home/shay/a/ho225/ece569-fall2026/Lab2/ws2/src/build/ur3e_on_table/package.xml -> /home/shay/a/ho225/ece569-fall2026/Lab2/ws2/src/install/ur3e_on_table/share/ur3e_on_table\n'}
[2.291315] (ur3e_on_table) StdoutLine: {'line': b'creating /home/shay/a/ho225/ece569-fall2026/Lab2/ws2/src/install/ur3e_on_table/share/ur3e_on_table/config\n'}
[2.291572] (ur3e_on_table) StdoutLine: {'line': b'creating /home/shay/a/ho225/ece569-fall2026/Lab2/ws2/src/install/ur3e_on_table/share/ur3e_on_table/launch\n'}
[2.291946] (ur3e_on_table) StdoutLine: {'line': b'creating /home/shay/a/ho225/ece569-fall2026/Lab2/ws2/src/install/ur3e_on_table/share/ur3e_on_table/rviz\n'}
[2.292417] (ur3e_on_table) StdoutLine: {'line': b'creating /home/shay/a/ho225/ece569-fall2026/Lab2/ws2/src/install/ur3e_on_table/share/ur3e_on_table/urdf\n'}
[2.293144] (rrbot_description) CommandEnded: {'returncode': 0}
[2.303054] (-) TimerEvent: {}
[2.313112] (rrbot_description) JobEnded: {'identifier': 'rrbot_description', 'rc': 0}
[2.315473] (table_description) CommandEnded: {'returncode': 0}
[2.331405] (table_description) JobEnded: {'identifier': 'table_description', 'rc': 0}
[2.333366] (ur3e_on_table) CommandEnded: {'returncode': 0}
[2.351433] (ur3e_on_table) JobEnded: {'identifier': 'ur3e_on_table', 'rc': 0}
[2.353006] (-) EventReactorShutdown: {}
