running develop
running egg_info
creating ur3e_on_table.egg-info
writing ur3e_on_table.egg-info/PKG-INFO
writing dependency_links to ur3e_on_table.egg-info/dependency_links.txt
writing entry points to ur3e_on_table.egg-info/entry_points.txt
writing requirements to ur3e_on_table.egg-info/requires.txt
writing top-level names to ur3e_on_table.egg-info/top_level.txt
writing manifest file 'ur3e_on_table.egg-info/SOURCES.txt'
reading manifest file 'ur3e_on_table.egg-info/SOURCES.txt'
writing manifest file 'ur3e_on_table.egg-info/SOURCES.txt'
running build_ext
Creating /home/shay/a/ho225/ece569-fall2026/Lab2/ws2/src/install/ur3e_on_table/lib/python3.10/site-packages/ur3e-on-table.egg-link (link to .)

Installed /home/shay/a/ho225/ece569-fall2026/Lab2/ws2/src/build/ur3e_on_table
running symlink_data
creating /home/shay/a/ho225/ece569-fall2026/Lab2/ws2/src/install/ur3e_on_table/share/ament_index
creating /home/shay/a/ho225/ece569-fall2026/Lab2/ws2/src/install/ur3e_on_table/share/ament_index/resource_index
creating /home/shay/a/ho225/ece569-fall2026/Lab2/ws2/src/install/ur3e_on_table/share/ament_index/resource_index/packages
symbolically linking /home/shay/a/ho225/ece569-fall2026/Lab2/ws2/src/build/ur3e_on_table/resource/ur3e_on_table -> /home/shay/a/ho225/ece569-fall2026/Lab2/ws2/src/install/ur3e_on_table/share/ament_index/resource_index/packages
symbolically linking /home/shay/a/ho225/ece569-fall2026/Lab2/ws2/src/build/ur3e_on_table/package.xml -> /home/shay/a/ho225/ece569-fall2026/Lab2/ws2/src/install/ur3e_on_table/share/ur3e_on_table
creating /home/shay/a/ho225/ece569-fall2026/Lab2/ws2/src/install/ur3e_on_table/share/ur3e_on_table/config
creating /home/shay/a/ho225/ece569-fall2026/Lab2/ws2/src/install/ur3e_on_table/share/ur3e_on_table/launch
creating /home/shay/a/ho225/ece569-fall2026/Lab2/ws2/src/install/ur3e_on_table/share/ur3e_on_table/rviz
creating /home/shay/a/ho225/ece569-fall2026/Lab2/ws2/src/install/ur3e_on_table/share/ur3e_on_table/urdf
