[1.723s] Invoking command in '/home/shay/a/ho225/ece569-fall2026/Lab2/ws2/src/build/ur3e_on_table': PYTHONPATH=/home/shay/a/ho225/ece569-fall2026/Lab2/ws2/src/build/ur3e_on_table/prefix_override:/usr/lib/python3/dist-packages/colcon_core/task/python/colcon_distutils_commands:/home/shay/a/ho225/ece569-fall2026/Lab2/ws2/src/install/ur3e_on_table/lib/python3.10/site-packages:${PYTHONPATH} /usr/bin/python3 -W ignore:setup.py install is deprecated -W ignore:easy_install command is deprecated setup.py develop --editable --build-directory /home/shay/a/ho225/ece569-fall2026/Lab2/ws2/src/build/ur3e_on_table/build --no-deps symlink_data
[2.026s] running develop
[2.254s] running egg_info
[2.254s] creating ur3e_on_table.egg-info
[2.254s] writing ur3e_on_table.egg-info/PKG-INFO
[2.256s] writing dependency_links to ur3e_on_table.egg-info/dependency_links.txt
[2.257s] writing entry points to ur3e_on_table.egg-info/entry_points.txt
[2.257s] writing requirements to ur3e_on_table.egg-info/requires.txt
[2.258s] writing top-level names to ur3e_on_table.egg-info/top_level.txt
[2.260s] writing manifest file 'ur3e_on_table.egg-info/SOURCES.txt'
[2.263s] reading manifest file 'ur3e_on_table.egg-info/SOURCES.txt'
[2.264s] writing manifest file 'ur3e_on_table.egg-info/SOURCES.txt'
[2.266s] running build_ext
[2.266s] Creating /home/shay/a/ho225/ece569-fall2026/Lab2/ws2/src/install/ur3e_on_table/lib/python3.10/site-packages/ur3e-on-table.egg-link (link to .)
[2.268s] 
[2.268s] Installed /home/shay/a/ho225/ece569-fall2026/Lab2/ws2/src/build/ur3e_on_table
[2.268s] running symlink_data
[2.268s] creating /home/shay/a/ho225/ece569-fall2026/Lab2/ws2/src/install/ur3e_on_table/share/ament_index
[2.269s] creating /home/shay/a/ho225/ece569-fall2026/Lab2/ws2/src/install/ur3e_on_table/share/ament_index/resource_index
[2.269s] creating /home/shay/a/ho225/ece569-fall2026/Lab2/ws2/src/install/ur3e_on_table/share/ament_index/resource_index/packages
[2.270s] symbolically linking /home/shay/a/ho225/ece569-fall2026/Lab2/ws2/src/build/ur3e_on_table/resource/ur3e_on_table -> /home/shay/a/ho225/ece569-fall2026/Lab2/ws2/src/install/ur3e_on_table/share/ament_index/resource_index/packages
[2.270s] symbolically linking /home/shay/a/ho225/ece569-fall2026/Lab2/ws2/src/build/ur3e_on_table/package.xml -> /home/shay/a/ho225/ece569-fall2026/Lab2/ws2/src/install/ur3e_on_table/share/ur3e_on_table
[2.270s] creating /home/shay/a/ho225/ece569-fall2026/Lab2/ws2/src/install/ur3e_on_table/share/ur3e_on_table/config
[2.270s] creating /home/shay/a/ho225/ece569-fall2026/Lab2/ws2/src/install/ur3e_on_table/share/ur3e_on_table/launch
[2.271s] creating /home/shay/a/ho225/ece569-fall2026/Lab2/ws2/src/install/ur3e_on_table/share/ur3e_on_table/rviz
[2.271s] creating /home/shay/a/ho225/ece569-fall2026/Lab2/ws2/src/install/ur3e_on_table/share/ur3e_on_table/urdf
[2.312s] Invoked command in '/home/shay/a/ho225/ece569-fall2026/Lab2/ws2/src/build/ur3e_on_table' returned '0': PYTHONPATH=/home/shay/a/ho225/ece569-fall2026/Lab2/ws2/src/build/ur3e_on_table/prefix_override:/usr/lib/python3/dist-packages/colcon_core/task/python/colcon_distutils_commands:/home/shay/a/ho225/ece569-fall2026/Lab2/ws2/src/install/ur3e_on_table/lib/python3.10/site-packages:${PYTHONPATH} /usr/bin/python3 -W ignore:setup.py install is deprecated -W ignore:easy_install command is deprecated setup.py develop --editable --build-directory /home/shay/a/ho225/ece569-fall2026/Lab2/ws2/src/build/ur3e_on_table/build --no-deps symlink_data
