[0.000000] (-) TimerEvent: {}
[0.000213] (rrbot_description) JobQueued: {'identifier': 'rrbot_description', 'dependencies': OrderedDict()}
[0.000253] (table_description) JobQueued: {'identifier': 'table_description', 'dependencies': OrderedDict()}
[0.000273] (ur3e_on_table) JobQueued: {'identifier': 'ur3e_on_table', 'dependencies': OrderedDict()}
[0.000291] (rrbot_description) JobStarted: {'identifier': 'rrbot_description'}
[0.010364] (table_description) JobStarted: {'identifier': 'table_description'}
[0.018084] (ur3e_on_table) JobStarted: {'identifier': 'ur3e_on_table'}
[0.099322] (-) TimerEvent: {}
[0.199598] (-) TimerEvent: {}
[0.299847] (-) TimerEvent: {}
[0.400120] (-) TimerEvent: {}
[0.500363] (-) TimerEvent: {}
[0.600525] (-) TimerEvent: {}
[0.700686] (-) TimerEvent: {}
[0.800871] (-) TimerEvent: {}
[0.901034] (-) TimerEvent: {}
[1.001187] (-) TimerEvent: {}
[1.101351] (-) TimerEvent: {}
[1.201497] (-) TimerEvent: {}
[1.301662] (-) TimerEvent: {}
[1.401880] (-) TimerEvent: {}
[1.502093] (-) TimerEvent: {}
[1.602308] (-) TimerEvent: {}
[1.702448] (-) TimerEvent: {}
[1.790937] (rrbot_description) Command: {'cmd': ['/usr/bin/python3', '-W', 'ignore:setup.py install is deprecated', '-W', 'ignore:easy_install command is deprecated', 'setup.py', 'develop', '--editable', '--build-directory', '/home/shay/a/ho225/ece569-fall2026/Lab2/ws2/src/build/rrbot_description/build', '--no-deps', 'symlink_data'], 'cwd': '/home/shay/a/ho225/ece569-fall2026/Lab2/ws2/src/build/rrbot_description', 'env': OrderedDict([('MODULEPATH_PACKAGE', '/package/modulefiles/ecn'), ('PROFILEHOME', ''), ('LMOD_DIR', '/usr/share/lmod/lmod/libexec'), ('MAIL', '/var/spool/mail/ho225'), ('LANGUAGE', ''), ('USER', 'ho225'), ('LMOD_PACKAGE_PATH', '/etc/lmod'), ('LMOD_COLORIZE', 'yes'), ('SSH_AGENT_PID', '1090095'), ('XDG_SESSION_TYPE', 'x11'), ('LMOD_PKG', '/usr/share/lmod/lmod'), ('TLPROFILE', 'xfce'), ('KONSOLE_VERSION', '211203'), ('SHLVL', '1'), ('LD_LIBRARY_PATH', '/usr/lib/x86_64-linux-gnu/gazebo-11/plugins:/opt/ros/humble/opt/rviz_ogre_vendor/lib:/opt/ros/humble/lib/x86_64-linux-gnu:/opt/ros/humble/lib:/opt/thinlinc/lib64:/opt/thinlinc/lib'), ('HOME', '/home/shay/a/ho225'), ('OLDPWD', '/home/shay/a/ho225/ece569-fall2026/Lab2/ws2/src'), ('D_DISABLE_RT_SCREEN_SCALE', '1'), ('DESKTOP_SESSION', 'xfce'), ('PANEL_GDK_CORE_DEVICE_EVENTS', '0'), ('ROS_PYTHON_VERSION', '3'), ('SHELL_SESSION_ID', '9d2033760c0048c39a59a537727fd5fc'), ('KONSOLE_DBUS_SESSION', '/Sessions/1'), ('LC_CTYPE', 'C.UTF-8'), ('PCSCTUN_SERVER', '127.0.0.1:5046'), ('DBUS_SESSION_BUS_ADDRESS', 'unix:path=/run/user/933263/bus'), ('COLORTERM', 'truecolor'), ('LMOD_sys', 'Linux'), ('KONSOLE_DBUS_WINDOW', '/Windows/1'), ('COLCON_PREFIX_PATH', '/home/shay/a/ho225/ece569-fall2026/Lab2/ws2/src/install'), ('ROS_DISTRO', 'humble'), ('LOGNAME', 'ho225'), ('LMOD_AVAIL_STYLE', 'system:<grouped>'), ('WINDOWID', '92274695'), ('LMOD_VERSION', '6.6'), ('SUMO_HOME', '/usr/share/sumo'), ('PULSE_SERVER', '/var/opt/thinlinc/sessions/ho225/14/pulse/native 127.0.0.1:5045'), ('TLPREFIX', '/opt/thinlinc'), ('_', '/bin/colcon'), ('ROS_VERSION', '2'), ('XDG_SESSION_CLASS', 'user'), ('COLORFGBG', '15;0'), ('USERNAME', 'ho225'), ('TERM', 'xterm-256color'), ('XDG_SESSION_ID', '20480'), ('ROS_LOCALHOST_ONLY', '0'), ('PATH', '/opt/ros/humble/bin:/usr/NX/bin:/usr/local/bin:/bin:/usr/bin:/usr/local/sbin:/usr/sbin:/sbin:/usr/opt/bin:/usr/site/ece/bin:/opt/thinlinc/bin:/snap/bin:/home/shay/a/ho225/.dotnet/tools:.:/opt/thinlinc/sbin'), ('SESSION_MANAGER', 'local/eceprog1.ecn.purdue.edu:@/tmp/.ICE-unix/1090065,unix/eceprog1.ecn.purdue.edu:/tmp/.ICE-unix/1090065'), ('PULSE_RUNTIME_PATH', '/var/opt/thinlinc/sessions/ho225/14/pulse'), ('PCSCTUN_COOKIE', '/var/opt/thinlinc/sessions/ho225/14/pcsctun-cookie'), ('LMOD_PREPEND_BLOCK', 'normal'), ('LMOD_FULL_SETTARG_SUPPORT', 'no'), ('QT_SCALE_FACTOR_ROUNDING_POLICY', 'PassThrough'), ('XDG_MENU_PREFIX', 'xfce-'), ('XDG_RUNTIME_DIR', '/run/user/933263'), ('DISPLAY', ':14.0'), ('XDG_CURRENT_DESKTOP', 'XFCE'), ('DOTNET_BUNDLE_EXTRACT_BASE_DIR', '/home/shay/a/ho225/.cache/dotnet_bundle_extract'), ('XDG_SESSION_DESKTOP', 'xfce'), ('XAUTHORITY', '/var/opt/thinlinc/sessions/ho225/14/Xauthority'), ('SSH_AUTH_SOCK', '/tmp/ssh-XXXXXXBfYmJs/agent.1090094'), ('ROS_DOMAIN_ID', '27'), ('PULSE_COOKIE', '/var/opt/thinlinc/sessions/ho225/14/pulse-cookie'), ('AMENT_PREFIX_PATH', '/home/shay/a/ho225/ece569-fall2026/Lab2/ws2/src/install/ur3e_on_table:/home/shay/a/ho225/ece569-fall2026/Lab2/ws2/src/install/table_description:/home/shay/a/ho225/ece569-fall2026/Lab2/ws2/src/install/rrbot_description:/opt/ros/humble'), ('SHELL', '/bin/bash'), ('KRB5CCNAME', '/var/opt/thinlinc/sessions/ho225/14/krb5cc'), ('MODULEPATH_ROOT', '/usr/modulefiles'), ('MODULEPATH_LOCAL', '/etc/modulefiles'), ('ROS_WS', '/home/shay/a/ho225/ece569-fall2026/Lab2/ws2/'), ('LMOD_CMD', '/usr/share/lmod/lmod/libexec/lmod'), ('KONSOLE_DBUS_SERVICE', ':1.864'), ('BASH_ENV', '/usr/share/lmod/lmod/init/bash'), ('PWD', '/home/shay/a/ho225/ece569-fall2026/Lab2/ws2/src/build/rrbot_description'), ('TLSESSIONDATA', '/var/opt/thinlinc/sessions/ho225/14'), ('XDG_CONFIG_DIRS', '/etc/xdg'), ('TOWN', 'Springfield'), ('XDG_DATA_DIRS', '/usr/share/gnome:/usr/local/share:/usr/share:/var/lib/snapd/desktop:/usr/share'), ('PYTHONPATH', '/home/shay/a/ho225/ece569-fall2026/Lab2/ws2/src/build/rrbot_description/prefix_override:/usr/lib/python3/dist-packages/colcon_core/task/python/colcon_distutils_commands:/home/shay/a/ho225/ece569-fall2026/Lab2/ws2/src/install/rrbot_description/lib/python3.10/site-packages:/home/shay/a/ho225/ece569-fall2026/Lab2/ws2/src/build/ur3e_on_table:/home/shay/a/ho225/ece569-fall2026/Lab2/ws2/src/install/ur3e_on_table/lib/python3.10/site-packages:/home/shay/a/ho225/ece569-fall2026/Lab2/ws2/src/build/table_description:/home/shay/a/ho225/ece569-fall2026/Lab2/ws2/src/install/table_description/lib/python3.10/site-packages:/home/shay/a/ho225/ece569-fall2026/Lab2/ws2/src/build/rrbot_description:/home/shay/a/ho225/ece569-fall2026/Lab2/ws2/src/install/rrbot_description/lib/python3.10/site-packages:/opt/ros/humble/lib/python3.10/site-packages:/opt/ros/humble/local/lib/python3.10/dist-packages'), ('LMOD_arch', 'x86_64'), ('COLCON', '1'), ('MANPATH', '/usr/share/lmod/lmod/share/man:::/opt/thinlinc/share/man'), ('MODULEPATH', '/etc/lmod/modules:/usr/share/lmod/lmod/modulefiles/:/etc/modulefiles/pkg:/package/modulefiles/ecn/common:/package/modulefiles/ecn/ubuntu'), ('MODULESHOME', '/usr/share/lmod/lmod'), ('LMOD_SETTARG_CMD', ':')]), 'shell': False}
[1.797768] (table_description) Command: {'cmd': ['/usr/bin/python3', '-W', 'ignore:setup.py install is deprecated', '-W', 'ignore:easy_install command is deprecated', 'setup.py', 'develop', '--editable', '--build-directory', '/home/shay/a/ho225/ece569-fall2026/Lab2/ws2/src/build/table_description/build', '--no-deps', 'symlink_data'], 'cwd': '/home/shay/a/ho225/ece569-fall2026/Lab2/ws2/src/build/table_description', 'env': OrderedDict([('MODULEPATH_PACKAGE', '/package/modulefiles/ecn'), ('PROFILEHOME', ''), ('LMOD_DIR', '/usr/share/lmod/lmod/libexec'), ('MAIL', '/var/spool/mail/ho225'), ('LANGUAGE', ''), ('USER', 'ho225'), ('LMOD_PACKAGE_PATH', '/etc/lmod'), ('LMOD_COLORIZE', 'yes'), ('SSH_AGENT_PID', '1090095'), ('XDG_SESSION_TYPE', 'x11'), ('LMOD_PKG', '/usr/share/lmod/lmod'), ('TLPROFILE', 'xfce'), ('KONSOLE_VERSION', '211203'), ('SHLVL', '1'), ('LD_LIBRARY_PATH', '/usr/lib/x86_64-linux-gnu/gazebo-11/plugins:/opt/ros/humble/opt/rviz_ogre_vendor/lib:/opt/ros/humble/lib/x86_64-linux-gnu:/opt/ros/humble/lib:/opt/thinlinc/lib64:/opt/thinlinc/lib'), ('HOME', '/home/shay/a/ho225'), ('OLDPWD', '/home/shay/a/ho225/ece569-fall2026/Lab2/ws2/src'), ('D_DISABLE_RT_SCREEN_SCALE', '1'), ('DESKTOP_SESSION', 'xfce'), ('PANEL_GDK_CORE_DEVICE_EVENTS', '0'), ('ROS_PYTHON_VERSION', '3'), ('SHELL_SESSION_ID', '9d2033760c0048c39a59a537727fd5fc'), ('KONSOLE_DBUS_SESSION', '/Sessions/1'), ('LC_CTYPE', 'C.UTF-8'), ('PCSCTUN_SERVER', '127.0.0.1:5046'), ('DBUS_SESSION_BUS_ADDRESS', 'unix:path=/run/user/933263/bus'), ('COLORTERM', 'truecolor'), ('LMOD_sys', 'Linux'), ('KONSOLE_DBUS_WINDOW', '/Windows/1'), ('COLCON_PREFIX_PATH', '/home/shay/a/ho225/ece569-fall2026/Lab2/ws2/src/install'), ('ROS_DISTRO', 'humble'), ('LOGNAME', 'ho225'), ('LMOD_AVAIL_STYLE', 'system:<grouped>'), ('WINDOWID', '92274695'), ('LMOD_VERSION', '6.6'), ('SUMO_HOME', '/usr/share/sumo'), ('PULSE_SERVER', '/var/opt/thinlinc/sessions/ho225/14/pulse/native 127.0.0.1:5045'), ('TLPREFIX', '/opt/thinlinc'), ('_', '/bin/colcon'), ('ROS_VERSION', '2'), ('XDG_SESSION_CLASS', 'user'), ('COLORFGBG', '15;0'), ('USERNAME', 'ho225'), ('TERM', 'xterm-256color'), ('XDG_SESSION_ID', '20480'), ('ROS_LOCALHOST_ONLY', '0'), ('PATH', '/opt/ros/humble/bin:/usr/NX/bin:/usr/local/bin:/bin:/usr/bin:/usr/local/sbin:/usr/sbin:/sbin:/usr/opt/bin:/usr/site/ece/bin:/opt/thinlinc/bin:/snap/bin:/home/shay/a/ho225/.dotnet/tools:.:/opt/thinlinc/sbin'), ('SESSION_MANAGER', 'local/eceprog1.ecn.purdue.edu:@/tmp/.ICE-unix/1090065,unix/eceprog1.ecn.purdue.edu:/tmp/.ICE-unix/1090065'), ('PULSE_RUNTIME_PATH', '/var/opt/thinlinc/sessions/ho225/14/pulse'), ('PCSCTUN_COOKIE', '/var/opt/thinlinc/sessions/ho225/14/pcsctun-cookie'), ('LMOD_PREPEND_BLOCK', 'normal'), ('LMOD_FULL_SETTARG_SUPPORT', 'no'), ('QT_SCALE_FACTOR_ROUNDING_POLICY', 'PassThrough'), ('XDG_MENU_PREFIX', 'xfce-'), ('XDG_RUNTIME_DIR', '/run/user/933263'), ('DISPLAY', ':14.0'), ('XDG_CURRENT_DESKTOP', 'XFCE'), ('DOTNET_BUNDLE_EXTRACT_BASE_DIR', '/home/shay/a/ho225/.cache/dotnet_bundle_extract'), ('XDG_SESSION_DESKTOP', 'xfce'), ('XAUTHORITY', '/var/opt/thinlinc/sessions/ho225/14/Xauthority'), ('SSH_AUTH_SOCK', '/tmp/ssh-XXXXXXBfYmJs/agent.1090094'), ('ROS_DOMAIN_ID', '27'), ('PULSE_COOKIE', '/var/opt/thinlinc/sessions/ho225/14/pulse-cookie'), ('AMENT_PREFIX_PATH', '/home/shay/a/ho225/ece569-fall2026/Lab2/ws2/src/install/ur3e_on_table:/home/shay/a/ho225/ece569-fall2026/Lab2/ws2/src/install/table_description:/home/shay/a/ho225/ece569-fall2026/Lab2/ws2/src/install/rrbot_description:/opt/ros/humble'), ('SHELL', '/bin/bash'), ('KRB5CCNAME', '/var/opt/thinlinc/sessions/ho225/14/krb5cc'), ('MODULEPATH_ROOT', '/usr/modulefiles'), ('MODULEPATH_LOCAL', '/etc/modulefiles'), ('ROS_WS', '/home/shay/a/ho225/ece569-fall2026/Lab2/ws2/'), ('LMOD_CMD', '/usr/share/lmod/lmod/libexec/lmod'), ('KONSOLE_DBUS_SERVICE', ':1.864'), ('BASH_ENV', '/usr/share/lmod/lmod/init/bash'), ('PWD', '/home/shay/a/ho225/ece569-fall2026/Lab2/ws2/src/build/table_description'), ('TLSESSIONDATA', '/var/opt/thinlinc/sessions/ho225/14'), ('XDG_CONFIG_DIRS', '/etc/xdg'), ('TOWN', 'Springfield'), ('XDG_DATA_DIRS', '/usr/share/gnome:/usr/local/share:/usr/share:/var/lib/snapd/desktop:/usr/share'), ('PYTHONPATH', '/home/shay/a/ho225/ece569-fall2026/Lab2/ws2/src/build/table_description/prefix_override:/usr/lib/python3/dist-packages/colcon_core/task/python/colcon_distutils_commands:/home/shay/a/ho225/ece569-fall2026/Lab2/ws2/src/install/table_description/lib/python3.10/site-packages:/home/shay/a/ho225/ece569-fall2026/Lab2/ws2/src/build/ur3e_on_table:/home/shay/a/ho225/ece569-fall2026/Lab2/ws2/src/install/ur3e_on_table/lib/python3.10/site-packages:/home/shay/a/ho225/ece569-fall2026/Lab2/ws2/src/build/table_description:/home/shay/a/ho225/ece569-fall2026/Lab2/ws2/src/install/table_description/lib/python3.10/site-packages:/home/shay/a/ho225/ece569-fall2026/Lab2/ws2/src/build/rrbot_description:/home/shay/a/ho225/ece569-fall2026/Lab2/ws2/src/install/rrbot_description/lib/python3.10/site-packages:/opt/ros/humble/lib/python3.10/site-packages:/opt/ros/humble/local/lib/python3.10/dist-packages'), ('LMOD_arch', 'x86_64'), ('COLCON', '1'), ('MANPATH', '/usr/share/lmod/lmod/share/man:::/opt/thinlinc/share/man'), ('MODULEPATH', '/etc/lmod/modules:/usr/share/lmod/lmod/modulefiles/:/etc/modulefiles/pkg:/package/modulefiles/ecn/common:/package/modulefiles/ecn/ubuntu'), ('MODULESHOME', '/usr/share/lmod/lmod'), ('LMOD_SETTARG_CMD', ':')]), 'shell': False}
[1.802513] (-) TimerEvent: {}
[1.810801] (ur3e_on_table) Command: {'cmd': ['/usr/bin/python3', '-W', 'ignore:setup.py install is deprecated', '-W', 'ignore:easy_install command is deprecated', 'setup.py', 'develop', '--editable', '--build-directory', '/home/shay/a/ho225/ece569-fall2026/Lab2/ws2/src/build/ur3e_on_table/build', '--no-deps', 'symlink_data'], 'cwd': '/home/shay/a/ho225/ece569-fall2026/Lab2/ws2/src/build/ur3e_on_table', 'env': OrderedDict([('MODULEPATH_PACKAGE', '/package/modulefiles/ecn'), ('PROFILEHOME', ''), ('LMOD_DIR', '/usr/share/lmod/lmod/libexec'), ('MAIL', '/var/spool/mail/ho225'), ('LANGUAGE', ''), ('USER', 'ho225'), ('LMOD_PACKAGE_PATH', '/etc/lmod'), ('LMOD_COLORIZE', 'yes'), ('SSH_AGENT_PID', '1090095'), ('XDG_SESSION_TYPE', 'x11'), ('LMOD_PKG', '/usr/share/lmod/lmod'), ('TLPROFILE', 'xfce'), ('KONSOLE_VERSION', '211203'), ('SHLVL', '1'), ('LD_LIBRARY_PATH', '/usr/lib/x86_64-linux-gnu/gazebo-11/plugins:/opt/ros/humble/opt/rviz_ogre_vendor/lib:/opt/ros/humble/lib/x86_64-linux-gnu:/opt/ros/humble/lib:/opt/thinlinc/lib64:/opt/thinlinc/lib'), ('HOME', '/home/shay/a/ho225'), ('OLDPWD', '/home/shay/a/ho225/ece569-fall2026/Lab2/ws2/src'), ('D_DISABLE_RT_SCREEN_SCALE', '1'), ('DESKTOP_SESSION', 'xfce'), ('PANEL_GDK_CORE_DEVICE_EVENTS', '0'), ('ROS_PYTHON_VERSION', '3'), ('SHELL_SESSION_ID', '9d2033760c0048c39a59a537727fd5fc'), ('KONSOLE_DBUS_SESSION', '/Sessions/1'), ('LC_CTYPE', 'C.UTF-8'), ('PCSCTUN_SERVER', '127.0.0.1:5046'), ('DBUS_SESSION_BUS_ADDRESS', 'unix:path=/run/user/933263/bus'), ('COLORTERM', 'truecolor'), ('LMOD_sys', 'Linux'), ('KONSOLE_DBUS_WINDOW', '/Windows/1'), ('COLCON_PREFIX_PATH', '/home/shay/a/ho225/ece569-fall2026/Lab2/ws2/src/install'), ('ROS_DISTRO', 'humble'), ('LOGNAME', 'ho225'), ('LMOD_AVAIL_STYLE', 'system:<grouped>'), ('WINDOWID', '92274695'), ('LMOD_VERSION', '6.6'), ('SUMO_HOME', '/usr/share/sumo'), ('PULSE_SERVER', '/var/opt/thinlinc/sessions/ho225/14/pulse/native 127.0.0.1:5045'), ('TLPREFIX', '/opt/thinlinc'), ('_', '/bin/colcon'), ('ROS_VERSION', '2'), ('XDG_SESSION_CLASS', 'user'), ('COLORFGBG', '15;0'), ('USERNAME', 'ho225'), ('TERM', 'xterm-256color'), ('XDG_SESSION_ID', '20480'), ('ROS_LOCALHOST_ONLY', '0'), ('PATH', '/opt/ros/humble/bin:/usr/NX/bin:/usr/local/bin:/bin:/usr/bin:/usr/local/sbin:/usr/sbin:/sbin:/usr/opt/bin:/usr/site/ece/bin:/opt/thinlinc/bin:/snap/bin:/home/shay/a/ho225/.dotnet/tools:.:/opt/thinlinc/sbin'), ('SESSION_MANAGER', 'local/eceprog1.ecn.purdue.edu:@/tmp/.ICE-unix/1090065,unix/eceprog1.ecn.purdue.edu:/tmp/.ICE-unix/1090065'), ('PULSE_RUNTIME_PATH', '/var/opt/thinlinc/sessions/ho225/14/pulse'), ('PCSCTUN_COOKIE', '/var/opt/thinlinc/sessions/ho225/14/pcsctun-cookie'), ('LMOD_PREPEND_BLOCK', 'normal'), ('LMOD_FULL_SETTARG_SUPPORT', 'no'), ('QT_SCALE_FACTOR_ROUNDING_POLICY', 'PassThrough'), ('XDG_MENU_PREFIX', 'xfce-'), ('XDG_RUNTIME_DIR', '/run/user/933263'), ('DISPLAY', ':14.0'), ('XDG_CURRENT_DESKTOP', 'XFCE'), ('DOTNET_BUNDLE_EXTRACT_BASE_DIR', '/home/shay/a/ho225/.cache/dotnet_bundle_extract'), ('XDG_SESSION_DESKTOP', 'xfce'), ('XAUTHORITY', '/var/opt/thinlinc/sessions/ho225/14/Xauthority'), ('SSH_AUTH_SOCK', '/tmp/ssh-XXXXXXBfYmJs/agent.1090094'), ('ROS_DOMAIN_ID', '27'), ('PULSE_COOKIE', '/var/opt/thinlinc/sessions/ho225/14/pulse-cookie'), ('AMENT_PREFIX_PATH', '/home/shay/a/ho225/ece569-fall2026/Lab2/ws2/src/install/ur3e_on_table:/home/shay/a/ho225/ece569-fall2026/Lab2/ws2/src/install/table_description:/home/shay/a/ho225/ece569-fall2026/Lab2/ws2/src/install/rrbot_description:/opt/ros/humble'), ('SHELL', '/bin/bash'), ('KRB5CCNAME', '/var/opt/thinlinc/sessions/ho225/14/krb5cc'), ('MODULEPATH_ROOT', '/usr/modulefiles'), ('MODULEPATH_LOCAL', '/etc/modulefiles'), ('ROS_WS', '/home/shay/a/ho225/ece569-fall2026/Lab2/ws2/'), ('LMOD_CMD', '/usr/share/lmod/lmod/libexec/lmod'), ('KONSOLE_DBUS_SERVICE', ':1.864'), ('BASH_ENV', '/usr/share/lmod/lmod/init/bash'), ('PWD', '/home/shay/a/ho225/ece569-fall2026/Lab2/ws2/src/build/ur3e_on_table'), ('TLSESSIONDATA', '/var/opt/thinlinc/sessions/ho225/14'), ('XDG_CONFIG_DIRS', '/etc/xdg'), ('TOWN', 'Springfield'), ('XDG_DATA_DIRS', '/usr/share/gnome:/usr/local/share:/usr/share:/var/lib/snapd/desktop:/usr/share'), ('PYTHONPATH', '/home/shay/a/ho225/ece569-fall2026/Lab2/ws2/src/build/ur3e_on_table/prefix_override:/usr/lib/python3/dist-packages/colcon_core/task/python/colcon_distutils_commands:/home/shay/a/ho225/ece569-fall2026/Lab2/ws2/src/install/ur3e_on_table/lib/python3.10/site-packages:/home/shay/a/ho225/ece569-fall2026/Lab2/ws2/src/build/ur3e_on_table:/home/shay/a/ho225/ece569-fall2026/Lab2/ws2/src/install/ur3e_on_table/lib/python3.10/site-packages:/home/shay/a/ho225/ece569-fall2026/Lab2/ws2/src/build/table_description:/home/shay/a/ho225/ece569-fall2026/Lab2/ws2/src/install/table_description/lib/python3.10/site-packages:/home/shay/a/ho225/ece569-fall2026/Lab2/ws2/src/build/rrbot_description:/home/shay/a/ho225/ece569-fall2026/Lab2/ws2/src/install/rrbot_description/lib/python3.10/site-packages:/opt/ros/humble/lib/python3.10/site-packages:/opt/ros/humble/local/lib/python3.10/dist-packages'), ('LMOD_arch', 'x86_64'), ('COLCON', '1'), ('MANPATH', '/usr/share/lmod/lmod/share/man:::/opt/thinlinc/share/man'), ('MODULEPATH', '/etc/lmod/modules:/usr/share/lmod/lmod/modulefiles/:/etc/modulefiles/pkg:/package/modulefiles/ecn/common:/package/modulefiles/ecn/ubuntu'), ('MODULESHOME', '/usr/share/lmod/lmod'), ('LMOD_SETTARG_CMD', ':')]), 'shell': False}
[1.902605] (-) TimerEvent: {}
[2.002849] (-) TimerEvent: {}
[2.103089] (-) TimerEvent: {}
[2.107094] (rrbot_description) StdoutLine: {'line': b'running develop\n'}
[2.119815] (ur3e_on_table) StdoutLine: {'line': b'running develop\n'}
[2.128714] (table_description) StdoutLine: {'line': b'running develop\n'}
[2.203229] (-) TimerEvent: {}
[2.303404] (-) TimerEvent: {}
[2.346576] (rrbot_description) StdoutLine: {'line': b'running egg_info\n'}
[2.346792] (rrbot_description) StdoutLine: {'line': b'writing rrbot_description.egg-info/PKG-INFO\n'}
[2.347353] (rrbot_description) StdoutLine: {'line': b'writing dependency_links to rrbot_description.egg-info/dependency_links.txt\n'}
[2.347771] (rrbot_description) StdoutLine: {'line': b'writing entry points to rrbot_description.egg-info/entry_points.txt\n'}
[2.348217] (rrbot_description) StdoutLine: {'line': b'writing requirements to rrbot_description.egg-info/requires.txt\n'}
[2.348681] (rrbot_description) StdoutLine: {'line': b'writing top-level names to rrbot_description.egg-info/top_level.txt\n'}
[2.351900] (rrbot_description) StdoutLine: {'line': b"reading manifest file 'rrbot_description.egg-info/SOURCES.txt'\n"}
[2.353141] (rrbot_description) StdoutLine: {'line': b"writing manifest file 'rrbot_description.egg-info/SOURCES.txt'\n"}
[2.354518] (rrbot_description) StdoutLine: {'line': b'running build_ext\n'}
[2.354668] (rrbot_description) StdoutLine: {'line': b'Creating /home/shay/a/ho225/ece569-fall2026/Lab2/ws2/src/install/rrbot_description/lib/python3.10/site-packages/rrbot-description.egg-link (link to .)\n'}
[2.356521] (rrbot_description) StdoutLine: {'line': b'\n'}
[2.356571] (rrbot_description) StdoutLine: {'line': b'Installed /home/shay/a/ho225/ece569-fall2026/Lab2/ws2/src/build/rrbot_description\n'}
[2.356776] (rrbot_description) StdoutLine: {'line': b'running symlink_data\n'}
[2.360303] (ur3e_on_table) StdoutLine: {'line': b'running egg_info\n'}
[2.360515] (ur3e_on_table) StdoutLine: {'line': b'writing ur3e_on_table.egg-info/PKG-INFO\n'}
[2.361095] (ur3e_on_table) StdoutLine: {'line': b'writing dependency_links to ur3e_on_table.egg-info/dependency_links.txt\n'}
[2.361621] (ur3e_on_table) StdoutLine: {'line': b'writing entry points to ur3e_on_table.egg-info/entry_points.txt\n'}
[2.362062] (ur3e_on_table) StdoutLine: {'line': b'writing requirements to ur3e_on_table.egg-info/requires.txt\n'}
[2.362455] (ur3e_on_table) StdoutLine: {'line': b'writing top-level names to ur3e_on_table.egg-info/top_level.txt\n'}
[2.366057] (ur3e_on_table) StdoutLine: {'line': b"reading manifest file 'ur3e_on_table.egg-info/SOURCES.txt'\n"}
[2.367559] (ur3e_on_table) StdoutLine: {'line': b"writing manifest file 'ur3e_on_table.egg-info/SOURCES.txt'\n"}
[2.368966] (ur3e_on_table) StdoutLine: {'line': b'running build_ext\n'}
[2.369124] (ur3e_on_table) StdoutLine: {'line': b'Creating /home/shay/a/ho225/ece569-fall2026/Lab2/ws2/src/install/ur3e_on_table/lib/python3.10/site-packages/ur3e-on-table.egg-link (link to .)\n'}
[2.370854] (ur3e_on_table) StdoutLine: {'line': b'Installing lissajous script to /home/shay/a/ho225/ece569-fall2026/Lab2/ws2/src/install/ur3e_on_table/lib/ur3e_on_table\n'}
[2.371802] (ur3e_on_table) StdoutLine: {'line': b'Installing pick-and-place script to /home/shay/a/ho225/ece569-fall2026/Lab2/ws2/src/install/ur3e_on_table/lib/ur3e_on_table\n'}
[2.372606] (ur3e_on_table) StdoutLine: {'line': b'Installing test script to /home/shay/a/ho225/ece569-fall2026/Lab2/ws2/src/install/ur3e_on_table/lib/ur3e_on_table\n'}
[2.373545] (ur3e_on_table) StdoutLine: {'line': b'\n'}
[2.373593] (ur3e_on_table) StdoutLine: {'line': b'Installed /home/shay/a/ho225/ece569-fall2026/Lab2/ws2/src/build/ur3e_on_table\n'}
[2.373787] (ur3e_on_table) StdoutLine: {'line': b'running symlink_data\n'}
[2.380215] (rrbot_description) CommandEnded: {'returncode': 0}
[2.381778] (table_description) StdoutLine: {'line': b'running egg_info\n'}
[2.382226] (table_description) StdoutLine: {'line': b'writing table_description.egg-info/PKG-INFO\n'}
[2.382873] (table_description) StdoutLine: {'line': b'writing dependency_links to table_description.egg-info/dependency_links.txt\n'}
[2.383459] (table_description) StdoutLine: {'line': b'writing entry points to table_description.egg-info/entry_points.txt\n'}
[2.384471] (table_description) StdoutLine: {'line': b'writing requirements to table_description.egg-info/requires.txt\n'}
[2.385375] (table_description) StdoutLine: {'line': b'writing top-level names to table_description.egg-info/top_level.txt\n'}
[2.389902] (table_description) StdoutLine: {'line': b"reading manifest file 'table_description.egg-info/SOURCES.txt'\n"}
[2.391414] (table_description) StdoutLine: {'line': b"writing manifest file 'table_description.egg-info/SOURCES.txt'\n"}
[2.393010] (table_description) StdoutLine: {'line': b'running build_ext\n'}
[2.393196] (table_description) StdoutLine: {'line': b'Creating /home/shay/a/ho225/ece569-fall2026/Lab2/ws2/src/install/table_description/lib/python3.10/site-packages/table-description.egg-link (link to .)\n'}
[2.396049] (table_description) StdoutLine: {'line': b'\n'}
[2.396190] (table_description) StdoutLine: {'line': b'Installed /home/shay/a/ho225/ece569-fall2026/Lab2/ws2/src/build/table_description\n'}
[2.396372] (table_description) StdoutLine: {'line': b'running symlink_data\n'}
[2.401445] (rrbot_description) JobEnded: {'identifier': 'rrbot_description', 'rc': 0}
[2.403869] (-) TimerEvent: {}
[2.403952] (ur3e_on_table) CommandEnded: {'returncode': 0}
[2.419104] (ur3e_on_table) JobEnded: {'identifier': 'ur3e_on_table', 'rc': 0}
[2.432786] (table_description) CommandEnded: {'returncode': 0}
[2.446424] (table_description) JobEnded: {'identifier': 'table_description', 'rc': 0}
[2.447919] (-) EventReactorShutdown: {}
