running develop
running egg_info
writing rrbot_description.egg-info/PKG-INFO
writing dependency_links to rrbot_description.egg-info/dependency_links.txt
writing entry points to rrbot_description.egg-info/entry_points.txt
writing requirements to rrbot_description.egg-info/requires.txt
writing top-level names to rrbot_description.egg-info/top_level.txt
reading manifest file 'rrbot_description.egg-info/SOURCES.txt'
writing manifest file 'rrbot_description.egg-info/SOURCES.txt'
running build_ext
Creating /home/shay/a/ho225/ece569-fall2026/Lab2/ws2/src/install/rrbot_description/lib/python3.10/site-packages/rrbot-description.egg-link (link to .)

Installed /home/shay/a/ho225/ece569-fall2026/Lab2/ws2/src/build/rrbot_description
running symlink_data
creating /home/shay/a/ho225/ece569-fall2026/Lab2/ws2/src/install/rrbot_description/share/rrbot_description/config
creating /home/shay/a/ho225/ece569-fall2026/Lab2/ws2/src/install/rrbot_description/share/rrbot_description/launch
symbolically linking /home/shay/a/ho225/ece569-fall2026/Lab2/ws2/src/build/rrbot_description/launch/view_rrbot.launch.py -> /home/shay/a/ho225/ece569-fall2026/Lab2/ws2/src/install/rrbot_description/share/rrbot_description/launch
creating /home/shay/a/ho225/ece569-fall2026/Lab2/ws2/src/install/rrbot_description/share/rrbot_description/rviz
creating /home/shay/a/ho225/ece569-fall2026/Lab2/ws2/src/install/rrbot_description/share/rrbot_description/urdf
symbolically linking /home/shay/a/ho225/ece569-fall2026/Lab2/ws2/src/build/rrbot_description/urdf/materials.xacro -> /home/shay/a/ho225/ece569-fall2026/Lab2/ws2/src/install/rrbot_description/share/rrbot_description/urdf
symbolically linking /home/shay/a/ho225/ece569-fall2026/Lab2/ws2/src/build/rrbot_description/urdf/rrbot_macro.xacro -> /home/shay/a/ho225/ece569-fall2026/Lab2/ws2/src/install/rrbot_description/share/rrbot_description/urdf
symbolically linking /home/shay/a/ho225/ece569-fall2026/Lab2/ws2/src/build/rrbot_description/urdf/rrbot.urdf.xacro -> /home/shay/a/ho225/ece569-fall2026/Lab2/ws2/src/install/rrbot_description/share/rrbot_description/urdf
