[1.391s] Invoking command in '/home/shay/a/ho225/ece569-fall2026/Lab2/ws2/src/build/table_description': PYTHONPATH=/home/shay/a/ho225/ece569-fall2026/Lab2/ws2/src/build/table_description/prefix_override:/usr/lib/python3/dist-packages/colcon_core/task/python/colcon_distutils_commands:/home/shay/a/ho225/ece569-fall2026/Lab2/ws2/src/install/table_description/lib/python3.10/site-packages:${PYTHONPATH} /usr/bin/python3 -W ignore:setup.py install is deprecated -W ignore:easy_install command is deprecated setup.py develop --editable --build-directory /home/shay/a/ho225/ece569-fall2026/Lab2/ws2/src/build/table_description/build --no-deps symlink_data
[1.690s] running develop
[1.921s] running egg_info
[1.921s] writing table_description.egg-info/PKG-INFO
[1.922s] writing dependency_links to table_description.egg-info/dependency_links.txt
[1.923s] writing entry points to table_description.egg-info/entry_points.txt
[1.923s] writing requirements to table_description.egg-info/requires.txt
[1.924s] writing top-level names to table_description.egg-info/top_level.txt
[1.928s] reading manifest file 'table_description.egg-info/SOURCES.txt'
[1.929s] writing manifest file 'table_description.egg-info/SOURCES.txt'
[1.930s] running build_ext
[1.930s] Creating /home/shay/a/ho225/ece569-fall2026/Lab2/ws2/src/install/table_description/lib/python3.10/site-packages/table-description.egg-link (link to .)
[1.933s] 
[1.933s] Installed /home/shay/a/ho225/ece569-fall2026/Lab2/ws2/src/build/table_description
[1.933s] running symlink_data
[1.933s] creating /home/shay/a/ho225/ece569-fall2026/Lab2/ws2/src/install/table_description/share/table_description/config
[1.934s] symbolically linking /home/shay/a/ho225/ece569-fall2026/Lab2/ws2/src/build/table_description/config/table_dimensions.yaml -> /home/shay/a/ho225/ece569-fall2026/Lab2/ws2/src/install/table_description/share/table_description/config
[1.934s] creating /home/shay/a/ho225/ece569-fall2026/Lab2/ws2/src/install/table_description/share/table_description/launch
[1.935s] symbolically linking /home/shay/a/ho225/ece569-fall2026/Lab2/ws2/src/build/table_description/launch/view_table.launch.py -> /home/shay/a/ho225/ece569-fall2026/Lab2/ws2/src/install/table_description/share/table_description/launch
[1.935s] creating /home/shay/a/ho225/ece569-fall2026/Lab2/ws2/src/install/table_description/share/table_description/rviz
[1.935s] creating /home/shay/a/ho225/ece569-fall2026/Lab2/ws2/src/install/table_description/share/table_description/urdf
[1.936s] symbolically linking /home/shay/a/ho225/ece569-fall2026/Lab2/ws2/src/build/table_description/urdf/table.urdf.xacro -> /home/shay/a/ho225/ece569-fall2026/Lab2/ws2/src/install/table_description/share/table_description/urdf
[1.936s] symbolically linking /home/shay/a/ho225/ece569-fall2026/Lab2/ws2/src/build/table_description/urdf/table_macro.xacro -> /home/shay/a/ho225/ece569-fall2026/Lab2/ws2/src/install/table_description/share/table_description/urdf
[1.936s] symbolically linking /home/shay/a/ho225/ece569-fall2026/Lab2/ws2/src/build/table_description/urdf/materials.xacro -> /home/shay/a/ho225/ece569-fall2026/Lab2/ws2/src/install/table_description/share/table_description/urdf
[1.970s] Invoked command in '/home/shay/a/ho225/ece569-fall2026/Lab2/ws2/src/build/table_description' returned '0': PYTHONPATH=/home/shay/a/ho225/ece569-fall2026/Lab2/ws2/src/build/table_description/prefix_override:/usr/lib/python3/dist-packages/colcon_core/task/python/colcon_distutils_commands:/home/shay/a/ho225/ece569-fall2026/Lab2/ws2/src/install/table_description/lib/python3.10/site-packages:${PYTHONPATH} /usr/bin/python3 -W ignore:setup.py install is deprecated -W ignore:easy_install command is deprecated setup.py develop --editable --build-directory /home/shay/a/ho225/ece569-fall2026/Lab2/ws2/src/build/table_description/build --no-deps symlink_data
