[1.432s] Invoking command in '/home/shay/a/ho225/ece569-fall2026/Lab2/ws2/src/build/table_description': PYTHONPATH=/home/shay/a/ho225/ece569-fall2026/Lab2/ws2/src/build/table_description/prefix_override:/usr/lib/python3/dist-packages/colcon_core/task/python/colcon_distutils_commands:/home/shay/a/ho225/ece569-fall2026/Lab2/ws2/src/install/table_description/lib/python3.10/site-packages:${PYTHONPATH} /usr/bin/python3 -W ignore:setup.py install is deprecated -W ignore:easy_install command is deprecated setup.py develop --editable --build-directory /home/shay/a/ho225/ece569-fall2026/Lab2/ws2/src/build/table_description/build --no-deps symlink_data
[1.737s] running develop
[1.968s] running egg_info
[1.969s] creating table_description.egg-info
[1.969s] writing table_description.egg-info/PKG-INFO
[1.970s] writing dependency_links to table_description.egg-info/dependency_links.txt
[1.971s] writing entry points to table_description.egg-info/entry_points.txt
[1.971s] writing requirements to table_description.egg-info/requires.txt
[1.972s] writing top-level names to table_description.egg-info/top_level.txt
[1.974s] writing manifest file 'table_description.egg-info/SOURCES.txt'
[1.977s] reading manifest file 'table_description.egg-info/SOURCES.txt'
[1.978s] writing manifest file 'table_description.egg-info/SOURCES.txt'
[1.979s] running build_ext
[1.979s] Creating /home/shay/a/ho225/ece569-fall2026/Lab2/ws2/src/install/table_description/lib/python3.10/site-packages/table-description.egg-link (link to .)
[1.981s] 
[1.981s] Installed /home/shay/a/ho225/ece569-fall2026/Lab2/ws2/src/build/table_description
[1.982s] running symlink_data
[1.982s] creating /home/shay/a/ho225/ece569-fall2026/Lab2/ws2/src/install/table_description/share/ament_index
[1.982s] creating /home/shay/a/ho225/ece569-fall2026/Lab2/ws2/src/install/table_description/share/ament_index/resource_index
[1.982s] creating /home/shay/a/ho225/ece569-fall2026/Lab2/ws2/src/install/table_description/share/ament_index/resource_index/packages
[1.983s] symbolically linking /home/shay/a/ho225/ece569-fall2026/Lab2/ws2/src/build/table_description/resource/table_description -> /home/shay/a/ho225/ece569-fall2026/Lab2/ws2/src/install/table_description/share/ament_index/resource_index/packages
[1.983s] symbolically linking /home/shay/a/ho225/ece569-fall2026/Lab2/ws2/src/build/table_description/package.xml -> /home/shay/a/ho225/ece569-fall2026/Lab2/ws2/src/install/table_description/share/table_description
[2.015s] Invoked command in '/home/shay/a/ho225/ece569-fall2026/Lab2/ws2/src/build/table_description' returned '0': PYTHONPATH=/home/shay/a/ho225/ece569-fall2026/Lab2/ws2/src/build/table_description/prefix_override:/usr/lib/python3/dist-packages/colcon_core/task/python/colcon_distutils_commands:/home/shay/a/ho225/ece569-fall2026/Lab2/ws2/src/install/table_description/lib/python3.10/site-packages:${PYTHONPATH} /usr/bin/python3 -W ignore:setup.py install is deprecated -W ignore:easy_install command is deprecated setup.py develop --editable --build-directory /home/shay/a/ho225/ece569-fall2026/Lab2/ws2/src/build/table_description/build --no-deps symlink_data
