[0.101s] DEBUG:colcon:Command line arguments: ['/bin/colcon', 'build', '--symlink-install']
[0.102s] DEBUG:colcon:Parsed command line arguments: Namespace(log_base=None, log_level=None, verb_name='build', build_base='build', install_base='install', merge_install=False, symlink_install=True, test_result_base=None, continue_on_error=False, executor='parallel', parallel_workers=128, event_handlers=None, ignore_user_meta=False, metas=['./colcon.meta'], base_paths=['.'], packages_ignore=None, packages_ignore_regex=None, paths=None, packages_up_to=None, packages_up_to_regex=None, packages_above=None, packages_above_and_dependencies=None, packages_above_depth=None, packages_select_by_dep=None, packages_skip_by_dep=None, packages_skip_up_to=None, packages_select_build_failed=False, packages_skip_build_finished=False, packages_select_test_failures=False, packages_skip_test_passed=False, packages_select=None, packages_skip=None, packages_select_regex=None, packages_skip_regex=None, packages_start=None, packages_end=None, allow_overriding=[], cmake_args=None, cmake_target=None, cmake_target_skip_unavailable=False, cmake_clean_cache=False, cmake_clean_first=False, cmake_force_configure=False, ament_cmake_args=None, catkin_cmake_args=None, catkin_skip_building_tests=False, verb_parser=<colcon_defaults.argument_parser.defaults.DefaultArgumentsDecorator object at 0x7f1bdf870790>, verb_extension=<colcon_core.verb.build.BuildVerb object at 0x7f1bdf8702b0>, main=<bound method BuildVerb.main of <colcon_core.verb.build.BuildVerb object at 0x7f1bdf8702b0>>)
[0.329s] Level 1:colcon.colcon_core.package_discovery:discover_packages(colcon_meta) check parameters
[0.329s] Level 1:colcon.colcon_core.package_discovery:discover_packages(recursive) check parameters
[0.329s] Level 1:colcon.colcon_core.package_discovery:discover_packages(ignore) check parameters
[0.329s] Level 1:colcon.colcon_core.package_discovery:discover_packages(path) check parameters
[0.329s] Level 1:colcon.colcon_core.package_discovery:discover_packages(colcon_meta) discover
[0.329s] Level 1:colcon.colcon_core.package_discovery:discover_packages(recursive) discover
[0.329s] INFO:colcon.colcon_core.package_discovery:Crawling recursively for packages in '/home/shay/a/ho225/ece569-fall2026/Lab2/ws2/src'
[0.330s] Level 1:colcon.colcon_core.package_identification:_identify(.) by extensions ['ignore', 'ignore_ament_install']
[0.330s] Level 1:colcon.colcon_core.package_identification:_identify(.) by extension 'ignore'
[0.330s] Level 1:colcon.colcon_core.package_identification:_identify(.) by extension 'ignore_ament_install'
[0.330s] Level 1:colcon.colcon_core.package_identification:_identify(.) by extensions ['colcon_pkg']
[0.330s] Level 1:colcon.colcon_core.package_identification:_identify(.) by extension 'colcon_pkg'
[0.330s] Level 1:colcon.colcon_core.package_identification:_identify(.) by extensions ['colcon_meta']
[0.330s] Level 1:colcon.colcon_core.package_identification:_identify(.) by extension 'colcon_meta'
[0.330s] Level 1:colcon.colcon_core.package_identification:_identify(.) by extensions ['ros']
[0.330s] Level 1:colcon.colcon_core.package_identification:_identify(.) by extension 'ros'
[0.346s] Level 1:colcon.colcon_core.package_identification:_identify(.) by extensions ['cmake', 'python']
[0.346s] Level 1:colcon.colcon_core.package_identification:_identify(.) by extension 'cmake'
[0.346s] Level 1:colcon.colcon_core.package_identification:_identify(.) by extension 'python'
[0.346s] Level 1:colcon.colcon_core.package_identification:_identify(.) by extensions ['python_setup_py']
[0.346s] Level 1:colcon.colcon_core.package_identification:_identify(.) by extension 'python_setup_py'
[0.346s] Level 1:colcon.colcon_core.package_identification:_identify(build) by extensions ['ignore', 'ignore_ament_install']
[0.346s] Level 1:colcon.colcon_core.package_identification:_identify(build) by extension 'ignore'
[0.346s] Level 1:colcon.colcon_core.package_identification:_identify(build) ignored
[0.346s] Level 1:colcon.colcon_core.package_identification:_identify(install) by extensions ['ignore', 'ignore_ament_install']
[0.346s] Level 1:colcon.colcon_core.package_identification:_identify(install) by extension 'ignore'
[0.346s] Level 1:colcon.colcon_core.package_identification:_identify(install) ignored
[0.347s] Level 1:colcon.colcon_core.package_identification:_identify(log) by extensions ['ignore', 'ignore_ament_install']
[0.347s] Level 1:colcon.colcon_core.package_identification:_identify(log) by extension 'ignore'
[0.347s] Level 1:colcon.colcon_core.package_identification:_identify(log) ignored
[0.347s] Level 1:colcon.colcon_core.package_identification:_identify(rrbot_description) by extensions ['ignore', 'ignore_ament_install']
[0.348s] Level 1:colcon.colcon_core.package_identification:_identify(rrbot_description) by extension 'ignore'
[0.348s] Level 1:colcon.colcon_core.package_identification:_identify(rrbot_description) by extension 'ignore_ament_install'
[0.348s] Level 1:colcon.colcon_core.package_identification:_identify(rrbot_description) by extensions ['colcon_pkg']
[0.348s] Level 1:colcon.colcon_core.package_identification:_identify(rrbot_description) by extension 'colcon_pkg'
[0.348s] Level 1:colcon.colcon_core.package_identification:_identify(rrbot_description) by extensions ['colcon_meta']
[0.348s] Level 1:colcon.colcon_core.package_identification:_identify(rrbot_description) by extension 'colcon_meta'
[0.348s] Level 1:colcon.colcon_core.package_identification:_identify(rrbot_description) by extensions ['ros']
[0.348s] Level 1:colcon.colcon_core.package_identification:_identify(rrbot_description) by extension 'ros'
[0.350s] DEBUG:colcon.colcon_core.package_identification:Package 'rrbot_description' with type 'ros.ament_python' and name 'rrbot_description'
[0.350s] Level 1:colcon.colcon_core.package_identification:_identify(table_description) by extensions ['ignore', 'ignore_ament_install']
[0.350s] Level 1:colcon.colcon_core.package_identification:_identify(table_description) by extension 'ignore'
[0.350s] Level 1:colcon.colcon_core.package_identification:_identify(table_description) by extension 'ignore_ament_install'
[0.350s] Level 1:colcon.colcon_core.package_identification:_identify(table_description) by extensions ['colcon_pkg']
[0.350s] Level 1:colcon.colcon_core.package_identification:_identify(table_description) by extension 'colcon_pkg'
[0.350s] Level 1:colcon.colcon_core.package_identification:_identify(table_description) by extensions ['colcon_meta']
[0.350s] Level 1:colcon.colcon_core.package_identification:_identify(table_description) by extension 'colcon_meta'
[0.350s] Level 1:colcon.colcon_core.package_identification:_identify(table_description) by extensions ['ros']
[0.350s] Level 1:colcon.colcon_core.package_identification:_identify(table_description) by extension 'ros'
[0.351s] DEBUG:colcon.colcon_core.package_identification:Package 'table_description' with type 'ros.ament_python' and name 'table_description'
[0.351s] Level 1:colcon.colcon_core.package_identification:_identify(ur3e_on_table) by extensions ['ignore', 'ignore_ament_install']
[0.351s] Level 1:colcon.colcon_core.package_identification:_identify(ur3e_on_table) by extension 'ignore'
[0.351s] Level 1:colcon.colcon_core.package_identification:_identify(ur3e_on_table) by extension 'ignore_ament_install'
[0.351s] Level 1:colcon.colcon_core.package_identification:_identify(ur3e_on_table) by extensions ['colcon_pkg']
[0.351s] Level 1:colcon.colcon_core.package_identification:_identify(ur3e_on_table) by extension 'colcon_pkg'
[0.351s] Level 1:colcon.colcon_core.package_identification:_identify(ur3e_on_table) by extensions ['colcon_meta']
[0.351s] Level 1:colcon.colcon_core.package_identification:_identify(ur3e_on_table) by extension 'colcon_meta'
[0.352s] Level 1:colcon.colcon_core.package_identification:_identify(ur3e_on_table) by extensions ['ros']
[0.352s] Level 1:colcon.colcon_core.package_identification:_identify(ur3e_on_table) by extension 'ros'
[0.352s] DEBUG:colcon.colcon_core.package_identification:Package 'ur3e_on_table' with type 'ros.ament_python' and name 'ur3e_on_table'
[0.352s] Level 1:colcon.colcon_core.package_discovery:discover_packages(recursive) using defaults
[0.352s] Level 1:colcon.colcon_core.package_discovery:discover_packages(ignore) discover
[0.352s] Level 1:colcon.colcon_core.package_discovery:discover_packages(ignore) using defaults
[0.352s] Level 1:colcon.colcon_core.package_discovery:discover_packages(path) discover
[0.352s] Level 1:colcon.colcon_core.package_discovery:discover_packages(path) using defaults
[0.370s] Level 1:colcon.colcon_core.package_discovery:discover_packages(prefix_path) check parameters
[0.371s] Level 1:colcon.colcon_core.package_discovery:discover_packages(prefix_path) discover
[0.373s] DEBUG:colcon.colcon_installed_package_information.package_discovery:Found 3 installed packages in /home/shay/a/ho225/ece569-fall2026/Lab2/ws2/src/install
[0.375s] DEBUG:colcon.colcon_installed_package_information.package_discovery:Found 364 installed packages in /opt/ros/humble
[0.376s] Level 1:colcon.colcon_core.package_discovery:discover_packages(prefix_path) using defaults
[0.420s] Level 5:colcon.colcon_core.verb:set package 'rrbot_description' build argument 'cmake_args' from command line to 'None'
[0.420s] Level 5:colcon.colcon_core.verb:set package 'rrbot_description' build argument 'cmake_target' from command line to 'None'
[0.420s] Level 5:colcon.colcon_core.verb:set package 'rrbot_description' build argument 'cmake_target_skip_unavailable' from command line to 'False'
[0.420s] Level 5:colcon.colcon_core.verb:set package 'rrbot_description' build argument 'cmake_clean_cache' from command line to 'False'
[0.420s] Level 5:colcon.colcon_core.verb:set package 'rrbot_description' build argument 'cmake_clean_first' from command line to 'False'
[0.420s] Level 5:colcon.colcon_core.verb:set package 'rrbot_description' build argument 'cmake_force_configure' from command line to 'False'
[0.420s] Level 5:colcon.colcon_core.verb:set package 'rrbot_description' build argument 'ament_cmake_args' from command line to 'None'
[0.420s] Level 5:colcon.colcon_core.verb:set package 'rrbot_description' build argument 'catkin_cmake_args' from command line to 'None'
[0.420s] Level 5:colcon.colcon_core.verb:set package 'rrbot_description' build argument 'catkin_skip_building_tests' from command line to 'False'
[0.420s] DEBUG:colcon.colcon_core.verb:Building package 'rrbot_description' with the following arguments: {'ament_cmake_args': None, 'build_base': '/home/shay/a/ho225/ece569-fall2026/Lab2/ws2/src/build/rrbot_description', 'catkin_cmake_args': None, 'catkin_skip_building_tests': False, 'cmake_args': None, 'cmake_clean_cache': False, 'cmake_clean_first': False, 'cmake_force_configure': False, 'cmake_target': None, 'cmake_target_skip_unavailable': False, 'install_base': '/home/shay/a/ho225/ece569-fall2026/Lab2/ws2/src/install/rrbot_description', 'merge_install': False, 'path': '/home/shay/a/ho225/ece569-fall2026/Lab2/ws2/src/rrbot_description', 'symlink_install': True, 'test_result_base': None}
[0.420s] Level 5:colcon.colcon_core.verb:set package 'table_description' build argument 'cmake_args' from command line to 'None'
[0.420s] Level 5:colcon.colcon_core.verb:set package 'table_description' build argument 'cmake_target' from command line to 'None'
[0.420s] Level 5:colcon.colcon_core.verb:set package 'table_description' build argument 'cmake_target_skip_unavailable' from command line to 'False'
[0.420s] Level 5:colcon.colcon_core.verb:set package 'table_description' build argument 'cmake_clean_cache' from command line to 'False'
[0.420s] Level 5:colcon.colcon_core.verb:set package 'table_description' build argument 'cmake_clean_first' from command line to 'False'
[0.420s] Level 5:colcon.colcon_core.verb:set package 'table_description' build argument 'cmake_force_configure' from command line to 'False'
[0.420s] Level 5:colcon.colcon_core.verb:set package 'table_description' build argument 'ament_cmake_args' from command line to 'None'
[0.420s] Level 5:colcon.colcon_core.verb:set package 'table_description' build argument 'catkin_cmake_args' from command line to 'None'
[0.420s] Level 5:colcon.colcon_core.verb:set package 'table_description' build argument 'catkin_skip_building_tests' from command line to 'False'
[0.420s] DEBUG:colcon.colcon_core.verb:Building package 'table_description' with the following arguments: {'ament_cmake_args': None, 'build_base': '/home/shay/a/ho225/ece569-fall2026/Lab2/ws2/src/build/table_description', 'catkin_cmake_args': None, 'catkin_skip_building_tests': False, 'cmake_args': None, 'cmake_clean_cache': False, 'cmake_clean_first': False, 'cmake_force_configure': False, 'cmake_target': None, 'cmake_target_skip_unavailable': False, 'install_base': '/home/shay/a/ho225/ece569-fall2026/Lab2/ws2/src/install/table_description', 'merge_install': False, 'path': '/home/shay/a/ho225/ece569-fall2026/Lab2/ws2/src/table_description', 'symlink_install': True, 'test_result_base': None}
[0.421s] Level 5:colcon.colcon_core.verb:set package 'ur3e_on_table' build argument 'cmake_args' from command line to 'None'
[0.421s] Level 5:colcon.colcon_core.verb:set package 'ur3e_on_table' build argument 'cmake_target' from command line to 'None'
[0.421s] Level 5:colcon.colcon_core.verb:set package 'ur3e_on_table' build argument 'cmake_target_skip_unavailable' from command line to 'False'
[0.421s] Level 5:colcon.colcon_core.verb:set package 'ur3e_on_table' build argument 'cmake_clean_cache' from command line to 'False'
[0.421s] Level 5:colcon.colcon_core.verb:set package 'ur3e_on_table' build argument 'cmake_clean_first' from command line to 'False'
[0.421s] Level 5:colcon.colcon_core.verb:set package 'ur3e_on_table' build argument 'cmake_force_configure' from command line to 'False'
[0.421s] Level 5:colcon.colcon_core.verb:set package 'ur3e_on_table' build argument 'ament_cmake_args' from command line to 'None'
[0.421s] Level 5:colcon.colcon_core.verb:set package 'ur3e_on_table' build argument 'catkin_cmake_args' from command line to 'None'
[0.421s] Level 5:colcon.colcon_core.verb:set package 'ur3e_on_table' build argument 'catkin_skip_building_tests' from command line to 'False'
[0.421s] DEBUG:colcon.colcon_core.verb:Building package 'ur3e_on_table' with the following arguments: {'ament_cmake_args': None, 'build_base': '/home/shay/a/ho225/ece569-fall2026/Lab2/ws2/src/build/ur3e_on_table', 'catkin_cmake_args': None, 'catkin_skip_building_tests': False, 'cmake_args': None, 'cmake_clean_cache': False, 'cmake_clean_first': False, 'cmake_force_configure': False, 'cmake_target': None, 'cmake_target_skip_unavailable': False, 'install_base': '/home/shay/a/ho225/ece569-fall2026/Lab2/ws2/src/install/ur3e_on_table', 'merge_install': False, 'path': '/home/shay/a/ho225/ece569-fall2026/Lab2/ws2/src/ur3e_on_table', 'symlink_install': True, 'test_result_base': None}
[0.421s] INFO:colcon.colcon_core.executor:Executing jobs using 'parallel' executor
[0.422s] DEBUG:colcon.colcon_parallel_executor.executor.parallel:run_until_complete
[0.422s] INFO:colcon.colcon_ros.task.ament_python.build:Building ROS package in '/home/shay/a/ho225/ece569-fall2026/Lab2/ws2/src/rrbot_description' with build type 'ament_python'
[0.422s] Level 1:colcon.colcon_core.shell:create_environment_hook('rrbot_description', 'ament_prefix_path')
[0.424s] INFO:colcon.colcon_core.plugin_system:Skipping extension 'colcon_core.shell.bat': Not used on non-Windows systems
[0.424s] INFO:colcon.colcon_core.shell:Creating environment hook '/home/shay/a/ho225/ece569-fall2026/Lab2/ws2/src/install/rrbot_description/share/rrbot_description/hook/ament_prefix_path.ps1'
[0.426s] INFO:colcon.colcon_core.shell:Creating environment descriptor '/home/shay/a/ho225/ece569-fall2026/Lab2/ws2/src/install/rrbot_description/share/rrbot_description/hook/ament_prefix_path.dsv'
[0.426s] INFO:colcon.colcon_core.shell:Creating environment hook '/home/shay/a/ho225/ece569-fall2026/Lab2/ws2/src/install/rrbot_description/share/rrbot_description/hook/ament_prefix_path.sh'
[0.428s] INFO:colcon.colcon_core.shell:Skip shell extension 'powershell' for command environment: Not usable outside of PowerShell
[0.428s] DEBUG:colcon.colcon_core.shell:Skip shell extension 'dsv' for command environment
[0.433s] INFO:colcon.colcon_ros.task.ament_python.build:Building ROS package in '/home/shay/a/ho225/ece569-fall2026/Lab2/ws2/src/table_description' with build type 'ament_python'
[0.433s] Level 1:colcon.colcon_core.shell:create_environment_hook('table_description', 'ament_prefix_path')
[0.434s] INFO:colcon.colcon_core.shell:Creating environment hook '/home/shay/a/ho225/ece569-fall2026/Lab2/ws2/src/install/table_description/share/table_description/hook/ament_prefix_path.ps1'
[0.435s] INFO:colcon.colcon_core.shell:Creating environment descriptor '/home/shay/a/ho225/ece569-fall2026/Lab2/ws2/src/install/table_description/share/table_description/hook/ament_prefix_path.dsv'
[0.436s] INFO:colcon.colcon_core.shell:Creating environment hook '/home/shay/a/ho225/ece569-fall2026/Lab2/ws2/src/install/table_description/share/table_description/hook/ament_prefix_path.sh'
[0.437s] INFO:colcon.colcon_core.shell:Skip shell extension 'powershell' for command environment: Not usable outside of PowerShell
[0.437s] DEBUG:colcon.colcon_core.shell:Skip shell extension 'dsv' for command environment
[0.442s] INFO:colcon.colcon_ros.task.ament_python.build:Building ROS package in '/home/shay/a/ho225/ece569-fall2026/Lab2/ws2/src/ur3e_on_table' with build type 'ament_python'
[0.442s] Level 1:colcon.colcon_core.shell:create_environment_hook('ur3e_on_table', 'ament_prefix_path')
[0.442s] INFO:colcon.colcon_core.shell:Creating environment hook '/home/shay/a/ho225/ece569-fall2026/Lab2/ws2/src/install/ur3e_on_table/share/ur3e_on_table/hook/ament_prefix_path.ps1'
[0.443s] INFO:colcon.colcon_core.shell:Creating environment descriptor '/home/shay/a/ho225/ece569-fall2026/Lab2/ws2/src/install/ur3e_on_table/share/ur3e_on_table/hook/ament_prefix_path.dsv'
[0.444s] INFO:colcon.colcon_core.shell:Creating environment hook '/home/shay/a/ho225/ece569-fall2026/Lab2/ws2/src/install/ur3e_on_table/share/ur3e_on_table/hook/ament_prefix_path.sh'
[0.445s] INFO:colcon.colcon_core.shell:Skip shell extension 'powershell' for command environment: Not usable outside of PowerShell
[0.445s] DEBUG:colcon.colcon_core.shell:Skip shell extension 'dsv' for command environment
[0.752s] INFO:colcon.colcon_core.task.python.build:Building Python package in '/home/shay/a/ho225/ece569-fall2026/Lab2/ws2/src/rrbot_description'
[0.752s] INFO:colcon.colcon_core.shell:Skip shell extension 'powershell' for command environment: Not usable outside of PowerShell
[0.752s] DEBUG:colcon.colcon_core.shell:Skip shell extension 'dsv' for command environment
[1.057s] INFO:colcon.colcon_core.task.python.build:Building Python package in '/home/shay/a/ho225/ece569-fall2026/Lab2/ws2/src/table_description'
[1.057s] INFO:colcon.colcon_core.shell:Skip shell extension 'powershell' for command environment: Not usable outside of PowerShell
[1.057s] DEBUG:colcon.colcon_core.shell:Skip shell extension 'dsv' for command environment
[1.367s] INFO:colcon.colcon_core.task.python.build:Building Python package in '/home/shay/a/ho225/ece569-fall2026/Lab2/ws2/src/ur3e_on_table'
[1.367s] INFO:colcon.colcon_core.shell:Skip shell extension 'powershell' for command environment: Not usable outside of PowerShell
[1.367s] DEBUG:colcon.colcon_core.shell:Skip shell extension 'dsv' for command environment
[1.841s] DEBUG:colcon.colcon_core.task.python.build:Available setuptools commands: build, install, update_catalog, setopt, develop, sdist, isort, bdist_wheel, init_catalog, extract_messages, easy_install, egg_info, compile_catalog, upload_docs, bdist_egg, bdist, check, install_scripts, build_scripts, symlink_data, install_lib, alias, bdist_rpm, dist_info, register, clean, saveopts, build_py, build_ext, build_clib, install_headers, install_egg_info, bdist_dumb, test, install_data, build_sphinx, upload, rotate
[1.844s] DEBUG:colcon.colcon_core.task.python.build:Available setuptools commands: build, install, update_catalog, setopt, develop, sdist, isort, bdist_wheel, init_catalog, extract_messages, easy_install, egg_info, compile_catalog, upload_docs, bdist_egg, bdist, check, install_scripts, build_scripts, symlink_data, install_lib, alias, bdist_rpm, dist_info, register, clean, saveopts, build_py, build_ext, build_clib, install_headers, install_egg_info, bdist_dumb, test, install_data, build_sphinx, upload, rotate
[1.859s] DEBUG:colcon.colcon_core.task.python.build:Available setuptools commands: build, install, update_catalog, setopt, develop, sdist, isort, bdist_wheel, init_catalog, extract_messages, easy_install, egg_info, compile_catalog, upload_docs, bdist_egg, bdist, check, install_scripts, build_scripts, symlink_data, install_lib, alias, bdist_rpm, dist_info, register, clean, saveopts, build_py, build_ext, build_clib, install_headers, install_egg_info, bdist_dumb, test, install_data, build_sphinx, upload, rotate
[2.166s] DEBUG:colcon.colcon_core.task.python.build:Available setuptools 'develop' options: --find-links, --record, --script-dir, --site-dirs, --allow-hosts, --verbose, --quiet, --dry-run, --always-unzip, --no-find-links, --index-url, --optimize, --multi-version, --force-installation-into-system-dir, --prefix, --no-deps, --uninstall, --local-snapshots-ok, --zip-ok, --install-dir, --help, --install-layout, --build-directory, --editable, --always-copy, --version, --egg-path, --exclude-scripts, --user, --upgrade, --no-user-cfg
[2.172s] DEBUG:colcon.colcon_core.task.python.build:Available setuptools 'develop' options: --find-links, --record, --script-dir, --site-dirs, --allow-hosts, --verbose, --quiet, --dry-run, --always-unzip, --no-find-links, --index-url, --optimize, --multi-version, --force-installation-into-system-dir, --prefix, --no-deps, --uninstall, --local-snapshots-ok, --zip-ok, --install-dir, --help, --install-layout, --build-directory, --editable, --always-copy, --version, --egg-path, --exclude-scripts, --user, --upgrade, --no-user-cfg
[2.173s] DEBUG:colcon.colcon_core.event_handler.log_command:Invoking command in '/home/shay/a/ho225/ece569-fall2026/Lab2/ws2/src/build/rrbot_description': PYTHONPATH=/home/shay/a/ho225/ece569-fall2026/Lab2/ws2/src/build/rrbot_description/prefix_override:/usr/lib/python3/dist-packages/colcon_core/task/python/colcon_distutils_commands:/home/shay/a/ho225/ece569-fall2026/Lab2/ws2/src/install/rrbot_description/lib/python3.10/site-packages:${PYTHONPATH} /usr/bin/python3 -W ignore:setup.py install is deprecated -W ignore:easy_install command is deprecated setup.py develop --editable --build-directory /home/shay/a/ho225/ece569-fall2026/Lab2/ws2/src/build/rrbot_description/build --no-deps symlink_data
[2.178s] DEBUG:colcon.colcon_core.event_handler.log_command:Invoking command in '/home/shay/a/ho225/ece569-fall2026/Lab2/ws2/src/build/ur3e_on_table': PYTHONPATH=/home/shay/a/ho225/ece569-fall2026/Lab2/ws2/src/build/ur3e_on_table/prefix_override:/usr/lib/python3/dist-packages/colcon_core/task/python/colcon_distutils_commands:/home/shay/a/ho225/ece569-fall2026/Lab2/ws2/src/install/ur3e_on_table/lib/python3.10/site-packages:${PYTHONPATH} /usr/bin/python3 -W ignore:setup.py install is deprecated -W ignore:easy_install command is deprecated setup.py develop --editable --build-directory /home/shay/a/ho225/ece569-fall2026/Lab2/ws2/src/build/ur3e_on_table/build --no-deps symlink_data
[2.193s] DEBUG:colcon.colcon_core.task.python.build:Available setuptools 'develop' options: --find-links, --record, --script-dir, --site-dirs, --allow-hosts, --verbose, --quiet, --dry-run, --always-unzip, --no-find-links, --index-url, --optimize, --multi-version, --force-installation-into-system-dir, --prefix, --no-deps, --uninstall, --local-snapshots-ok, --zip-ok, --install-dir, --help, --install-layout, --build-directory, --editable, --always-copy, --version, --egg-path, --exclude-scripts, --user, --upgrade, --no-user-cfg
[2.198s] DEBUG:colcon.colcon_core.event_handler.log_command:Invoking command in '/home/shay/a/ho225/ece569-fall2026/Lab2/ws2/src/build/table_description': PYTHONPATH=/home/shay/a/ho225/ece569-fall2026/Lab2/ws2/src/build/table_description/prefix_override:/usr/lib/python3/dist-packages/colcon_core/task/python/colcon_distutils_commands:/home/shay/a/ho225/ece569-fall2026/Lab2/ws2/src/install/table_description/lib/python3.10/site-packages:${PYTHONPATH} /usr/bin/python3 -W ignore:setup.py install is deprecated -W ignore:easy_install command is deprecated setup.py develop --editable --build-directory /home/shay/a/ho225/ece569-fall2026/Lab2/ws2/src/build/table_description/build --no-deps symlink_data
[2.757s] Level 1:colcon.colcon_core.shell:create_environment_hook('ur3e_on_table', 'pythonpath_develop')
[2.757s] INFO:colcon.colcon_core.shell:Creating environment hook '/home/shay/a/ho225/ece569-fall2026/Lab2/ws2/src/build/ur3e_on_table/share/ur3e_on_table/hook/pythonpath_develop.ps1'
[2.758s] DEBUG:colcon.colcon_core.event_handler.log_command:Invoked command in '/home/shay/a/ho225/ece569-fall2026/Lab2/ws2/src/build/ur3e_on_table' returned '0': PYTHONPATH=/home/shay/a/ho225/ece569-fall2026/Lab2/ws2/src/build/ur3e_on_table/prefix_override:/usr/lib/python3/dist-packages/colcon_core/task/python/colcon_distutils_commands:/home/shay/a/ho225/ece569-fall2026/Lab2/ws2/src/install/ur3e_on_table/lib/python3.10/site-packages:${PYTHONPATH} /usr/bin/python3 -W ignore:setup.py install is deprecated -W ignore:easy_install command is deprecated setup.py develop --editable --build-directory /home/shay/a/ho225/ece569-fall2026/Lab2/ws2/src/build/ur3e_on_table/build --no-deps symlink_data
[2.759s] INFO:colcon.colcon_core.shell:Creating environment descriptor '/home/shay/a/ho225/ece569-fall2026/Lab2/ws2/src/build/ur3e_on_table/share/ur3e_on_table/hook/pythonpath_develop.dsv'
[2.760s] INFO:colcon.colcon_core.shell:Creating environment hook '/home/shay/a/ho225/ece569-fall2026/Lab2/ws2/src/build/ur3e_on_table/share/ur3e_on_table/hook/pythonpath_develop.sh'
[2.763s] Level 1:colcon.colcon_core.environment:checking '/home/shay/a/ho225/ece569-fall2026/Lab2/ws2/src/install/ur3e_on_table' for CMake module files
[2.764s] Level 1:colcon.colcon_core.environment:checking '/home/shay/a/ho225/ece569-fall2026/Lab2/ws2/src/install/ur3e_on_table' for CMake config files
[2.766s] Level 1:colcon.colcon_core.environment:checking '/home/shay/a/ho225/ece569-fall2026/Lab2/ws2/src/install/ur3e_on_table/lib'
[2.766s] Level 1:colcon.colcon_core.environment:checking '/home/shay/a/ho225/ece569-fall2026/Lab2/ws2/src/install/ur3e_on_table/bin'
[2.766s] Level 1:colcon.colcon_core.environment:checking '/home/shay/a/ho225/ece569-fall2026/Lab2/ws2/src/install/ur3e_on_table/lib/pkgconfig/ur3e_on_table.pc'
[2.767s] Level 1:colcon.colcon_core.environment:checking '/home/shay/a/ho225/ece569-fall2026/Lab2/ws2/src/install/ur3e_on_table/lib/python3.10/site-packages'
[2.767s] Level 1:colcon.colcon_core.shell:create_environment_hook('ur3e_on_table', 'pythonpath')
[2.767s] INFO:colcon.colcon_core.shell:Creating environment hook '/home/shay/a/ho225/ece569-fall2026/Lab2/ws2/src/install/ur3e_on_table/share/ur3e_on_table/hook/pythonpath.ps1'
[2.768s] INFO:colcon.colcon_core.shell:Creating environment descriptor '/home/shay/a/ho225/ece569-fall2026/Lab2/ws2/src/install/ur3e_on_table/share/ur3e_on_table/hook/pythonpath.dsv'
[2.769s] INFO:colcon.colcon_core.shell:Creating environment hook '/home/shay/a/ho225/ece569-fall2026/Lab2/ws2/src/install/ur3e_on_table/share/ur3e_on_table/hook/pythonpath.sh'
[2.770s] Level 1:colcon.colcon_core.environment:checking '/home/shay/a/ho225/ece569-fall2026/Lab2/ws2/src/install/ur3e_on_table/bin'
[2.770s] Level 1:colcon.colcon_core.environment:create_environment_scripts_only(ur3e_on_table)
[2.770s] INFO:colcon.colcon_core.shell:Creating package script '/home/shay/a/ho225/ece569-fall2026/Lab2/ws2/src/install/ur3e_on_table/share/ur3e_on_table/package.ps1'
[2.772s] INFO:colcon.colcon_core.shell:Creating package descriptor '/home/shay/a/ho225/ece569-fall2026/Lab2/ws2/src/install/ur3e_on_table/share/ur3e_on_table/package.dsv'
[2.773s] INFO:colcon.colcon_core.shell:Creating package script '/home/shay/a/ho225/ece569-fall2026/Lab2/ws2/src/install/ur3e_on_table/share/ur3e_on_table/package.sh'
[2.774s] INFO:colcon.colcon_core.shell:Creating package script '/home/shay/a/ho225/ece569-fall2026/Lab2/ws2/src/install/ur3e_on_table/share/ur3e_on_table/package.bash'
[2.775s] INFO:colcon.colcon_core.shell:Creating package script '/home/shay/a/ho225/ece569-fall2026/Lab2/ws2/src/install/ur3e_on_table/share/ur3e_on_table/package.zsh'
[2.776s] Level 1:colcon.colcon_core.environment:create_file_with_runtime_dependencies(/home/shay/a/ho225/ece569-fall2026/Lab2/ws2/src/install/ur3e_on_table/share/colcon-core/packages/ur3e_on_table)
[2.777s] Level 1:colcon.colcon_core.shell:create_environment_hook('table_description', 'pythonpath_develop')
[2.777s] INFO:colcon.colcon_core.shell:Creating environment hook '/home/shay/a/ho225/ece569-fall2026/Lab2/ws2/src/build/table_description/share/table_description/hook/pythonpath_develop.ps1'
[2.778s] DEBUG:colcon.colcon_core.event_handler.log_command:Invoked command in '/home/shay/a/ho225/ece569-fall2026/Lab2/ws2/src/build/table_description' returned '0': PYTHONPATH=/home/shay/a/ho225/ece569-fall2026/Lab2/ws2/src/build/table_description/prefix_override:/usr/lib/python3/dist-packages/colcon_core/task/python/colcon_distutils_commands:/home/shay/a/ho225/ece569-fall2026/Lab2/ws2/src/install/table_description/lib/python3.10/site-packages:${PYTHONPATH} /usr/bin/python3 -W ignore:setup.py install is deprecated -W ignore:easy_install command is deprecated setup.py develop --editable --build-directory /home/shay/a/ho225/ece569-fall2026/Lab2/ws2/src/build/table_description/build --no-deps symlink_data
[2.778s] INFO:colcon.colcon_core.shell:Creating environment descriptor '/home/shay/a/ho225/ece569-fall2026/Lab2/ws2/src/build/table_description/share/table_description/hook/pythonpath_develop.dsv'
[2.779s] INFO:colcon.colcon_core.shell:Creating environment hook '/home/shay/a/ho225/ece569-fall2026/Lab2/ws2/src/build/table_description/share/table_description/hook/pythonpath_develop.sh'
[2.780s] Level 1:colcon.colcon_core.environment:checking '/home/shay/a/ho225/ece569-fall2026/Lab2/ws2/src/install/table_description' for CMake module files
[2.781s] Level 1:colcon.colcon_core.environment:checking '/home/shay/a/ho225/ece569-fall2026/Lab2/ws2/src/install/table_description' for CMake config files
[2.784s] Level 1:colcon.colcon_core.environment:checking '/home/shay/a/ho225/ece569-fall2026/Lab2/ws2/src/install/table_description/lib'
[2.784s] Level 1:colcon.colcon_core.environment:checking '/home/shay/a/ho225/ece569-fall2026/Lab2/ws2/src/install/table_description/bin'
[2.784s] Level 1:colcon.colcon_core.environment:checking '/home/shay/a/ho225/ece569-fall2026/Lab2/ws2/src/install/table_description/lib/pkgconfig/table_description.pc'
[2.784s] Level 1:colcon.colcon_core.environment:checking '/home/shay/a/ho225/ece569-fall2026/Lab2/ws2/src/install/table_description/lib/python3.10/site-packages'
[2.784s] Level 1:colcon.colcon_core.shell:create_environment_hook('table_description', 'pythonpath')
[2.784s] INFO:colcon.colcon_core.shell:Creating environment hook '/home/shay/a/ho225/ece569-fall2026/Lab2/ws2/src/install/table_description/share/table_description/hook/pythonpath.ps1'
[2.785s] INFO:colcon.colcon_core.shell:Creating environment descriptor '/home/shay/a/ho225/ece569-fall2026/Lab2/ws2/src/install/table_description/share/table_description/hook/pythonpath.dsv'
[2.786s] INFO:colcon.colcon_core.shell:Creating environment hook '/home/shay/a/ho225/ece569-fall2026/Lab2/ws2/src/install/table_description/share/table_description/hook/pythonpath.sh'
[2.787s] Level 1:colcon.colcon_core.environment:checking '/home/shay/a/ho225/ece569-fall2026/Lab2/ws2/src/install/table_description/bin'
[2.787s] Level 1:colcon.colcon_core.environment:create_environment_scripts_only(table_description)
[2.787s] INFO:colcon.colcon_core.shell:Creating package script '/home/shay/a/ho225/ece569-fall2026/Lab2/ws2/src/install/table_description/share/table_description/package.ps1'
[2.788s] INFO:colcon.colcon_core.shell:Creating package descriptor '/home/shay/a/ho225/ece569-fall2026/Lab2/ws2/src/install/table_description/share/table_description/package.dsv'
[2.789s] INFO:colcon.colcon_core.shell:Creating package script '/home/shay/a/ho225/ece569-fall2026/Lab2/ws2/src/install/table_description/share/table_description/package.sh'
[2.790s] INFO:colcon.colcon_core.shell:Creating package script '/home/shay/a/ho225/ece569-fall2026/Lab2/ws2/src/install/table_description/share/table_description/package.bash'
[2.791s] INFO:colcon.colcon_core.shell:Creating package script '/home/shay/a/ho225/ece569-fall2026/Lab2/ws2/src/install/table_description/share/table_description/package.zsh'
[2.791s] Level 1:colcon.colcon_core.environment:create_file_with_runtime_dependencies(/home/shay/a/ho225/ece569-fall2026/Lab2/ws2/src/install/table_description/share/colcon-core/packages/table_description)
[2.792s] Level 1:colcon.colcon_core.shell:create_environment_hook('rrbot_description', 'pythonpath_develop')
[2.792s] INFO:colcon.colcon_core.shell:Creating environment hook '/home/shay/a/ho225/ece569-fall2026/Lab2/ws2/src/build/rrbot_description/share/rrbot_description/hook/pythonpath_develop.ps1'
[2.793s] INFO:colcon.colcon_core.shell:Creating environment descriptor '/home/shay/a/ho225/ece569-fall2026/Lab2/ws2/src/build/rrbot_description/share/rrbot_description/hook/pythonpath_develop.dsv'
[2.794s] INFO:colcon.colcon_core.shell:Creating environment hook '/home/shay/a/ho225/ece569-fall2026/Lab2/ws2/src/build/rrbot_description/share/rrbot_description/hook/pythonpath_develop.sh'
[2.794s] DEBUG:colcon.colcon_core.event_handler.log_command:Invoked command in '/home/shay/a/ho225/ece569-fall2026/Lab2/ws2/src/build/rrbot_description' returned '0': PYTHONPATH=/home/shay/a/ho225/ece569-fall2026/Lab2/ws2/src/build/rrbot_description/prefix_override:/usr/lib/python3/dist-packages/colcon_core/task/python/colcon_distutils_commands:/home/shay/a/ho225/ece569-fall2026/Lab2/ws2/src/install/rrbot_description/lib/python3.10/site-packages:${PYTHONPATH} /usr/bin/python3 -W ignore:setup.py install is deprecated -W ignore:easy_install command is deprecated setup.py develop --editable --build-directory /home/shay/a/ho225/ece569-fall2026/Lab2/ws2/src/build/rrbot_description/build --no-deps symlink_data
[2.795s] Level 1:colcon.colcon_core.environment:checking '/home/shay/a/ho225/ece569-fall2026/Lab2/ws2/src/install/rrbot_description' for CMake module files
[2.795s] Level 1:colcon.colcon_core.environment:checking '/home/shay/a/ho225/ece569-fall2026/Lab2/ws2/src/install/rrbot_description' for CMake config files
[2.798s] Level 1:colcon.colcon_core.environment:checking '/home/shay/a/ho225/ece569-fall2026/Lab2/ws2/src/install/rrbot_description/lib'
[2.798s] Level 1:colcon.colcon_core.environment:checking '/home/shay/a/ho225/ece569-fall2026/Lab2/ws2/src/install/rrbot_description/bin'
[2.798s] Level 1:colcon.colcon_core.environment:checking '/home/shay/a/ho225/ece569-fall2026/Lab2/ws2/src/install/rrbot_description/lib/pkgconfig/rrbot_description.pc'
[2.798s] Level 1:colcon.colcon_core.environment:checking '/home/shay/a/ho225/ece569-fall2026/Lab2/ws2/src/install/rrbot_description/lib/python3.10/site-packages'
[2.798s] Level 1:colcon.colcon_core.shell:create_environment_hook('rrbot_description', 'pythonpath')
[2.798s] INFO:colcon.colcon_core.shell:Creating environment hook '/home/shay/a/ho225/ece569-fall2026/Lab2/ws2/src/install/rrbot_description/share/rrbot_description/hook/pythonpath.ps1'
[2.799s] INFO:colcon.colcon_core.shell:Creating environment descriptor '/home/shay/a/ho225/ece569-fall2026/Lab2/ws2/src/install/rrbot_description/share/rrbot_description/hook/pythonpath.dsv'
[2.800s] INFO:colcon.colcon_core.shell:Creating environment hook '/home/shay/a/ho225/ece569-fall2026/Lab2/ws2/src/install/rrbot_description/share/rrbot_description/hook/pythonpath.sh'
[2.801s] Level 1:colcon.colcon_core.environment:checking '/home/shay/a/ho225/ece569-fall2026/Lab2/ws2/src/install/rrbot_description/bin'
[2.801s] Level 1:colcon.colcon_core.environment:create_environment_scripts_only(rrbot_description)
[2.801s] INFO:colcon.colcon_core.shell:Creating package script '/home/shay/a/ho225/ece569-fall2026/Lab2/ws2/src/install/rrbot_description/share/rrbot_description/package.ps1'
[2.802s] INFO:colcon.colcon_core.shell:Creating package descriptor '/home/shay/a/ho225/ece569-fall2026/Lab2/ws2/src/install/rrbot_description/share/rrbot_description/package.dsv'
[2.803s] INFO:colcon.colcon_core.shell:Creating package script '/home/shay/a/ho225/ece569-fall2026/Lab2/ws2/src/install/rrbot_description/share/rrbot_description/package.sh'
[2.804s] INFO:colcon.colcon_core.shell:Creating package script '/home/shay/a/ho225/ece569-fall2026/Lab2/ws2/src/install/rrbot_description/share/rrbot_description/package.bash'
[2.804s] INFO:colcon.colcon_core.shell:Creating package script '/home/shay/a/ho225/ece569-fall2026/Lab2/ws2/src/install/rrbot_description/share/rrbot_description/package.zsh'
[2.805s] Level 1:colcon.colcon_core.environment:create_file_with_runtime_dependencies(/home/shay/a/ho225/ece569-fall2026/Lab2/ws2/src/install/rrbot_description/share/colcon-core/packages/rrbot_description)
[2.806s] DEBUG:colcon.colcon_parallel_executor.executor.parallel:closing loop
[2.806s] DEBUG:colcon.colcon_parallel_executor.executor.parallel:loop closed
[2.806s] DEBUG:colcon.colcon_parallel_executor.executor.parallel:run_until_complete finished with '0'
[2.806s] DEBUG:colcon.colcon_core.event_reactor:joining thread
[2.813s] INFO:colcon.colcon_core.plugin_system:Skipping extension 'colcon_notification.desktop_notification.terminal_notifier': Not used on non-Darwin systems
[2.813s] INFO:colcon.colcon_core.plugin_system:Skipping extension 'colcon_notification.desktop_notification.win32': Not used on non-Windows systems
[2.813s] INFO:colcon.colcon_notification.desktop_notification:Sending desktop notification using 'notify2'
[2.820s] DEBUG:colcon.colcon_core.event_reactor:joined thread
[2.820s] INFO:colcon.colcon_core.shell:Creating prefix script '/home/shay/a/ho225/ece569-fall2026/Lab2/ws2/src/install/local_setup.ps1'
[2.822s] INFO:colcon.colcon_core.shell:Creating prefix util module '/home/shay/a/ho225/ece569-fall2026/Lab2/ws2/src/install/_local_setup_util_ps1.py'
[2.824s] INFO:colcon.colcon_core.shell:Creating prefix chain script '/home/shay/a/ho225/ece569-fall2026/Lab2/ws2/src/install/setup.ps1'
[2.826s] INFO:colcon.colcon_core.shell:Creating prefix script '/home/shay/a/ho225/ece569-fall2026/Lab2/ws2/src/install/local_setup.sh'
[2.827s] INFO:colcon.colcon_core.shell:Creating prefix util module '/home/shay/a/ho225/ece569-fall2026/Lab2/ws2/src/install/_local_setup_util_sh.py'
[2.828s] INFO:colcon.colcon_core.shell:Creating prefix chain script '/home/shay/a/ho225/ece569-fall2026/Lab2/ws2/src/install/setup.sh'
[2.829s] INFO:colcon.colcon_core.shell:Creating prefix script '/home/shay/a/ho225/ece569-fall2026/Lab2/ws2/src/install/local_setup.bash'
[2.830s] INFO:colcon.colcon_core.shell:Creating prefix chain script '/home/shay/a/ho225/ece569-fall2026/Lab2/ws2/src/install/setup.bash'
[2.832s] INFO:colcon.colcon_core.shell:Creating prefix script '/home/shay/a/ho225/ece569-fall2026/Lab2/ws2/src/install/local_setup.zsh'
[2.833s] INFO:colcon.colcon_core.shell:Creating prefix chain script '/home/shay/a/ho225/ece569-fall2026/Lab2/ws2/src/install/setup.zsh'
